Component: ARM Compiler 6.14 Tool: armlink [5db06800]

==============================================================================

Section Cross References

    main.o(.text) refers (Special) to _printf_d.o(.ARM.Collect$$_printf_percent$$00000009) for _printf_d
    main.o(.text) refers (Special) to _printf_dec.o(.text) for _printf_int_dec
    main.o(.text) refers (Special) to _printf_percent.o(.ARM.Collect$$_printf_percent$$00000000) for _printf_percent
    main.o(.text.main) refers (Special) to _printf_d.o(.ARM.Collect$$_printf_percent$$00000009) for _printf_d
    main.o(.text.main) refers (Special) to _printf_dec.o(.text) for _printf_int_dec
    main.o(.text.main) refers (Special) to _printf_percent.o(.ARM.Collect$$_printf_percent$$00000000) for _printf_percent
    main.o(.text.main) refers to main.o(.text.Task_Oled) for Task_Oled
    main.o(.text.main) refers to tasks.o(.text.xTaskCreate) for xTaskCreate
    main.o(.text.main) refers to main.o(.text.Task_NRF_Receiver) for Task_NRF_Receiver
    main.o(.text.main) refers to tasks.o(.text.vTaskStartScheduler) for vTaskStartScheduler
    main.o(.ARM.exidx.text.main) refers (Special) to _printf_d.o(.ARM.Collect$$_printf_percent$$00000009) for _printf_d
    main.o(.ARM.exidx.text.main) refers (Special) to _printf_dec.o(.text) for _printf_int_dec
    main.o(.ARM.exidx.text.main) refers (Special) to _printf_percent.o(.ARM.Collect$$_printf_percent$$00000000) for _printf_percent
    main.o(.ARM.exidx.text.main) refers to main.o(.text.main) for [Anonymous Symbol]
    main.o(.text.Task_Oled) refers (Special) to _printf_d.o(.ARM.Collect$$_printf_percent$$00000009) for _printf_d
    main.o(.text.Task_Oled) refers (Special) to _printf_dec.o(.text) for _printf_int_dec
    main.o(.text.Task_Oled) refers (Special) to _printf_percent.o(.ARM.Collect$$_printf_percent$$00000000) for _printf_percent
    main.o(.text.Task_Oled) refers to oled.o(.text.Oled_Init) for Oled_Init
    main.o(.text.Task_Oled) refers to main.o(.rodata.cst32) for .L__const.Task_Oled.str
    main.o(.text.Task_Oled) refers to oled_fonts.o(.rodata.Serif_plain_10) for Serif_plain_10
    main.o(.text.Task_Oled) refers to main.o(.bss.rgb_led) for rgb_led
    main.o(.text.Task_Oled) refers to oled.o(.text.Oled_Fill) for Oled_Fill
    main.o(.text.Task_Oled) refers to oled.o(.text.Oled_GetStringSize) for Oled_GetStringSize
    main.o(.text.Task_Oled) refers to oled.o(.text.Oled_FillRectangle) for Oled_FillRectangle
    main.o(.text.Task_Oled) refers to oled.o(.text.Oled_SetCursor) for Oled_SetCursor
    main.o(.text.Task_Oled) refers to oled.o(.text.Oled_WriteString) for Oled_WriteString
    main.o(.text.Task_Oled) refers to noretval__2snprintf.o(.text) for __2snprintf
    main.o(.text.Task_Oled) refers to oled.o(.text.Oled_UpdateScreen) for Oled_UpdateScreen
    main.o(.text.Task_Oled) refers to tasks.o(.text.vTaskDelay) for vTaskDelay
    main.o(.ARM.exidx.text.Task_Oled) refers (Special) to _printf_d.o(.ARM.Collect$$_printf_percent$$00000009) for _printf_d
    main.o(.ARM.exidx.text.Task_Oled) refers (Special) to _printf_dec.o(.text) for _printf_int_dec
    main.o(.ARM.exidx.text.Task_Oled) refers (Special) to _printf_percent.o(.ARM.Collect$$_printf_percent$$00000000) for _printf_percent
    main.o(.ARM.exidx.text.Task_Oled) refers to main.o(.text.Task_Oled) for [Anonymous Symbol]
    main.o(.text.Task_NRF_Receiver) refers (Special) to _printf_d.o(.ARM.Collect$$_printf_percent$$00000009) for _printf_d
    main.o(.text.Task_NRF_Receiver) refers (Special) to _printf_dec.o(.text) for _printf_int_dec
    main.o(.text.Task_NRF_Receiver) refers (Special) to _printf_percent.o(.ARM.Collect$$_printf_percent$$00000000) for _printf_percent
    main.o(.text.Task_NRF_Receiver) refers to main.o(.rodata.addr) for addr
    main.o(.text.Task_NRF_Receiver) refers to nrf24l01.o(.text.NRF_RX_Mode_Init) for NRF_RX_Mode_Init
    main.o(.text.Task_NRF_Receiver) refers to nrf24l01.o(.text.NRF_StartListening) for NRF_StartListening
    main.o(.text.Task_NRF_Receiver) refers to main.o(.bss.rgb_led) for rgb_led
    main.o(.text.Task_NRF_Receiver) refers to tasks.o(.text.vTaskDelay) for vTaskDelay
    main.o(.text.Task_NRF_Receiver) refers to nrf24l01.o(.text.NRF_DataReady) for NRF_DataReady
    main.o(.text.Task_NRF_Receiver) refers to nrf24l01.o(.text.NRF_ReadData) for NRF_ReadData
    main.o(.text.Task_NRF_Receiver) refers to rgb_led.o(.text.RGBLed_Show) for RGBLed_Show
    main.o(.ARM.exidx.text.Task_NRF_Receiver) refers (Special) to _printf_d.o(.ARM.Collect$$_printf_percent$$00000009) for _printf_d
    main.o(.ARM.exidx.text.Task_NRF_Receiver) refers (Special) to _printf_dec.o(.text) for _printf_int_dec
    main.o(.ARM.exidx.text.Task_NRF_Receiver) refers (Special) to _printf_percent.o(.ARM.Collect$$_printf_percent$$00000000) for _printf_percent
    main.o(.ARM.exidx.text.Task_NRF_Receiver) refers to main.o(.text.Task_NRF_Receiver) for [Anonymous Symbol]
[...]
    [Anonymous Symbol]                       0x08001b64   Section        0  tasks.o(.text.prvDeleteTCB)
    prvGetHighestPriorityOfWaitToReceiveList 0x08001b8d   Thumb Code    18  queue.o(.text.prvGetHighestPriorityOfWaitToReceiveList)
    [Anonymous Symbol]                       0x08001b8c   Section        0  queue.o(.text.prvGetHighestPriorityOfWaitToReceiveList)
    prvGetNextExpireTime                     0x08001ba1   Thumb Code    32  timers.o(.text.prvGetNextExpireTime)
    [Anonymous Symbol]                       0x08001ba0   Section        0  timers.o(.text.prvGetNextExpireTime)
    prvHeapInit                              0x08001bc1   Thumb Code   106  heap_4.o(.text.prvHeapInit)
    [Anonymous Symbol]                       0x08001bc0   Section        0  heap_4.o(.text.prvHeapInit)
    prvIdleTask                              0x08001c2d   Thumb Code    42  tasks.o(.text.prvIdleTask)
    [Anonymous Symbol]                       0x08001c2c   Section        0  tasks.o(.text.prvIdleTask)
    prvInitialiseMutex                       0x08001c59   Thumb Code    32  queue.o(.text.prvInitialiseMutex)
    [Anonymous Symbol]                       0x08001c58   Section        0  queue.o(.text.prvInitialiseMutex)
    prvInitialiseNewQueue                    0x08001c79   Thumb Code    32  queue.o(.text.prvInitialiseNewQueue)
    [Anonymous Symbol]                       0x08001c78   Section        0  queue.o(.text.prvInitialiseNewQueue)
    prvInitialiseNewTask                     0x08001c99   Thumb Code   140  tasks.o(.text.prvInitialiseNewTask)
    [Anonymous Symbol]                       0x08001c98   Section        0  tasks.o(.text.prvInitialiseNewTask)
    prvInitialiseTaskLists                   0x08001d25   Thumb Code   112  tasks.o(.text.prvInitialiseTaskLists)
    [Anonymous Symbol]                       0x08001d24   Section        0  tasks.o(.text.prvInitialiseTaskLists)
    prvInsertBlockIntoFreeList               0x08001d95   Thumb Code   120  heap_4.o(.text.prvInsertBlockIntoFreeList)
    [Anonymous Symbol]                       0x08001d94   Section        0  heap_4.o(.text.prvInsertBlockIntoFreeList)
    prvInsertTimerInActiveList               0x08001e0d   Thumb Code    64  timers.o(.text.prvInsertTimerInActiveList)
    [Anonymous Symbol]                       0x08001e0c   Section        0  timers.o(.text.prvInsertTimerInActiveList)
    prvIsQueueEmpty                          0x08001e4d   Thumb Code    24  queue.o(.text.prvIsQueueEmpty)
    [Anonymous Symbol]                       0x08001e4c   Section        0  queue.o(.text.prvIsQueueEmpty)
    prvIsQueueFull                           0x08001e65   Thumb Code    28  queue.o(.text.prvIsQueueFull)
    [Anonymous Symbol]                       0x08001e64   Section        0  queue.o(.text.prvIsQueueFull)
    prvPortStartFirstTask                    0x08001e81   Thumb Code    32  port.o(.text.prvPortStartFirstTask)
    [Anonymous Symbol]                       0x08001e80   Section        0  port.o(.text.prvPortStartFirstTask)
    prvProcessExpiredTimer                   0x08001ea1   Thumb Code    62  timers.o(.text.prvProcessExpiredTimer)
    [Anonymous Symbol]                       0x08001ea0   Section        0  timers.o(.text.prvProcessExpiredTimer)
    prvProcessReceivedCommands               0x08001ee1   Thumb Code   280  timers.o(.text.prvProcessReceivedCommands)
    [Anonymous Symbol]                       0x08001ee0   Section        0  timers.o(.text.prvProcessReceivedCommands)
    prvProcessTimerOrBlockTask               0x08001ff9   Thumb Code   128  timers.o(.text.prvProcessTimerOrBlockTask)
    [Anonymous Symbol]                       0x08001ff8   Section        0  timers.o(.text.prvProcessTimerOrBlockTask)
    prvReloadTimer                           0x08002079   Thumb Code    58  timers.o(.text.prvReloadTimer)
    [Anonymous Symbol]                       0x08002078   Section        0  timers.o(.text.prvReloadTimer)
    prvResetNextTaskUnblockTime              0x080020b5   Thumb Code    38  tasks.o(.text.prvResetNextTaskUnblockTime)
    [Anonymous Symbol]                       0x080020b4   Section        0  tasks.o(.text.prvResetNextTaskUnblockTime)
    prvSampleTimeNow                         0x080020dd   Thumb Code    42  timers.o(.text.prvSampleTimeNow)
    [Anonymous Symbol]                       0x080020dc   Section        0  timers.o(.text.prvSampleTimeNow)
    prvSwitchTimerLists                      0x08002109   Thumb Code    52  timers.o(.text.prvSwitchTimerLists)
    [Anonymous Symbol]                       0x08002108   Section        0  timers.o(.text.prvSwitchTimerLists)
    prvTaskExitError                         0x0800213d   Thumb Code    50  port.o(.text.prvTaskExitError)
    [Anonymous Symbol]                       0x0800213c   Section        0  port.o(.text.prvTaskExitError)
    prvTimerTask                             0x08002171   Thumb Code    22  timers.o(.text.prvTimerTask)
    [Anonymous Symbol]                       0x08002170   Section        0  timers.o(.text.prvTimerTask)
    prvUnlockQueue                           0x08002189   Thumb Code   114  queue.o(.text.prvUnlockQueue)
    [Anonymous Symbol]                       0x08002188   Section        0  queue.o(.text.prvUnlockQueue)
    [Anonymous Symbol]                       0x080021fc   Section        0  heap_4.o(.text.pvPortMalloc)
    [Anonymous Symbol]                       0x0800234c   Section        0  tasks.o(.text.pvTaskIncrementMutexHeldCount)
    [Anonymous Symbol]                       0x08002364   Section        0  port.o(.text.pxPortInitialiseStack)
    [Anonymous Symbol]                       0x08002384   Section        0  list.o(.text.uxListRemove)
    [Anonymous Symbol]                       0x080023ac   Section        0  tasks.o(.text.vApplicationGetIdleTaskMemory)
    [Anonymous Symbol]                       0x080023c8   Section        0  tasks.o(.text.vApplicationGetTimerTaskMemory)
    [Anonymous Symbol]                       0x080023e4   Section        0  cmsis_os2.o(.text.vApplicationStackOverflowHook)
    [Anonymous Symbol]                       0x080023e8   Section        0  list.o(.text.vListInitialise)
    [Anonymous Symbol]                       0x08002400   Section        0  list.o(.text.vListInitialiseItem)
    [Anonymous Symbol]                       0x08002408   Section        0  list.o(.text.vListInsert)
    [Anonymous Symbol]                       0x08002444   Section        0  port.o(.text.vPortEnterCritical)
    [Anonymous Symbol]                       0x0800247c   Section        0  port.o(.text.vPortExitCritical)
    [Anonymous Symbol]                       0x0800249c   Section        0  heap_4.o(.text.vPortFree)
    [Anonymous Symbol]                       0x0800251c   Section        0  port.o(.text.vPortSetupTimerInterrupt)
    [Anonymous Symbol]                       0x08002550   Section        0  queue.o(.text.vQueueDelete)
    [Anonymous Symbol]                       0x08002564   Section        0  queue.o(.text.vQueueWaitForMessageRestricted)
    [Anonymous Symbol]                       0x080025a8   Section        0  tasks.o(.text.vTaskDelay)
    [Anonymous Symbol]                       0x080025ec   Section        0  tasks.o(.text.vTaskInternalSetTimeOutState)
    [Anonymous Symbol]                       0x08002608   Section        0  tasks.o(.text.vTaskMissedYield)
    [Anonymous Symbol]                       0x08002618   Section        0  tasks.o(.text.vTaskPlaceOnEventList)
    [Anonymous Symbol]                       0x0800263c   Section        0  tasks.o(.text.vTaskPlaceOnEventListRestricted)
    [Anonymous Symbol]                       0x08002690   Section        0  tasks.o(.text.vTaskPriorityDisinheritAfterTimeout)
    [Anonymous Symbol]                       0x08002728   Section        0  tasks.o(.text.vTaskStartScheduler)
    [Anonymous Symbol]                       0x08002788   Section        0  tasks.o(.text.vTaskSuspendAll)
    __tagsym$$used.0                         0x08002798   Number         0  tasks.o(.text.vTaskSwitchContext)
    [Anonymous Symbol]                       0x08002798   Section        0  tasks.o(.text.vTaskSwitchContext)
    [Anonymous Symbol]                       0x08002868   Section        0  port.o(.text.xPortStartScheduler)
    [Anonymous Symbol]                       0x08002954   Section        0  port.o(.text.xPortSysTickHandler)
    [Anonymous Symbol]                       0x08002984   Section        0  queue.o(.text.xQueueCreateMutex)
    [Anonymous Symbol]                       0x0800299c   Section        0  queue.o(.text.xQueueCreateMutexStatic)
    [Anonymous Symbol]                       0x080029c0   Section        0  queue.o(.text.xQueueGenericCreate)
    [Anonymous Symbol]                       0x08002a10   Section        0  queue.o(.text.xQueueGenericCreateStatic)
    [Anonymous Symbol]                       0x08002a5c   Section        0  queue.o(.text.xQueueGenericReset)
    [Anonymous Symbol]                       0x08002af8   Section        0  queue.o(.text.xQueueGenericSend)
    [Anonymous Symbol]                       0x08002c60   Section        0  queue.o(.text.xQueueReceive)
    [Anonymous Symbol]                       0x08002da8   Section        0  queue.o(.text.xQueueSemaphoreTake)
    [Anonymous Symbol]                       0x08002f24   Section        0  tasks.o(.text.xTaskCheckForTimeOut)
    [Anonymous Symbol]                       0x08002fb0   Section        0  tasks.o(.text.xTaskCreate)
    [Anonymous Symbol]                       0x08002fd4   Section        0  tasks.o(.text.xTaskCreateStatic)
    [Anonymous Symbol]                       0x08003000   Section        0  tasks.o(.text.xTaskGetSchedulerState)
    [Anonymous Symbol]                       0x08003028   Section        0  tasks.o(.text.xTaskGetTickCount)
    [Anonymous Symbol]                       0x08003034   Section        0  tasks.o(.text.xTaskIncrementTick)
    [Anonymous Symbol]                       0x080031d0   Section        0  tasks.o(.text.xTaskPriorityDisinherit)
    [Anonymous Symbol]                       0x08003258   Section        0  tasks.o(.text.xTaskPriorityInherit)
    [Anonymous Symbol]                       0x08003300   Section        0  tasks.o(.text.xTaskRemoveFromEventList)
    [Anonymous Symbol]                       0x080033e4   Section        0  tasks.o(.text.xTaskResumeAll)
    [Anonymous Symbol]                       0x08003548   Section        0  timers.o(.text.xTimerCreateTimerTask)
    ADCPrescTable                            0x080035b8   Data           4  stm32f10x_rcc.o(.rodata.ADCPrescTable)
    [Anonymous Symbol]                       0x080035b8   Section        0  stm32f10x_rcc.o(.rodata.ADCPrescTable)
    APBAHBPrescTable                         0x080035bc   Data          16  stm32f10x_rcc.o(.rodata.APBAHBPrescTable)
    [Anonymous Symbol]                       0x080035bc   Section        0  stm32f10x_rcc.o(.rodata.APBAHBPrescTable)
    .L__const.Task_Oled.str                  0x08003ac8   Data          32  main.o(.rodata.cst32)
    uxTopUsedPriority                        0x08003ae8   Data           4  tasks.o(.rodata.uxTopUsedPriority)
    [Anonymous Symbol]                       0x08003ae8   Section        0  tasks.o(.rodata.uxTopUsedPriority)
    uxCriticalNesting                        0x20000004   Data           4  port.o(.data.uxCriticalNesting)
    [Anonymous Symbol]                       0x20000004   Section        0  port.o(.data.uxCriticalNesting)
    .bss                                     0x20000008   Section       96  libspace.o(.bss)
    Oled.0                                   0x2000006c   Data           2  oled.o(.bss.Oled.0)
    [Anonymous Symbol]                       0x2000006c   Section        0  oled.o(.bss.Oled.0)
    Oled.1                                   0x2000006e   Data           2  oled.o(.bss.Oled.1)
    [Anonymous Symbol]                       0x2000006e   Section        0  oled.o(.bss.Oled.1)
    clib_mutex_cb                            0x20000070   Data         400  clib_os.o(.bss.clib_mutex_cb)
    [Anonymous Symbol]                       0x20000070   Section        0  clib_os.o(.bss.clib_mutex_cb)
    clib_mutex_id                            0x20000200   Data          20  clib_os.o(.bss.clib_mutex_id)
    [Anonymous Symbol]                       0x20000200   Section        0  clib_os.o(.bss.clib_mutex_id)
    oled_buffer                              0x20000214   Data        1024  oled.o(.bss.oled_buffer)
    [Anonymous Symbol]                       0x20000214   Section        0  oled.o(.bss.oled_buffer)
    prvCheckForValidListAndQueue.ucStaticTimerQueueStorage 0x20000614   Data          80  timers.o(.bss.prvCheckForValidListAndQueue.ucStaticTimerQueueStorage)
    [Anonymous Symbol]                       0x20000614   Section        0  timers.o(.bss.prvCheckForValidListAndQueue.ucStaticTimerQueueStorage)
    prvCheckForValidListAndQueue.xStaticTimerQueue 0x20000664   Data          80  timers.o(.bss.prvCheckForValidListAndQueue.xStaticTimerQueue)
    [Anonymous Symbol]                       0x20000664   Section        0  timers.o(.bss.prvCheckForValidListAndQueue.xStaticTimerQueue)
    prvSampleTimeNow.xLastTime               0x200006b4   Data           4  timers.o(.bss.prvSampleTimeNow.xLastTime)
    [Anonymous Symbol]                       0x200006b4   Section        0  timers.o(.bss.prvSampleTimeNow.xLastTime)
    __tagsym$$used.1                         0x200006b8   Number         0  tasks.o(.bss.pxCurrentTCB)
    pxCurrentTimerList                       0x200006bc   Data           4  timers.o(.bss.pxCurrentTimerList)
    [Anonymous Symbol]                       0x200006bc   Section        0  timers.o(.bss.pxCurrentTimerList)
    pxDelayedTaskList                        0x200006c0   Data           4  tasks.o(.bss.pxDelayedTaskList)
    [Anonymous Symbol]                       0x200006c0   Section        0  tasks.o(.bss.pxDelayedTaskList)
    pxEnd                                    0x200006c4   Data           4  heap_4.o(.bss.pxEnd)
    [Anonymous Symbol]                       0x200006c4   Section        0  heap_4.o(.bss.pxEnd)
    pxOverflowDelayedTaskList                0x200006c8   Data           4  tasks.o(.bss.pxOverflowDelayedTaskList)
    [Anonymous Symbol]                       0x200006c8   Section        0  tasks.o(.bss.pxOverflowDelayedTaskList)
    pxOverflowTimerList                      0x200006cc   Data           4  timers.o(.bss.pxOverflowTimerList)
    [Anonymous Symbol]                       0x200006cc   Section        0  timers.o(.bss.pxOverflowTimerList)
    pxReadyTasksLists                        0x200006d0   Data        1120  tasks.o(.bss.pxReadyTasksLists)
    [Anonymous Symbol]                       0x200006d0   Section        0  tasks.o(.bss.pxReadyTasksLists)
    ucHeap                                   0x20000b36   Data        8192  heap_4.o(.bss.ucHeap)
    [Anonymous Symbol]                       0x20000b36   Section        0  heap_4.o(.bss.ucHeap)
    ucMaxSysCallPriority                     0x20002b36   Data           1  port.o(.bss.ucMaxSysCallPriority)
    [Anonymous Symbol]                       0x20002b36   Section        0  port.o(.bss.ucMaxSysCallPriority)
    ulMaxPRIGROUPValue                       0x20002b38   Data           4  port.o(.bss.ulMaxPRIGROUPValue)
    [Anonymous Symbol]                       0x20002b38   Section        0  port.o(.bss.ulMaxPRIGROUPValue)
    uxCurrentNumberOfTasks                   0x20002b3c   Data           4  tasks.o(.bss.uxCurrentNumberOfTasks)
    [Anonymous Symbol]                       0x20002b3c   Section        0  tasks.o(.bss.uxCurrentNumberOfTasks)
    uxDeletedTasksWaitingCleanUp             0x20002b40   Data           4  tasks.o(.bss.uxDeletedTasksWaitingCleanUp)
    [Anonymous Symbol]                       0x20002b40   Section        0  tasks.o(.bss.uxDeletedTasksWaitingCleanUp)
    uxSchedulerSuspended                     0x20002b44   Data           4  tasks.o(.bss.uxSchedulerSuspended)
    [Anonymous Symbol]                       0x20002b44   Section        0  tasks.o(.bss.uxSchedulerSuspended)
    uxTaskNumber                             0x20002b48   Data           4  tasks.o(.bss.uxTaskNumber)
    [Anonymous Symbol]                       0x20002b48   Section        0  tasks.o(.bss.uxTaskNumber)
    uxTopReadyPriority                       0x20002b4c   Data           4  tasks.o(.bss.uxTopReadyPriority)
    [Anonymous Symbol]                       0x20002b4c   Section        0  tasks.o(.bss.uxTopReadyPriority)
    vApplicationGetIdleTaskMemory.uxIdleTaskStack 0x20002b50   Data         512  tasks.o(.bss.vApplicationGetIdleTaskMemory.uxIdleTaskStack)
    [Anonymous Symbol]                       0x20002b50   Section        0  tasks.o(.bss.vApplicationGetIdleTaskMemory.uxIdleTaskStack)
    vApplicationGetIdleTaskMemory.xIdleTaskTCB 0x20002d50   Data          92  tasks.o(.bss.vApplicationGetIdleTaskMemory.xIdleTaskTCB)
    [Anonymous Symbol]                       0x20002d50   Section        0  tasks.o(.bss.vApplicationGetIdleTaskMemory.xIdleTaskTCB)
    vApplicationGetTimerTaskMemory.uxTimerTaskStack 0x20002dac   Data         512  tasks.o(.bss.vApplicationGetTimerTaskMemory.uxTimerTaskStack)
    [Anonymous Symbol]                       0x20002dac   Section        0  tasks.o(.bss.vApplicationGetTimerTaskMemory.uxTimerTaskStack)
    vApplicationGetTimerTaskMemory.xTimerTaskTCB 0x20002fac   Data          92  tasks.o(.bss.vApplicationGetTimerTaskMemory.xTimerTaskTCB)
    [Anonymous Symbol]                       0x20002fac   Section        0  tasks.o(.bss.vApplicationGetTimerTaskMemory.xTimerTaskTCB)
    xActiveTimerList1                        0x20003008   Data          20  timers.o(.bss.xActiveTimerList1)
    [Anonymous Symbol]                       0x20003008   Section        0  timers.o(.bss.xActiveTimerList1)
    xActiveTimerList2                        0x2000301c   Data          20  timers.o(.bss.xActiveTimerList2)
    [Anonymous Symbol]                       0x2000301c   Section        0  timers.o(.bss.xActiveTimerList2)
    xDelayedTaskList1                        0x20003030   Data          20  tasks.o(.bss.xDelayedTaskList1)
    [Anonymous Symbol]                       0x20003030   Section        0  tasks.o(.bss.xDelayedTaskList1)
    xDelayedTaskList2                        0x20003044   Data          20  tasks.o(.bss.xDelayedTaskList2)
    [Anonymous Symbol]                       0x20003044   Section        0  tasks.o(.bss.xDelayedTaskList2)
    xFreeBytesRemaining                      0x20003058   Data           4  heap_4.o(.bss.xFreeBytesRemaining)
    [Anonymous Symbol]                       0x20003058   Section        0  heap_4.o(.bss.xFreeBytesRemaining)
    xIdleTaskHandles.0                       0x2000305c   Data           4  tasks.o(.bss.xIdleTaskHandles.0)
    [Anonymous Symbol]                       0x2000305c   Section        0  tasks.o(.bss.xIdleTaskHandles.0)
    xMinimumEverFreeBytesRemaining           0x20003060   Data           4  heap_4.o(.bss.xMinimumEverFreeBytesRemaining)
    [Anonymous Symbol]                       0x20003060   Section        0  heap_4.o(.bss.xMinimumEverFreeBytesRemaining)
    xNextTaskUnblockTime                     0x20003064   Data           4  tasks.o(.bss.xNextTaskUnblockTime)
    [Anonymous Symbol]                       0x20003064   Section        0  tasks.o(.bss.xNextTaskUnblockTime)
    xNumOfOverflows                          0x20003068   Data           4  tasks.o(.bss.xNumOfOverflows)
    [Anonymous Symbol]                       0x20003068   Section        0  tasks.o(.bss.xNumOfOverflows)
    xNumberOfSuccessfulAllocations           0x2000306c   Data           4  heap_4.o(.bss.xNumberOfSuccessfulAllocations)
    [Anonymous Symbol]                       0x2000306c   Section        0  heap_4.o(.bss.xNumberOfSuccessfulAllocations)
    xNumberOfSuccessfulFrees                 0x20003070   Data           4  heap_4.o(.bss.xNumberOfSuccessfulFrees)
    [Anonymous Symbol]                       0x20003070   Section        0  heap_4.o(.bss.xNumberOfSuccessfulFrees)
    xPendedTicks                             0x20003074   Data           4  tasks.o(.bss.xPendedTicks)
    [Anonymous Symbol]                       0x20003074   Section        0  tasks.o(.bss.xPendedTicks)
    xPendingReadyList                        0x20003078   Data          20  tasks.o(.bss.xPendingReadyList)
    [Anonymous Symbol]                       0x20003078   Section        0  tasks.o(.bss.xPendingReadyList)
    xSchedulerRunning                        0x2000308c   Data           4  tasks.o(.bss.xSchedulerRunning)
    [Anonymous Symbol]                       0x2000308c   Section        0  tasks.o(.bss.xSchedulerRunning)
    xStart                                   0x20003090   Data           8  heap_4.o(.bss.xStart)
    [Anonymous Symbol]                       0x20003090   Section        0  heap_4.o(.bss.xStart)
    xSuspendedTaskList                       0x20003098   Data          20  tasks.o(.bss.xSuspendedTaskList)
    [Anonymous Symbol]                       0x20003098   Section        0  tasks.o(.bss.xSuspendedTaskList)
    xTasksWaitingTermination                 0x200030ac   Data          20  tasks.o(.bss.xTasksWaitingTermination)
    [Anonymous Symbol]                       0x200030ac   Section        0  tasks.o(.bss.xTasksWaitingTermination)
    xTickCount                               0x200030c0   Data           4  tasks.o(.bss.xTickCount)
    [Anonymous Symbol]                       0x200030c0   Section        0  tasks.o(.bss.xTickCount)
    xTimerQueue                              0x200030c4   Data           4  timers.o(.bss.xTimerQueue)
    [Anonymous Symbol]                       0x200030c4   Section        0  timers.o(.bss.xTimerQueue)
    xTimerTaskHandle                         0x200030c8   Data           4  timers.o(.bss.xTimerTaskHandle)
    [Anonymous Symbol]                       0x200030c8   Section        0  timers.o(.bss.xTimerTaskHandle)
    xYieldPendings                           0x200030cc   Data           4  tasks.o(.bss.xYieldPendings)
    [Anonymous Symbol]                       0x200030cc   Section        0  tasks.o(.bss.xYieldPendings)
    Heap_Mem                                 0x200030d0   Data         512  startup_stm32f10x_md.o(HEAP)
    HEAP                                     0x200030d0   Section      512  startup_stm32f10x_md.o(HEAP)
    Stack_Mem                                0x200032d0   Data        1024  startup_stm32f10x_md.o(STACK)
    STACK                                    0x200032d0   Section     1024  startup_stm32f10x_md.o(STACK)
    __initial_sp                             0x200036d0   Data           0  startup_stm32f10x_md.o(STACK)

    Global Symbols

    Symbol Name                              Value     Ov Type        Size  Object(Section)

    BuildAttributes$$THM_ISAv4$P$D$K$B$S$PE$A:L22UL41UL21$X:L11$S22US41US21$IEEE1$IW$~IW$USESV6$~STKCKD$USESV7$~SHL$OTIME$ROPI$EBA8$UX$STANDARDLIB$REQ8$PRES8$EABIv2 0x00000000   Number         0  anon$$obj.o ABSOLUTE
    __fp_init_empty                          0x00000000   Number         0  fpinit_empty.o ABSOLUTE
    __ARM_exceptions_init                     - Undefined Weak Reference
    __alloca_initialize                       - Undefined Weak Reference
    __arm_preinit_                            - Undefined Weak Reference
    __cpp_initialize__aeabi_                  - Undefined Weak Reference
    __cxa_finalize                            - Undefined Weak Reference
    __rt_locale                               - Undefined Weak Reference
    __sigvec_lookup                           - Undefined Weak Reference
    _atexit_init                              - Undefined Weak Reference
    _call_atexit_fns                          - Undefined Weak Reference
    _clock_init                               - Undefined Weak Reference
    _fp_trap_init                             - Undefined Weak Reference
    _fp_trap_shutdown                         - Undefined Weak Reference
    _get_lc_collate                           - Undefined Weak Reference
    _get_lc_ctype                             - Undefined Weak Reference
    _get_lc_monetary                          - Undefined Weak Reference
    _get_lc_numeric                           - Undefined Weak Reference
    _get_lc_time                              - Undefined Weak Reference
    _getenv_init                              - Undefined Weak Reference
    _handle_redirection                       - Undefined Weak Reference
    _init_alloc                               - Undefined Weak Reference
    _init_user_alloc                          - Undefined Weak Reference
    _initio                                   - Undefined Weak Reference
    _printf_post_padding                      - Undefined Weak Reference
    _printf_pre_padding                       - Undefined Weak Reference
    _printf_truncate_signed                   - Undefined Weak Reference
    _printf_truncate_unsigned                 - Undefined Weak Reference
    _rand_init                                - Undefined Weak Reference
    _signal_finish                            - Undefined Weak Reference
    _signal_init                              - Undefined Weak Reference
    _terminate_alloc                          - Undefined Weak Reference
    _terminate_user_alloc                     - Undefined Weak Reference
    _terminateio                              - Undefined Weak Reference
    __Vectors_Size                           0x000000ec   Number         0  startup_stm32f10x_md.o ABSOLUTE
    __Vectors                                0x08000000   Data           4  startup_stm32f10x_md.o(RESET)
    __Vectors_End                            0x080000ec   Data           0  startup_stm32f10x_md.o(RESET)
    __main                                   0x080000ed   Thumb Code     8  __main.o(!!!main)
    __scatterload                            0x080000f5   Thumb Code     0  __scatter.o(!!!scatter)
    __scatterload_rt2                        0x080000f5   Thumb Code    44  __scatter.o(!!!scatter)
    __scatterload_rt2_thumb_only             0x080000f5   Thumb Code     0  __scatter.o(!!!scatter)
    __scatterload_null                       0x08000103   Thumb Code     0  __scatter.o(!!!scatter)
    __scatterload_copy                       0x08000129   Thumb Code    26  __scatter_copy.o(!!handler_copy)
    __scatterload_zeroinit                   0x08000145   Thumb Code    28  __scatter_zi.o(!!handler_zi)
    _printf_d                                0x08000161   Thumb Code     0  _printf_d.o(.ARM.Collect$$_printf_percent$$00000009)
    _printf_percent                          0x08000161   Thumb Code     0  _printf_percent.o(.ARM.Collect$$_printf_percent$$00000000)
    _printf_percent_end                      0x08000167   Thumb Code     0  _printf_percent_end.o(.ARM.Collect$$_printf_percent$$00000017)
    __rt_lib_init                            0x0800016b   Thumb Code     0  libinit.o(.ARM.Collect$$libinit$$00000000)
    __rt_lib_init_alloca_1                   0x0800016d   Thumb Code     0  libinit2.o(.ARM.Collect$$libinit$$0000002E)
    __rt_lib_init_argv_1                     0x0800016d   Thumb Code     0  libinit2.o(.ARM.Collect$$libinit$$0000002C)
    __rt_lib_init_atexit_1                   0x0800016d   Thumb Code     0  libinit2.o(.ARM.Collect$$libinit$$0000001B)
    __rt_lib_init_clock_1                    0x0800016d   Thumb Code     0  libinit2.o(.ARM.Collect$$libinit$$00000021)
    __rt_lib_init_cpp_1                      0x0800016d   Thumb Code     0  libinit2.o(.ARM.Collect$$libinit$$00000032)
    __rt_lib_init_exceptions_1               0x0800016d   Thumb Code     0  libinit2.o(.ARM.Collect$$libinit$$00000030)
    __rt_lib_init_fp_1                       0x0800016d   Thumb Code     0  libinit2.o(.ARM.Collect$$libinit$$00000002)
    __rt_lib_init_fp_trap_1                  0x0800016d   Thumb Code     0  libinit2.o(.ARM.Collect$$libinit$$0000001F)
    __rt_lib_init_getenv_1                   0x0800016d   Thumb Code     0  libinit2.o(.ARM.Collect$$libinit$$00000023)
    __rt_lib_init_heap_1                     0x0800016d   Thumb Code     0  libinit2.o(.ARM.Collect$$libinit$$0000000A)
    __rt_lib_init_lc_collate_1               0x0800016d   Thumb Code     0  libinit2.o(.ARM.Collect$$libinit$$00000011)
    __rt_lib_init_lc_ctype_1                 0x0800016d   Thumb Code     0  libinit2.o(.ARM.Collect$$libinit$$00000013)
    __rt_lib_init_lc_monetary_1              0x0800016d   Thumb Code     0  libinit2.o(.ARM.Collect$$libinit$$00000015)
    __rt_lib_init_lc_numeric_1               0x0800016d   Thumb Code     0  libinit2.o(.ARM.Collect$$libinit$$00000017)
    __rt_lib_init_lc_time_1                  0x0800016d   Thumb Code     0  libinit2.o(.ARM.Collect$$libinit$$00000019)
    __rt_lib_init_preinit_1                  0x0800016d   Thumb Code     0  libinit2.o(.ARM.Collect$$libinit$$00000004)
    __rt_lib_init_rand_1                     0x0800016d   Thumb Code     0  libinit2.o(.ARM.Collect$$libinit$$0000000E)
    __rt_lib_init_return                     0x0800016d   Thumb Code     0  libinit2.o(.ARM.Collect$$libinit$$00000033)
    __rt_lib_init_signal_1                   0x0800016d   Thumb Code     0  libinit2.o(.ARM.Collect$$libinit$$0000001D)
    __rt_lib_init_stdio_1                    0x0800016d   Thumb Code     0  libinit2.o(.ARM.Collect$$libinit$$00000025)
    __rt_lib_init_user_alloc_1               0x0800016d   Thumb Code     0  libinit2.o(.ARM.Collect$$libinit$$0000000C)
    __rt_lib_shutdown                        0x0800016f   Thumb Code     0  libshutdown.o(.ARM.Collect$$libshutdown$$00000000)
    __rt_lib_shutdown_cpp_1                  0x08000171   Thumb Code     0  libshutdown2.o(.ARM.Collect$$libshutdown$$00000002)
    __rt_lib_shutdown_fp_trap_1              0x08000171   Thumb Code     0  libshutdown2.o(.ARM.Collect$$libshutdown$$00000007)
    __rt_lib_shutdown_heap_1                 0x08000171   Thumb Code     0  libshutdown2.o(.ARM.Collect$$libshutdown$$0000000F)
    __rt_lib_shutdown_return                 0x08000171   Thumb Code     0  libshutdown2.o(.ARM.Collect$$libshutdown$$00000010)
    __rt_lib_shutdown_signal_1               0x08000171   Thumb Code     0  libshutdown2.o(.ARM.Collect$$libshutdown$$0000000A)
    __rt_lib_shutdown_stdio_1                0x08000171   Thumb Code     0  libshutdown2.o(.ARM.Collect$$libshutdown$$00000004)
    __rt_lib_shutdown_user_alloc_1           0x08000171   Thumb Code     0  libshutdown2.o(.ARM.Collect$$libshutdown$$0000000C)
    __rt_entry                               0x08000173   Thumb Code     0  __rtentry.o(.ARM.Collect$$rtentry$$00000000)
    __rt_entry_presh_1                       0x08000173   Thumb Code     0  __rtentry2.o(.ARM.Collect$$rtentry$$00000002)
    __rt_entry_sh                            0x08000173   Thumb Code     0  __rtentry4.o(.ARM.Collect$$rtentry$$00000004)
    __rt_entry_postsh_1                      0x08000179   Thumb Code     0  __rtentry2.o(.ARM.Collect$$rtentry$$00000008)
    __rt_entry_li                            0x08000181   Thumb Code     0  __rtentry2.o(.ARM.Collect$$rtentry$$0000000A)
    __rt_entry_main                          0x08000185   Thumb Code     0  __rtentry2.o(.ARM.Collect$$rtentry$$0000000D)
    __rt_entry_postli_1                      0x08000185   Thumb Code     0  __rtentry2.o(.ARM.Collect$$rtentry$$0000000C)
    __rt_exit                                0x0800018d   Thumb Code     0  rtexit.o(.ARM.Collect$$rtexit$$00000000)
    __rt_exit_ls                             0x0800018f   Thumb Code     0  rtexit2.o(.ARM.Collect$$rtexit$$00000003)
    __rt_exit_prels_1                        0x0800018f   Thumb Code     0  rtexit2.o(.ARM.Collect$$rtexit$$00000002)
    __rt_exit_exit                           0x08000193   Thumb Code     0  rtexit2.o(.ARM.Collect$$rtexit$$00000004)
    Reset_Handler                            0x08000199   Thumb Code     8  startup_stm32f10x_md.o(.text)
    NMI_Handler                              0x080001a1   Thumb Code     2  startup_stm32f10x_md.o(.text)
    HardFault_Handler                        0x080001a3   Thumb Code     2  startup_stm32f10x_md.o(.text)
    MemManage_Handler                        0x080001a5   Thumb Code     2  startup_stm32f10x_md.o(.text)
    BusFault_Handler                         0x080001a7   Thumb Code     2  startup_stm32f10x_md.o(.text)
    UsageFault_Handler                       0x080001a9   Thumb Code     2  startup_stm32f10x_md.o(.text)
    DebugMon_Handler                         0x080001ad   Thumb Code     2  startup_stm32f10x_md.o(.text)
    ADC1_2_IRQHandler                        0x080001b3   Thumb Code     0  startup_stm32f10x_md.o(.text)
    CAN1_RX1_IRQHandler                      0x080001b3   Thumb Code     0  startup_stm32f10x_md.o(.text)
    CAN1_SCE_IRQHandler                      0x080001b3   Thumb Code     0  startup_stm32f10x_md.o(.text)
    DMA1_Channel1_IRQHandler                 0x080001b3   Thumb Code     0  startup_stm32f10x_md.o(.text)
    DMA1_Channel2_IRQHandler                 0x080001b3   Thumb Code     0  startup_stm32f10x_md.o(.text)
    DMA1_Channel3_IRQHandler                 0x080001b3   Thumb Code     0  startup_stm32f10x_md.o(.text)
    DMA1_Channel4_IRQHandler                 0x080001b3   Thumb Code     0  startup_stm32f10x_md.o(.text)
    DMA1_Channel5_IRQHandler                 0x080001b3   Thumb Code     0  startup_stm32f10x_md.o(.text)
    DMA1_Channel6_IRQHandler                 0x080001b3   Thumb Code     0  startup_stm32f10x_md.o(.text)
    DMA1_Channel7_IRQHandler                 0x080001b3   Thumb Code     0  startup_stm32f10x_md.o(.text)
    EXTI0_IRQHandler                         0x080001b3   Thumb Code     0  startup_stm32f10x_md.o(.text)
    EXTI15_10_IRQHandler                     0x080001b3   Thumb Code     0  startup_stm32f10x_md.o(.text)
    EXTI1_IRQHandler                         0x080001b3   Thumb Code     0  startup_stm32f10x_md.o(.text)
    EXTI2_IRQHandler                         0x080001b3   Thumb Code     0  startup_stm32f10x_md.o(.text)
    EXTI3_IRQHandler                         0x080001b3   Thumb Code     0  startup_stm32f10x_md.o(.text)
    EXTI4_IRQHandler                         0x080001b3   Thumb Code     0  startup_stm32f10x_md.o(.text)
    EXTI9_5_IRQHandler                       0x080001b3   Thumb Code     0  startup_stm32f10x_md.o(.text)
    FLASH_IRQHandler                         0x080001b3   Thumb Code     0  startup_stm32f10x_md.o(.text)
    I2C1_ER_IRQHandler                       0x080001b3   Thumb Code     0  startup_stm32f10x_md.o(.text)
    I2C1_EV_IRQHandler                       0x080001b3   Thumb Code     0  startup_stm32f10x_md.o(.text)
    I2C2_ER_IRQHandler                       0x080001b3   Thumb Code     0  startup_stm32f10x_md.o(.text)
    I2C2_EV_IRQHandler                       0x080001b3   Thumb Code     0  startup_stm32f10x_md.o(.text)
    PVD_IRQHandler                           0x080001b3   Thumb Code     0  startup_stm32f10x_md.o(.text)
    RCC_IRQHandler                           0x080001b3   Thumb Code     0  startup_stm32f10x_md.o(.text)
    RTCAlarm_IRQHandler                      0x080001b3   Thumb Code     0  startup_stm32f10x_md.o(.text)
    RTC_IRQHandler                           0x080001b3   Thumb Code     0  startup_stm32f10x_md.o(.text)
    SPI1_IRQHandler                          0x080001b3   Thumb Code     0  startup_stm32f10x_md.o(.text)
    SPI2_IRQHandler                          0x080001b3   Thumb Code     0  startup_stm32f10x_md.o(.text)
    TAMPER_IRQHandler                        0x080001b3   Thumb Code     0  startup_stm32f10x_md.o(.text)
    TIM1_BRK_IRQHandler                      0x080001b3   Thumb Code     0  startup_stm32f10x_md.o(.text)
    TIM1_CC_IRQHandler                       0x080001b3   Thumb Code     0  startup_stm32f10x_md.o(.text)
    TIM1_TRG_COM_IRQHandler                  0x080001b3   Thumb Code     0  startup_stm32f10x_md.o(.text)
    TIM1_UP_IRQHandler                       0x080001b3   Thumb Code     0  startup_stm32f10x_md.o(.text)
    TIM2_IRQHandler                          0x080001b3   Thumb Code     0  startup_stm32f10x_md.o(.text)
    TIM3_IRQHandler                          0x080001b3   Thumb Code     0  startup_stm32f10x_md.o(.text)
    TIM4_IRQHandler                          0x080001b3   Thumb Code     0  startup_stm32f10x_md.o(.text)
    USART1_IRQHandler                        0x080001b3   Thumb Code     0  startup_stm32f10x_md.o(.text)
    USART2_IRQHandler                        0x080001b3   Thumb Code     0  startup_stm32f10x_md.o(.text)
    USART3_IRQHandler                        0x080001b3   Thumb Code     0  startup_stm32f10x_md.o(.text)
    USBWakeUp_IRQHandler                     0x080001b3   Thumb Code     0  startup_stm32f10x_md.o(.text)
    USB_HP_CAN1_TX_IRQHandler                0x080001b3   Thumb Code     0  startup_stm32f10x_md.o(.text)
    USB_LP_CAN1_RX0_IRQHandler               0x080001b3   Thumb Code     0  startup_stm32f10x_md.o(.text)
    WWDG_IRQHandler                          0x080001b3   Thumb Code     0  startup_stm32f10x_md.o(.text)
    __user_initial_stackheap                 0x080001b5   Thumb Code     0  startup_stm32f10x_md.o(.text)
    __2snprintf                              0x080001d9   Thumb Code    48  noretval__2snprintf.o(.text)
    __printf                                 0x0800020d   Thumb Code   104  __printf.o(.text)
    _printf_int_dec                          0x08000275   Thumb Code   104  _printf_dec.o(.text)
    __aeabi_memcpy                           0x080002ed   Thumb Code     0  rt_memcpy_v6.o(.text)
    __rt_memcpy                              0x080002ed   Thumb Code   138  rt_memcpy_v6.o(.text)
    _memcpy_lastbytes                        0x08000353   Thumb Code     0  rt_memcpy_v6.o(.text)
    __aeabi_memset4                          0x08000377   Thumb Code    16  aeabi_memset4.o(.text)
    __aeabi_memset8                          0x08000377   Thumb Code     0  aeabi_memset4.o(.text)
    __aeabi_memclr                           0x08000387   Thumb Code     0  rt_memclr.o(.text)
    __rt_memclr                              0x08000387   Thumb Code    68  rt_memclr.o(.text)
    _memset                                  0x0800038b   Thumb Code     0  rt_memclr.o(.text)
    __use_two_region_memory                  0x080003cb   Thumb Code     2  heapauxi.o(.text)
    __rt_heap_escrow$2region                 0x080003cd   Thumb Code     2  heapauxi.o(.text)
    __rt_heap_expand$2region                 0x080003cf   Thumb Code     2  heapauxi.o(.text)
    _printf_int_common                       0x080003d1   Thumb Code   178  _printf_intcommon.o(.text)
    _printf_char_common                      0x0800048f   Thumb Code    32  _printf_char_common.o(.text)
    _sputc                                   0x080004b5   Thumb Code    10  _sputc.o(.text)
    _snputc                                  0x080004bf   Thumb Code    16  _snputc.o(.text)
    __aeabi_memcpy4                          0x080004cf   Thumb Code     0  rt_memcpy_w.o(.text)
    __aeabi_memcpy8                          0x080004cf   Thumb Code     0  rt_memcpy_w.o(.text)
    __rt_memcpy_w                            0x080004cf   Thumb Code   100  rt_memcpy_w.o(.text)
    _memcpy_lastbytes_aligned                0x08000517   Thumb Code     0  rt_memcpy_w.o(.text)
    __aeabi_memclr4                          0x08000533   Thumb Code     0  rt_memclr_w.o(.text)
    __aeabi_memclr8                          0x08000533   Thumb Code     0  rt_memclr_w.o(.text)
    __rt_memclr_w                            0x08000533   Thumb Code    78  rt_memclr_w.o(.text)
    _memset_w                                0x08000537   Thumb Code     0  rt_memclr_w.o(.text)
    __user_setup_stackheap                   0x08000581   Thumb Code    74  sys_stackheap_outer.o(.text)
    exit                                     0x080005cb   Thumb Code    18  exit.o(.text)
    __user_libspace                          0x080005dd   Thumb Code     8  libspace.o(.text)
    __user_perproc_libspace                  0x080005dd   Thumb Code     0  libspace.o(.text)
    _sys_exit                                0x080005e5   Thumb Code     8  sys_exit.o(.text)
    __I$use$semihosting                      0x080005f1   Thumb Code     0  use_no_semi.o(.text)
    __use_no_semihosting_swi                 0x080005f1   Thumb Code     2  use_no_semi.o(.text)
    __semihosting_library_function           0x080005f3   Thumb Code     0  indicate_semi.o(.text)
    GPIO_Init                                0x080005f5   Thumb Code   176  stm32f10x_gpio.o(.text.GPIO_Init)
    I2C_CheckEvent                           0x080006a5   Thumb Code    22  stm32f10x_i2c.o(.text.I2C_CheckEvent)
    I2C_Cmd                                  0x080006bd   Thumb Code    18  stm32f10x_i2c.o(.text.I2C_Cmd)
    I2C_DeInit                               0x080006d1   Thumb Code    40  stm32f10x_i2c.o(.text.I2C_DeInit)
    I2C_GenerateSTART                        0x080006f9   Thumb Code    18  stm32f10x_i2c.o(.text.I2C_GenerateSTART)
    I2C_GenerateSTOP                         0x0800070d   Thumb Code    18  stm32f10x_i2c.o(.text.I2C_GenerateSTOP)
    I2C_GetFlagStatus                        0x08000721   Thumb Code    48  stm32f10x_i2c.o(.text.I2C_GetFlagStatus)
    I2C_Init                                 0x08000751   Thumb Code   204  stm32f10x_i2c.o(.text.I2C_Init)
    I2C_Send7bitAddress                      0x0800081d   Thumb Code    16  stm32f10x_i2c.o(.text.I2C_Send7bitAddress)
    I2C_SendData                             0x0800082d   Thumb Code     4  stm32f10x_i2c.o(.text.I2C_SendData)
    NRF_DataReady                            0x08000831   Thumb Code    12  nrf24l01.o(.text.NRF_DataReady)
    NRF_Flush_RX                             0x0800083d   Thumb Code    24  nrf24l01.o(.text.NRF_Flush_RX)
    NRF_RX_Mode_Init                         0x08000855   Thumb Code   136  nrf24l01.o(.text.NRF_RX_Mode_Init)
    NRF_ReadCmd                              0x080008dd   Thumb Code    50  nrf24l01.o(.text.NRF_ReadCmd)
    NRF_ReadData                             0x08000911   Thumb Code    48  nrf24l01.o(.text.NRF_ReadData)
    NRF_ReadReg_WithOneByte                  0x08000941   Thumb Code    22  nrf24l01.o(.text.NRF_ReadReg_WithOneByte)
    NRF_ReadStatus                           0x08000959   Thumb Code    26  nrf24l01.o(.text.NRF_ReadStatus)
    NRF_Read_RX_Payload                      0x08000975   Thumb Code    14  nrf24l01.o(.text.NRF_Read_RX_Payload)
    NRF_StartListening                       0x08000985   Thumb Code    14  nrf24l01.o(.text.NRF_StartListening)
    NRF_StopListening                        0x08000995   Thumb Code    14  nrf24l01.o(.text.NRF_StopListening)
    NRF_WriteCmd                             0x080009a5   Thumb Code    60  nrf24l01.o(.text.NRF_WriteCmd)
    NRF_WriteReg_WithMultiBytes              0x080009e1   Thumb Code    12  nrf24l01.o(.text.NRF_WriteReg_WithMultiBytes)
    NRF_WriteReg_WithOneBit                  0x080009ed   Thumb Code    32  nrf24l01.o(.text.NRF_WriteReg_WithOneBit)
    NRF_WriteReg_WithOneByte                 0x08000a0d   Thumb Code    14  nrf24l01.o(.text.NRF_WriteReg_WithOneByte)
    Oled_DrawPixel                           0x08000a1d   Thumb Code    58  oled.o(.text.Oled_DrawPixel)
    Oled_Fill                                0x08000a59   Thumb Code    28  oled.o(.text.Oled_Fill)
    Oled_FillRectangle                       0x08000a75   Thumb Code    98  oled.o(.text.Oled_FillRectangle)
    Oled_GetStringSize                       0x08000ad9   Thumb Code   140  oled.o(.text.Oled_GetStringSize)
    Oled_Init                                0x08000b65   Thumb Code   242  oled.o(.text.Oled_Init)
    Oled_Open                                0x08000c59   Thumb Code   110  oled_i2c.o(.text.Oled_Open)
    Oled_SetCursor                           0x08000cc9   Thumb Code    22  oled.o(.text.Oled_SetCursor)
    Oled_UpdateScreen                        0x08000ce1   Thumb Code    54  oled.o(.text.Oled_UpdateScreen)
    Oled_WriteChar                           0x08000d19   Thumb Code   300  oled.o(.text.Oled_WriteChar)
    Oled_WriteCommand                        0x08000e45   Thumb Code   208  oled_i2c.o(.text.Oled_WriteCommand)
    Oled_WriteData                           0x08000f15   Thumb Code   232  oled_i2c.o(.text.Oled_WriteData)
    Oled_WriteString                         0x08000ffd   Thumb Code    86  oled.o(.text.Oled_WriteString)
    PendSV_Handler                           0x08001055   Thumb Code    68  port.o(.text.PendSV_Handler)
    RCC_APB1PeriphClockCmd                   0x08001099   Thumb Code    24  stm32f10x_rcc.o(.text.RCC_APB1PeriphClockCmd)
    RCC_APB1PeriphResetCmd                   0x080010b1   Thumb Code    24  stm32f10x_rcc.o(.text.RCC_APB1PeriphResetCmd)
    RCC_APB2PeriphClockCmd                   0x080010c9   Thumb Code    24  stm32f10x_rcc.o(.text.RCC_APB2PeriphClockCmd)
    RCC_GetClocksFreq                        0x080010e1   Thumb Code   160  stm32f10x_rcc.o(.text.RCC_GetClocksFreq)
    RGBLed_PWM_SetDuty                       0x08001181   Thumb Code    58  rgbled_pwm.o(.text.RGBLed_PWM_SetDuty)
    RGBLed_Show                              0x080011bd   Thumb Code    10  rgb_led.o(.text.RGBLed_Show)
    SPI_Cmd                                  0x080011c9   Thumb Code    18  stm32f10x_spi.o(.text.SPI_Cmd)
    SPI_I2S_GetFlagStatus                    0x080011dd   Thumb Code    10  stm32f10x_spi.o(.text.SPI_I2S_GetFlagStatus)
    SPI_I2S_ReceiveData                      0x080011e9   Thumb Code     4  stm32f10x_spi.o(.text.SPI_I2S_ReceiveData)
    SPI_I2S_SendData                         0x080011ed   Thumb Code     4  stm32f10x_spi.o(.text.SPI_I2S_SendData)
    SPI_Init                                 0x080011f1   Thumb Code    70  stm32f10x_spi.o(.text.SPI_Init)
    SPI_Open                                 0x08001239   Thumb Code   140  spi.o(.text.SPI_Open)
    SPI_Transfer                             0x080012c5   Thumb Code    52  spi.o(.text.SPI_Transfer)
    SVC_Handler                              0x080012f9   Thumb Code    36  port.o(.text.SVC_Handler)
    SysTick_Handler                          0x080013e5   Thumb Code    26  cmsis_os2.o(.text.SysTick_Handler)
    SystemInit                               0x08001401   Thumb Code    86  system_stm32f10x.o(.text.SystemInit)
    Task_NRF_Receiver                        0x08001459   Thumb Code    72  main.o(.text.Task_NRF_Receiver)
    Task_Oled                                0x080014a1   Thumb Code   344  main.o(.text.Task_Oled)
    _mutex_acquire                           0x080015f9   Thumb Code    32  clib_os.o(.text._mutex_acquire)
    _mutex_free                              0x08001619   Thumb Code    50  clib_os.o(.text._mutex_free)
    _mutex_initialize                        0x0800164d   Thumb Code    88  clib_os.o(.text._mutex_initialize)
    _mutex_release                           0x080016a5   Thumb Code    34  clib_os.o(.text._mutex_release)
    _platform_post_stackheap_init            0x080016c9   Thumb Code     2  clib_os.o(.text._platform_post_stackheap_init)
    main                                     0x080016d9   Thumb Code    96  main.o(.text.main)
    pvPortMalloc                             0x080021fd   Thumb Code   334  heap_4.o(.text.pvPortMalloc)
    pvTaskIncrementMutexHeldCount            0x0800234d   Thumb Code    24  tasks.o(.text.pvTaskIncrementMutexHeldCount)
    pxPortInitialiseStack                    0x08002365   Thumb Code    32  port.o(.text.pxPortInitialiseStack)
    uxListRemove                             0x08002385   Thumb Code    38  list.o(.text.uxListRemove)
    vApplicationGetIdleTaskMemory            0x080023ad   Thumb Code    26  tasks.o(.text.vApplicationGetIdleTaskMemory)
    vApplicationGetTimerTaskMemory           0x080023c9   Thumb Code    26  tasks.o(.text.vApplicationGetTimerTaskMemory)
    vApplicationStackOverflowHook            0x080023e5   Thumb Code     4  cmsis_os2.o(.text.vApplicationStackOverflowHook)
    vListInitialise                          0x080023e9   Thumb Code    22  list.o(.text.vListInitialise)
    vListInitialiseItem                      0x08002401   Thumb Code     6  list.o(.text.vListInitialiseItem)
    vListInsert                              0x08002409   Thumb Code    58  list.o(.text.vListInsert)
    vPortEnterCritical                       0x08002445   Thumb Code    54  port.o(.text.vPortEnterCritical)
    vPortExitCritical                        0x0800247d   Thumb Code    32  port.o(.text.vPortExitCritical)
    vPortFree                                0x0800249d   Thumb Code   126  heap_4.o(.text.vPortFree)
    vPortSetupTimerInterrupt                 0x0800251d   Thumb Code    52  port.o(.text.vPortSetupTimerInterrupt)
    vQueueDelete                             0x08002551   Thumb Code    20  queue.o(.text.vQueueDelete)
    vQueueWaitForMessageRestricted           0x08002565   Thumb Code    68  queue.o(.text.vQueueWaitForMessageRestricted)
    vTaskDelay                               0x080025a9   Thumb Code    68  tasks.o(.text.vTaskDelay)
    vTaskInternalSetTimeOutState             0x080025ed   Thumb Code    26  tasks.o(.text.vTaskInternalSetTimeOutState)
    vTaskMissedYield                         0x08002609   Thumb Code    14  tasks.o(.text.vTaskMissedYield)
    vTaskPlaceOnEventList                    0x08002619   Thumb Code    34  tasks.o(.text.vTaskPlaceOnEventList)
    vTaskPlaceOnEventListRestricted          0x0800263d   Thumb Code    82  tasks.o(.text.vTaskPlaceOnEventListRestricted)
    vTaskPriorityDisinheritAfterTimeout      0x08002691   Thumb Code   152  tasks.o(.text.vTaskPriorityDisinheritAfterTimeout)
    vTaskStartScheduler                      0x08002729   Thumb Code    96  tasks.o(.text.vTaskStartScheduler)
    vTaskSuspendAll                          0x08002789   Thumb Code    16  tasks.o(.text.vTaskSuspendAll)
    vTaskSwitchContext                       0x08002799   Thumb Code   206  tasks.o(.text.vTaskSwitchContext)
    xPortStartScheduler                      0x08002869   Thumb Code   236  port.o(.text.xPortStartScheduler)
    xPortSysTickHandler                      0x08002955   Thumb Code    46  port.o(.text.xPortSysTickHandler)
    xQueueCreateMutex                        0x08002985   Thumb Code    22  queue.o(.text.xQueueCreateMutex)
    xQueueCreateMutexStatic                  0x0800299d   Thumb Code    34  queue.o(.text.xQueueCreateMutexStatic)
    xQueueGenericCreate                      0x080029c1   Thumb Code    78  queue.o(.text.xQueueGenericCreate)
    xQueueGenericCreateStatic                0x08002a11   Thumb Code    74  queue.o(.text.xQueueGenericCreateStatic)
    xQueueGenericReset                       0x08002a5d   Thumb Code   154  queue.o(.text.xQueueGenericReset)
    xQueueGenericSend                        0x08002af9   Thumb Code   358  queue.o(.text.xQueueGenericSend)
    xQueueReceive                            0x08002c61   Thumb Code   328  queue.o(.text.xQueueReceive)
    xQueueSemaphoreTake                      0x08002da9   Thumb Code   378  queue.o(.text.xQueueSemaphoreTake)
    xTaskCheckForTimeOut                     0x08002f25   Thumb Code   138  tasks.o(.text.xTaskCheckForTimeOut)
    xTaskCreate                              0x08002fb1   Thumb Code    36  tasks.o(.text.xTaskCreate)
    xTaskCreateStatic                        0x08002fd5   Thumb Code    42  tasks.o(.text.xTaskCreateStatic)
    xTaskGetSchedulerState                   0x08003001   Thumb Code    38  tasks.o(.text.xTaskGetSchedulerState)
    xTaskGetTickCount                        0x08003029   Thumb Code    12  tasks.o(.text.xTaskGetTickCount)
    xTaskIncrementTick                       0x08003035   Thumb Code   412  tasks.o(.text.xTaskIncrementTick)
    xTaskPriorityDisinherit                  0x080031d1   Thumb Code   136  tasks.o(.text.xTaskPriorityDisinherit)
    xTaskPriorityInherit                     0x08003259   Thumb Code   166  tasks.o(.text.xTaskPriorityInherit)
    xTaskRemoveFromEventList                 0x08003301   Thumb Code   228  tasks.o(.text.xTaskRemoveFromEventList)
    xTaskResumeAll                           0x080033e5   Thumb Code   356  tasks.o(.text.xTaskResumeAll)
    xTimerCreateTimerTask                    0x08003549   Thumb Code   112  timers.o(.text.xTimerCreateTimerTask)
    Serif_plain_10                           0x080035cc   Data          12  oled_fonts.o(.rodata.Serif_plain_10)
    Serif_plain_10Bitmaps                    0x080035d8   Data         505  oled_fonts.o(.rodata.Serif_plain_10Bitmaps)
    Serif_plain_10Glyphs                     0x080037d2   Data         752  oled_fonts.o(.rodata.Serif_plain_10Glyphs)
    addr                                     0x08003ac2   Data           5  main.o(.rodata.addr)
    Region$$Table$$Base                      0x08003aec   Number         0  anon$$obj.o(Region$$Table)
    Region$$Table$$Limit                     0x08003b0c   Number         0  anon$$obj.o(Region$$Table)
    SystemCoreClock                          0x20000000   Data           4  system_stm32f10x.o(.data.SystemCoreClock)
    __libspace_start                         0x20000008   Data          96  libspace.o(.bss)
    IIC_OLED_TIMEOUT                         0x20000068   Data           4  oled_i2c.o(.bss.IIC_OLED_TIMEOUT)
    __temporary_stack_top$libspace           0x20000068   Data           0  libspace.o(.bss)
    pxCurrentTCB                             0x200006b8   Data           4  tasks.o(.bss.pxCurrentTCB)
    rgb_led                                  0x20000b30   Data           6  main.o(.bss.rgb_led)



==============================================================================

Memory Map of the image

  Image Entry point : 0x080000ed

  Load Region LR_IROM1 (Base: 0x08000000, Size: 0x00003b18, Max: 0x00010000, ABSOLUTE)

    Execution Region ER_IROM1 (Exec base: 0x08000000, Load base: 0x08000000, Size: 0x00003b0c, Max: 0x00010000, ABSOLUTE)

    Exec Addr    Load Addr    Size         Type   Attr      Idx    E Section Name        Object

    0x08000000   0x08000000   0x000000ec   Data   RO          825    RESET               startup_stm32f10x_md.o
    0x080000ec   0x080000ec   0x00000008   Code   RO         1615  * !!!main             c_w.l(__main.o)
    0x080000f4   0x080000f4   0x00000034   Code   RO         1844    !!!scatter          c_w.l(__scatter.o)
    0x08000128   0x08000128   0x0000001a   Code   RO         1846    !!handler_copy      c_w.l(__scatter_copy.o)
    0x08000142   0x08000142   0x00000002   PAD
    0x08000144   0x08000144   0x0000001c   Code   RO         1848    !!handler_zi        c_w.l(__scatter_zi.o)
    0x08000160   0x08000160   0x00000000   Code   RO         1606    .ARM.Collect$$_printf_percent$$00000000  c_w.l(_printf_percent.o)
    0x08000160   0x08000160   0x00000006   Code   RO         1605    .ARM.Collect$$_printf_percent$$00000009  c_w.l(_printf_d.o)
    0x08000166   0x08000166   0x00000004   Code   RO         1670    .ARM.Collect$$_printf_percent$$00000017  c_w.l(_printf_percent_end.o)
    0x0800016a   0x0800016a   0x00000002   Code   RO         1708    .ARM.Collect$$libinit$$00000000  c_w.l(libinit.o)
    0x0800016c   0x0800016c   0x00000000   Code   RO         1715    .ARM.Collect$$libinit$$00000002  c_w.l(libinit2.o)
    0x0800016c   0x0800016c   0x00000000   Code   RO         1717    .ARM.Collect$$libinit$$00000004  c_w.l(libinit2.o)
    0x0800016c   0x0800016c   0x00000000   Code   RO         1720    .ARM.Collect$$libinit$$0000000A  c_w.l(libinit2.o)
    0x0800016c   0x0800016c   0x00000000   Code   RO         1722    .ARM.Collect$$libinit$$0000000C  c_w.l(libinit2.o)
    0x0800016c   0x0800016c   0x00000000   Code   RO         1724    .ARM.Collect$$libinit$$0000000E  c_w.l(libinit2.o)
    0x0800016c   0x0800016c   0x00000000   Code   RO         1727    .ARM.Collect$$libinit$$00000011  c_w.l(libinit2.o)
    0x0800016c   0x0800016c   0x00000000   Code   RO         1729    .ARM.Collect$$libinit$$00000013  c_w.l(libinit2.o)
    0x0800016c   0x0800016c   0x00000000   Code   RO         1731    .ARM.Collect$$libinit$$00000015  c_w.l(libinit2.o)
    0x0800016c   0x0800016c   0x00000000   Code   RO         1733    .ARM.Collect$$libinit$$00000017  c_w.l(libinit2.o)
    0x0800016c   0x0800016c   0x00000000   Code   RO         1735    .ARM.Collect$$libinit$$00000019  c_w.l(libinit2.o)
    0x0800016c   0x0800016c   0x00000000   Code   RO         1737    .ARM.Collect$$libinit$$0000001B  c_w.l(libinit2.o)
    0x0800016c   0x0800016c   0x00000000   Code   RO         1739    .ARM.Collect$$libinit$$0000001D  c_w.l(libinit2.o)
    0x0800016c   0x0800016c   0x00000000   Code   RO         1741    .ARM.Collect$$libinit$$0000001F  c_w.l(libinit2.o)
    0x0800016c   0x0800016c   0x00000000   Code   RO         1743    .ARM.Collect$$libinit$$00000021  c_w.l(libinit2.o)
    0x0800016c   0x0800016c   0x00000000   Code   RO         1745    .ARM.Collect$$libinit$$00000023  c_w.l(libinit2.o)
    0x0800016c   0x0800016c   0x00000000   Code   RO         1747    .ARM.Collect$$libinit$$00000025  c_w.l(libinit2.o)
    0x0800016c   0x0800016c   0x00000000   Code   RO         1751    .ARM.Collect$$libinit$$0000002C  c_w.l(libinit2.o)
    0x0800016c   0x0800016c   0x00000000   Code   RO         1753    .ARM.Collect$$libinit$$0000002E  c_w.l(libinit2.o)
    0x0800016c   0x0800016c   0x00000000   Code   RO         1755    .ARM.Collect$$libinit$$00000030  c_w.l(libinit2.o)
    0x0800016c   0x0800016c   0x00000000   Code   RO         1757    .ARM.Collect$$libinit$$00000032  c_w.l(libinit2.o)
    0x0800016c   0x0800016c   0x00000002   Code   RO         1758    .ARM.Collect$$libinit$$00000033  c_w.l(libinit2.o)
    0x0800016e   0x0800016e   0x00000002   Code   RO         1780    .ARM.Collect$$libshutdown$$00000000  c_w.l(libshutdown.o)
    0x08000170   0x08000170   0x00000000   Code   RO         1795    .ARM.Collect$$libshutdown$$00000002  c_w.l(libshutdown2.o)
    0x08000170   0x08000170   0x00000000   Code   RO         1797    .ARM.Collect$$libshutdown$$00000004  c_w.l(libshutdown2.o)
    0x08000170   0x08000170   0x00000000   Code   RO         1800    .ARM.Collect$$libshutdown$$00000007  c_w.l(libshutdown2.o)
    0x08000170   0x08000170   0x00000000   Code   RO         1803    .ARM.Collect$$libshutdown$$0000000A  c_w.l(libshutdown2.o)
    0x08000170   0x08000170   0x00000000   Code   RO         1805    .ARM.Collect$$libshutdown$$0000000C  c_w.l(libshutdown2.o)
    0x08000170   0x08000170   0x00000000   Code   RO         1808    .ARM.Collect$$libshutdown$$0000000F  c_w.l(libshutdown2.o)
    0x08000170   0x08000170   0x00000002   Code   RO         1809    .ARM.Collect$$libshutdown$$00000010  c_w.l(libshutdown2.o)
    0x08000172   0x08000172   0x00000000   Code   RO         1661    .ARM.Collect$$rtentry$$00000000  c_w.l(__rtentry.o)
    0x08000172   0x08000172   0x00000000   Code   RO         1685    .ARM.Collect$$rtentry$$00000002  c_w.l(__rtentry2.o)
    0x08000172   0x08000172   0x00000006   Code   RO         1697    .ARM.Collect$$rtentry$$00000004  c_w.l(__rtentry4.o)
    0x08000178   0x08000178   0x00000008   Code   RO         1686    .ARM.Collect$$rtentry$$00000008  c_w.l(__rtentry2.o)
    0x08000180   0x08000180   0x00000004   Code   RO         1688    .ARM.Collect$$rtentry$$0000000A  c_w.l(__rtentry2.o)
    0x08000184   0x08000184   0x00000000   Code   RO         1690    .ARM.Collect$$rtentry$$0000000C  c_w.l(__rtentry2.o)
    0x08000184   0x08000184   0x00000008   Code   RO         1691    .ARM.Collect$$rtentry$$0000000D  c_w.l(__rtentry2.o)
    0x0800018c   0x0800018c   0x00000002   Code   RO         1712    .ARM.Collect$$rtexit$$00000000  c_w.l(rtexit.o)
    0x0800018e   0x0800018e   0x00000000   Code   RO         1760    .ARM.Collect$$rtexit$$00000002  c_w.l(rtexit2.o)
    0x0800018e   0x0800018e   0x00000004   Code   RO         1761    .ARM.Collect$$rtexit$$00000003  c_w.l(rtexit2.o)
    0x08000192   0x08000192   0x00000006   Code   RO         1762    .ARM.Collect$$rtexit$$00000004  c_w.l(rtexit2.o)
    0x08000198   0x08000198   0x00000040   Code   RO          826    .text               startup_stm32f10x_md.o
    0x080001d8   0x080001d8   0x00000034   Code   RO         1579    .text               c_w.l(noretval__2snprintf.o)
    0x0800020c   0x0800020c   0x00000068   Code   RO         1581    .text               c_w.l(__printf.o)
    0x08000274   0x08000274   0x00000078   Code   RO         1583    .text               c_w.l(_printf_dec.o)
    0x080002ec   0x080002ec   0x0000008a   Code   RO         1607    .text               c_w.l(rt_memcpy_v6.o)
    0x08000376   0x08000376   0x00000010   Code   RO         1609    .text               c_w.l(aeabi_memset4.o)
    0x08000386   0x08000386   0x00000044   Code   RO         1611    .text               c_w.l(rt_memclr.o)
    0x080003ca   0x080003ca   0x00000006   Code   RO         1613    .text               c_w.l(heapauxi.o)
    0x080003d0   0x080003d0   0x000000b2   Code   RO         1662    .text               c_w.l(_printf_intcommon.o)
    0x08000482   0x08000482   0x00000002   PAD
    0x08000484   0x08000484   0x00000030   Code   RO         1664    .text               c_w.l(_printf_char_common.o)
    0x080004b4   0x080004b4   0x0000000a   Code   RO         1666    .text               c_w.l(_sputc.o)
    0x080004be   0x080004be   0x00000010   Code   RO         1668    .text               c_w.l(_snputc.o)
    0x080004ce   0x080004ce   0x00000064   Code   RO         1671    .text               c_w.l(rt_memcpy_w.o)
    0x08000532   0x08000532   0x0000004e   Code   RO         1673    .text               c_w.l(rt_memclr_w.o)
    0x08000580   0x08000580   0x0000004a   Code   RO         1701    .text               c_w.l(sys_stackheap_outer.o)
    0x080005ca   0x080005ca   0x00000012   Code   RO         1703    .text               c_w.l(exit.o)
    0x080005dc   0x080005dc   0x00000008   Code   RO         1709    .text               c_w.l(libspace.o)
    0x080005e4   0x080005e4   0x0000000c   Code   RO         1770    .text               c_w.l(sys_exit.o)
    0x080005f0   0x080005f0   0x00000002   Code   RO         1785    .text               c_w.l(use_no_semi.o)
    0x080005f2   0x080005f2   0x00000000   Code   RO         1787    .text               c_w.l(indicate_semi.o)
    0x080005f2   0x080005f2   0x00000002   PAD
    0x080005f4   0x080005f4   0x000000b0   Code   RO          570    .text.GPIO_Init     stm32f10x_gpio.o
    0x080006a4   0x080006a4   0x00000016   Code   RO          664    .text.I2C_CheckEvent  stm32f10x_i2c.o
    0x080006ba   0x080006ba   0x00000002   PAD
    0x080006bc   0x080006bc   0x00000012   Code   RO          616    .text.I2C_Cmd       stm32f10x_i2c.o
    0x080006ce   0x080006ce   0x00000002   PAD
    0x080006d0   0x080006d0   0x00000028   Code   RO          610    .text.I2C_DeInit    stm32f10x_i2c.o
    0x080006f8   0x080006f8   0x00000012   Code   RO          622    .text.I2C_GenerateSTART  stm32f10x_i2c.o
    0x0800070a   0x0800070a   0x00000002   PAD
    0x0800070c   0x0800070c   0x00000012   Code   RO          624    .text.I2C_GenerateSTOP  stm32f10x_i2c.o
    0x0800071e   0x0800071e   0x00000002   PAD
    0x08000720   0x08000720   0x00000030   Code   RO          668    .text.I2C_GetFlagStatus  stm32f10x_i2c.o
    0x08000750   0x08000750   0x000000cc   Code   RO          612    .text.I2C_Init      stm32f10x_i2c.o
    0x0800081c   0x0800081c   0x00000010   Code   RO          640    .text.I2C_Send7bitAddress  stm32f10x_i2c.o
    0x0800082c   0x0800082c   0x00000004   Code   RO          636    .text.I2C_SendData  stm32f10x_i2c.o
    0x08000830   0x08000830   0x0000000c   Code   RO          131    .text.NRF_DataReady  nrf24l01.o
    0x0800083c   0x0800083c   0x00000018   Code   RO          119    .text.NRF_Flush_RX  nrf24l01.o
    0x08000854   0x08000854   0x00000088   Code   RO          125    .text.NRF_RX_Mode_Init  nrf24l01.o
    0x080008dc   0x080008dc   0x00000032   Code   RO          105    .text.NRF_ReadCmd   nrf24l01.o
    0x0800090e   0x0800090e   0x00000002   PAD
    0x08000910   0x08000910   0x00000030   Code   RO          135    .text.NRF_ReadData  nrf24l01.o
    0x08000940   0x08000940   0x00000016   Code   RO          109    .text.NRF_ReadReg_WithOneByte  nrf24l01.o
    0x08000956   0x08000956   0x00000002   PAD
    0x08000958   0x08000958   0x0000001a   Code   RO          123    .text.NRF_ReadStatus  nrf24l01.o
    0x08000972   0x08000972   0x00000002   PAD
    0x08000974   0x08000974   0x0000000e   Code   RO          133    .text.NRF_Read_RX_Payload  nrf24l01.o
    0x08000982   0x08000982   0x00000002   PAD
    0x08000984   0x08000984   0x0000000e   Code   RO          129    .text.NRF_StartListening  nrf24l01.o
    0x08000992   0x08000992   0x00000002   PAD
    0x08000994   0x08000994   0x0000000e   Code   RO          127    .text.NRF_StopListening  nrf24l01.o
    0x080009a2   0x080009a2   0x00000002   PAD
    0x080009a4   0x080009a4   0x0000003c   Code   RO          103    .text.NRF_WriteCmd  nrf24l01.o
    0x080009e0   0x080009e0   0x0000000c   Code   RO          115    .text.NRF_WriteReg_WithMultiBytes  nrf24l01.o
    0x080009ec   0x080009ec   0x00000020   Code   RO          111    .text.NRF_WriteReg_WithOneBit  nrf24l01.o
    0x08000a0c   0x08000a0c   0x0000000e   Code   RO          107    .text.NRF_WriteReg_WithOneByte  nrf24l01.o
    0x08000a1a   0x08000a1a   0x00000002   PAD
    0x08000a1c   0x08000a1c   0x0000003a   Code   RO           27    .text.Oled_DrawPixel  oled.o
    0x08000a56   0x08000a56   0x00000002   PAD
    0x08000a58   0x08000a58   0x0000001c   Code   RO           23    .text.Oled_Fill     oled.o
    0x08000a74   0x08000a74   0x00000062   Code   RO           43    .text.Oled_FillRectangle  oled.o
    0x08000ad6   0x08000ad6   0x00000002   PAD
    0x08000ad8   0x08000ad8   0x0000008c   Code   RO           29    .text.Oled_GetStringSize  oled.o
    0x08000b64   0x08000b64   0x000000f2   Code   RO           21    .text.Oled_Init     oled.o
    0x08000c56   0x08000c56   0x00000002   PAD
    0x08000c58   0x08000c58   0x0000006e   Code   RO           64    .text.Oled_Open     oled_i2c.o
    0x08000cc6   0x08000cc6   0x00000002   PAD
    0x08000cc8   0x08000cc8   0x00000016   Code   RO           37    .text.Oled_SetCursor  oled.o
    0x08000cde   0x08000cde   0x00000002   PAD
    0x08000ce0   0x08000ce0   0x00000036   Code   RO           25    .text.Oled_UpdateScreen  oled.o
    0x08000d16   0x08000d16   0x00000002   PAD
    0x08000d18   0x08000d18   0x0000012c   Code   RO           31    .text.Oled_WriteChar  oled.o
    0x08000e44   0x08000e44   0x000000d0   Code   RO           66    .text.Oled_WriteCommand  oled_i2c.o
    0x08000f14   0x08000f14   0x000000e8   Code   RO           68    .text.Oled_WriteData  oled_i2c.o
    0x08000ffc   0x08000ffc   0x00000056   Code   RO           33    .text.Oled_WriteString  oled.o
    0x08001052   0x08001052   0x00000002   PAD
    0x08001054   0x08001054   0x00000044   Code   RO         1162    .text.PendSV_Handler  port.o
    0x08001098   0x08001098   0x00000018   Code   RO          730    .text.RCC_APB1PeriphClockCmd  stm32f10x_rcc.o
    0x080010b0   0x080010b0   0x00000018   Code   RO          734    .text.RCC_APB1PeriphResetCmd  stm32f10x_rcc.o
    0x080010c8   0x080010c8   0x00000018   Code   RO          728    .text.RCC_APB2PeriphClockCmd  stm32f10x_rcc.o
    0x080010e0   0x080010e0   0x000000a0   Code   RO          724    .text.RCC_GetClocksFreq  stm32f10x_rcc.o
    0x08001180   0x08001180   0x0000003a   Code   RO           81    .text.RGBLed_PWM_SetDuty  rgbled_pwm.o
    0x080011ba   0x080011ba   0x00000002   PAD
    0x080011bc   0x080011bc   0x0000000a   Code   RO          147    .text.RGBLed_Show   rgb_led.o
    0x080011c6   0x080011c6   0x00000002   PAD
    0x080011c8   0x080011c8   0x00000012   Code   RO          861    .text.SPI_Cmd       stm32f10x_spi.o
    0x080011da   0x080011da   0x00000002   PAD
    0x080011dc   0x080011dc   0x0000000a   Code   RO          889    .text.SPI_I2S_GetFlagStatus  stm32f10x_spi.o
    0x080011e6   0x080011e6   0x00000002   PAD
    0x080011e8   0x080011e8   0x00000004   Code   RO          871    .text.SPI_I2S_ReceiveData  stm32f10x_spi.o
    0x080011ec   0x080011ec   0x00000004   Code   RO          869    .text.SPI_I2S_SendData  stm32f10x_spi.o
    0x080011f0   0x080011f0   0x00000046   Code   RO          853    .text.SPI_Init      stm32f10x_spi.o
    0x08001236   0x08001236   0x00000002   PAD
    0x08001238   0x08001238   0x0000008c   Code   RO           91    .text.SPI_Open      spi.o
    0x080012c4   0x080012c4   0x00000034   Code   RO           93    .text.SPI_Transfer  spi.o
    0x080012f8   0x080012f8   0x00000024   Code   RO         1158    .text.SVC_Handler   port.o
    0x0800131c   0x0800131c   0x00000008   Code   RO          835    .text.SetSysClock   system_stm32f10x.o
    0x08001324   0x08001324   0x000000be   Code   RO          839    .text.SetSysClockTo72  system_stm32f10x.o
    0x080013e2   0x080013e2   0x00000002   PAD
    0x080013e4   0x080013e4   0x0000001a   Code   RO          187    .text.SysTick_Handler  cmsis_os2.o
    0x080013fe   0x080013fe   0x00000002   PAD
    0x08001400   0x08001400   0x00000056   Code   RO          833    .text.SystemInit    system_stm32f10x.o
    0x08001456   0x08001456   0x00000002   PAD
    0x08001458   0x08001458   0x00000048   Code   RO            6    .text.Task_NRF_Receiver  main.o
    0x080014a0   0x080014a0   0x00000158   Code   RO            4    .text.Task_Oled     main.o
    0x080015f8   0x080015f8   0x00000020   Code   RO          167    .text._mutex_acquire  clib_os.o
    0x08001618   0x08001618   0x00000032   Code   RO          173    .text._mutex_free   clib_os.o
    0x0800164a   0x0800164a   0x00000002   PAD
    0x0800164c   0x0800164c   0x00000058   Code   RO          165    .text._mutex_initialize  clib_os.o
    0x080016a4   0x080016a4   0x00000022   Code   RO          171    .text._mutex_release  clib_os.o
    0x080016c6   0x080016c6   0x00000002   PAD
    0x080016c8   0x080016c8   0x00000002   Code   RO          159    .text._platform_post_stackheap_init  clib_os.o
    0x080016ca   0x080016ca   0x00000002   PAD
    0x080016cc   0x080016cc   0x0000000c   Code   RO          169    .text.is_thread_mode  clib_os.o
    0x080016d8   0x080016d8   0x00000060   Code   RO            2    .text.main          main.o
    0x08001738   0x08001738   0x00000010   Code   RO          163    .text.os_kernel_is_active  clib_os.o
    0x08001748   0x08001748   0x000000b2   Code   RO         1334    .text.prvAddCurrentTaskToDelayedList  tasks.o
    0x080017fa   0x080017fa   0x00000002   PAD
    0x080017fc   0x080017fc   0x000000cc   Code   RO         1318    .text.prvAddNewTaskToReadyList  tasks.o
    0x080018c8   0x080018c8   0x0000006a   Code   RO         1497    .text.prvCheckForValidListAndQueue  timers.o
    0x08001932   0x08001932   0x00000002   PAD
    0x08001934   0x08001934   0x0000004e   Code   RO         1368    .text.prvCheckTasksWaitingTermination  tasks.o
    0x08001982   0x08001982   0x00000002   PAD
    0x08001984   0x08001984   0x00000026   Code   RO         1270    .text.prvCopyDataFromQueue  queue.o
    0x080019aa   0x080019aa   0x00000002   PAD
    0x080019ac   0x080019ac   0x0000007a   Code   RO         1258    .text.prvCopyDataToQueue  queue.o
    0x08001a26   0x08001a26   0x00000002   PAD
    0x08001a28   0x08001a28   0x0000006c   Code   RO         1364    .text.prvCreateIdleTasks  tasks.o
    0x08001a94   0x08001a94   0x00000072   Code   RO         1316    .text.prvCreateStaticTask  tasks.o
    0x08001b06   0x08001b06   0x00000002   PAD
    0x08001b08   0x08001b08   0x0000005c   Code   RO         1322    .text.prvCreateTask  tasks.o
    0x08001b64   0x08001b64   0x00000026   Code   RO         1328    .text.prvDeleteTCB  tasks.o
    0x08001b8a   0x08001b8a   0x00000002   PAD
    0x08001b8c   0x08001b8c   0x00000012   Code   RO         1274    .text.prvGetHighestPriorityOfWaitToReceiveList  queue.o
    0x08001b9e   0x08001b9e   0x00000002   PAD
    0x08001ba0   0x08001ba0   0x00000020   Code   RO         1543    .text.prvGetNextExpireTime  timers.o
    0x08001bc0   0x08001bc0   0x0000006a   Code   RO         1191    .text.prvHeapInit   heap_4.o
    0x08001c2a   0x08001c2a   0x00000002   PAD
    0x08001c2c   0x08001c2c   0x0000002a   Code   RO         1458    .text.prvIdleTask   tasks.o
    0x08001c56   0x08001c56   0x00000002   PAD
    0x08001c58   0x08001c58   0x00000020   Code   RO         1238    .text.prvInitialiseMutex  queue.o
    0x08001c78   0x08001c78   0x00000020   Code   RO         1230    .text.prvInitialiseNewQueue  queue.o
    0x08001c98   0x08001c98   0x0000008c   Code   RO         1454    .text.prvInitialiseNewTask  tasks.o
    0x08001d24   0x08001d24   0x00000070   Code   RO         1456    .text.prvInitialiseTaskLists  tasks.o
    0x08001d94   0x08001d94   0x00000078   Code   RO         1195    .text.prvInsertBlockIntoFreeList  heap_4.o
    0x08001e0c   0x08001e0c   0x00000040   Code   RO         1557    .text.prvInsertTimerInActiveList  timers.o
    0x08001e4c   0x08001e4c   0x00000018   Code   RO         1272    .text.prvIsQueueEmpty  queue.o
    0x08001e64   0x08001e64   0x0000001c   Code   RO         1260    .text.prvIsQueueFull  queue.o
    0x08001e80   0x08001e80   0x00000020   Code   RO         1166    .text.prvPortStartFirstTask  port.o
    0x08001ea0   0x08001ea0   0x0000003e   Code   RO         1551    .text.prvProcessExpiredTimer  timers.o
    0x08001ede   0x08001ede   0x00000002   PAD
    0x08001ee0   0x08001ee0   0x00000118   Code   RO         1547    .text.prvProcessReceivedCommands  timers.o
    0x08001ff8   0x08001ff8   0x00000080   Code   RO         1545    .text.prvProcessTimerOrBlockTask  timers.o
    0x08002078   0x08002078   0x0000003a   Code   RO         1555    .text.prvReloadTimer  timers.o
    0x080020b2   0x080020b2   0x00000002   PAD
    0x080020b4   0x080020b4   0x00000026   Code   RO         1326    .text.prvResetNextTaskUnblockTime  tasks.o
    0x080020da   0x080020da   0x00000002   PAD
    0x080020dc   0x080020dc   0x0000002a   Code   RO         1549    .text.prvSampleTimeNow  timers.o
    0x08002106   0x08002106   0x00000002   PAD
    0x08002108   0x08002108   0x00000034   Code   RO         1553    .text.prvSwitchTimerLists  timers.o
    0x0800213c   0x0800213c   0x00000032   Code   RO         1156    .text.prvTaskExitError  port.o
    0x0800216e   0x0800216e   0x00000002   PAD
    0x08002170   0x08002170   0x00000016   Code   RO         1499    .text.prvTimerTask  timers.o
    0x08002186   0x08002186   0x00000002   PAD
    0x08002188   0x08002188   0x00000072   Code   RO         1262    .text.prvUnlockQueue  queue.o
    0x080021fa   0x080021fa   0x00000002   PAD
    0x080021fc   0x080021fc   0x0000014e   Code   RO         1189    .text.pvPortMalloc  heap_4.o
    0x0800234a   0x0800234a   0x00000002   PAD
    0x0800234c   0x0800234c   0x00000018   Code   RO         1432    .text.pvTaskIncrementMutexHeldCount  tasks.o
    0x08002364   0x08002364   0x00000020   Code   RO         1154    .text.pxPortInitialiseStack  port.o
    0x08002384   0x08002384   0x00000026   Code   RO         1144    .text.uxListRemove  list.o
    0x080023aa   0x080023aa   0x00000002   PAD
    0x080023ac   0x080023ac   0x0000001a   Code   RO         1448    .text.vApplicationGetIdleTaskMemory  tasks.o
    0x080023c6   0x080023c6   0x00000002   PAD
    0x080023c8   0x080023c8   0x0000001a   Code   RO         1450    .text.vApplicationGetTimerTaskMemory  tasks.o
    0x080023e2   0x080023e2   0x00000002   PAD
    0x080023e4   0x080023e4   0x00000004   Code   RO          341    .text.vApplicationStackOverflowHook  cmsis_os2.o
    0x080023e8   0x080023e8   0x00000016   Code   RO         1136    .text.vListInitialise  list.o
    0x080023fe   0x080023fe   0x00000002   PAD
    0x08002400   0x08002400   0x00000006   Code   RO         1138    .text.vListInitialiseItem  list.o
    0x08002406   0x08002406   0x00000002   PAD
    0x08002408   0x08002408   0x0000003a   Code   RO         1142    .text.vListInsert   list.o
    0x08002442   0x08002442   0x00000002   PAD
    0x08002444   0x08002444   0x00000036   Code   RO         1170    .text.vPortEnterCritical  port.o
    0x0800247a   0x0800247a   0x00000002   PAD
    0x0800247c   0x0800247c   0x00000020   Code   RO         1172    .text.vPortExitCritical  port.o
    0x0800249c   0x0800249c   0x0000007e   Code   RO         1193    .text.vPortFree     heap_4.o
    0x0800251a   0x0800251a   0x00000002   PAD
    0x0800251c   0x0800251c   0x00000034   Code   RO         1164    .text.vPortSetupTimerInterrupt  port.o
    0x08002550   0x08002550   0x00000014   Code   RO         1288    .text.vQueueDelete  queue.o
    0x08002564   0x08002564   0x00000044   Code   RO         1304    .text.vQueueWaitForMessageRestricted  queue.o
    0x080025a8   0x080025a8   0x00000044   Code   RO         1338    .text.vTaskDelay    tasks.o
    0x080025ec   0x080025ec   0x0000001a   Code   RO         1402    .text.vTaskInternalSetTimeOutState  tasks.o
    0x08002606   0x08002606   0x00000002   PAD
    0x08002608   0x08002608   0x0000000e   Code   RO         1406    .text.vTaskMissedYield  tasks.o
    0x08002616   0x08002616   0x00000002   PAD
    0x08002618   0x08002618   0x00000022   Code   RO         1390    .text.vTaskPlaceOnEventList  tasks.o
    0x0800263a   0x0800263a   0x00000002   PAD
    0x0800263c   0x0800263c   0x00000052   Code   RO         1394    .text.vTaskPlaceOnEventListRestricted  tasks.o
    0x0800268e   0x0800268e   0x00000002   PAD
    0x08002690   0x08002690   0x00000098   Code   RO         1428    .text.vTaskPriorityDisinheritAfterTimeout  tasks.o
    0x08002728   0x08002728   0x00000060   Code   RO         1362    .text.vTaskStartScheduler  tasks.o
    0x08002788   0x08002788   0x00000010   Code   RO         1332    .text.vTaskSuspendAll  tasks.o
    0x08002798   0x08002798   0x000000ce   Code   RO         1354    .text.vTaskSwitchContext  tasks.o
    0x08002866   0x08002866   0x00000002   PAD
    0x08002868   0x08002868   0x000000ec   Code   RO         1160    .text.xPortStartScheduler  port.o
    0x08002954   0x08002954   0x0000002e   Code   RO         1174    .text.xPortSysTickHandler  port.o
    0x08002982   0x08002982   0x00000002   PAD
    0x08002984   0x08002984   0x00000016   Code   RO         1236    .text.xQueueCreateMutex  queue.o
    0x0800299a   0x0800299a   0x00000002   PAD
    0x0800299c   0x0800299c   0x00000022   Code   RO         1240    .text.xQueueCreateMutexStatic  queue.o
    0x080029be   0x080029be   0x00000002   PAD
    0x080029c0   0x080029c0   0x0000004e   Code   RO         1234    .text.xQueueGenericCreate  queue.o
    0x08002a0e   0x08002a0e   0x00000002   PAD
    0x08002a10   0x08002a10   0x0000004a   Code   RO         1228    .text.xQueueGenericCreateStatic  queue.o
    0x08002a5a   0x08002a5a   0x00000002   PAD
    0x08002a5c   0x08002a5c   0x0000009a   Code   RO         1226    .text.xQueueGenericReset  queue.o
    0x08002af6   0x08002af6   0x00000002   PAD
    0x08002af8   0x08002af8   0x00000166   Code   RO         1248    .text.xQueueGenericSend  queue.o
    0x08002c5e   0x08002c5e   0x00000002   PAD
    0x08002c60   0x08002c60   0x00000148   Code   RO         1268    .text.xQueueReceive  queue.o
    0x08002da8   0x08002da8   0x0000017a   Code   RO         1252    .text.xQueueSemaphoreTake  queue.o
    0x08002f22   0x08002f22   0x00000002   PAD
    0x08002f24   0x08002f24   0x0000008a   Code   RO         1404    .text.xTaskCheckForTimeOut  tasks.o
    0x08002fae   0x08002fae   0x00000002   PAD
    0x08002fb0   0x08002fb0   0x00000024   Code   RO         1320    .text.xTaskCreate   tasks.o
    0x08002fd4   0x08002fd4   0x0000002a   Code   RO         1314    .text.xTaskCreateStatic  tasks.o
    0x08002ffe   0x08002ffe   0x00000002   PAD
    0x08003000   0x08003000   0x00000026   Code   RO         1422    .text.xTaskGetSchedulerState  tasks.o
    0x08003026   0x08003026   0x00000002   PAD
    0x08003028   0x08003028   0x0000000c   Code   RO         1372    .text.xTaskGetTickCount  tasks.o
    0x08003034   0x08003034   0x0000019c   Code   RO         1370    .text.xTaskIncrementTick  tasks.o
    0x080031d0   0x080031d0   0x00000088   Code   RO         1426    .text.xTaskPriorityDisinherit  tasks.o
    0x08003258   0x08003258   0x000000a6   Code   RO         1424    .text.xTaskPriorityInherit  tasks.o
    0x080032fe   0x080032fe   0x00000002   PAD
    0x08003300   0x08003300   0x000000e4   Code   RO         1396    .text.xTaskRemoveFromEventList  tasks.o
    0x080033e4   0x080033e4   0x00000164   Code   RO         1336    .text.xTaskResumeAll  tasks.o
    0x08003548   0x08003548   0x00000070   Code   RO         1495    .text.xTimerCreateTimerTask  timers.o
    0x080035b8   0x080035b8   0x00000004   Data   RO          749    .rodata.ADCPrescTable  stm32f10x_rcc.o
    0x080035bc   0x080035bc   0x00000010   Data   RO          748    .rodata.APBAHBPrescTable  stm32f10x_rcc.o
    0x080035cc   0x080035cc   0x0000000c   Data   RO           58    .rodata.Serif_plain_10  oled_fonts.o
    0x080035d8   0x080035d8   0x000001f9   Data   RO           56    .rodata.Serif_plain_10Bitmaps  oled_fonts.o
    0x080037d1   0x080037d1   0x00000001   PAD
    0x080037d2   0x080037d2   0x000002f0   Data   RO           57    .rodata.Serif_plain_10Glyphs  oled_fonts.o
    0x08003ac2   0x08003ac2   0x00000005   Data   RO            8    .rodata.addr        main.o
    0x08003ac7   0x08003ac7   0x00000001   PAD
    0x08003ac8   0x08003ac8   0x00000020   Data   RO           10    .rodata.cst32       main.o
    0x08003ae8   0x08003ae8   0x00000004   Data   RO         1476    .rodata.uxTopUsedPriority  tasks.o
    0x08003aec   0x08003aec   0x00000020   Data   RO         1843    Region$$Table       anon$$obj.o


    Execution Region RW_IRAM1 (Exec base: 0x20000000, Load base: 0x08003b10, Size: 0x000036d0, Max: 0x00005000, ABSOLUTE)

    Exec Addr    Load Addr    Size         Type   Attr      Idx    E Section Name        Object

    0x20000000   0x08003b10   0x00000004   Data   RW          841    .data.SystemCoreClock  system_stm32f10x.o
    0x20000004   0x08003b14   0x00000004   Data   RW         1180    .data.uxCriticalNesting  port.o
    0x20000008        -       0x00000060   Zero   RW         1710    .bss                c_w.l(libspace.o)
    0x20000068        -       0x00000004   Zero   RW           70    .bss.IIC_OLED_TIMEOUT  oled_i2c.o
    0x2000006c        -       0x00000002   Zero   RW           46    .bss.Oled.0         oled.o
    0x2000006e        -       0x00000002   Zero   RW           47    .bss.Oled.1         oled.o
    0x20000070        -       0x00000190   Zero   RW          178    .bss.clib_mutex_cb  clib_os.o
    0x20000200        -       0x00000014   Zero   RW          177    .bss.clib_mutex_id  clib_os.o
    0x20000214        -       0x00000400   Zero   RW           45    .bss.oled_buffer    oled.o
    0x20000614        -       0x00000050   Zero   RW         1567    .bss.prvCheckForValidListAndQueue.ucStaticTimerQueueStorage  timers.o
    0x20000664        -       0x00000050   Zero   RW         1566    .bss.prvCheckForValidListAndQueue.xStaticTimerQueue  timers.o
    0x200006b4        -       0x00000004   Zero   RW         1563    .bss.prvSampleTimeNow.xLastTime  timers.o
    0x200006b8        -       0x00000004   Zero   RW         1460    .bss.pxCurrentTCB   tasks.o
    0x200006bc        -       0x00000004   Zero   RW         1561    .bss.pxCurrentTimerList  timers.o
    0x200006c0        -       0x00000004   Zero   RW         1468    .bss.pxDelayedTaskList  tasks.o
    0x200006c4        -       0x00000004   Zero   RW         1211    .bss.pxEnd          heap_4.o
    0x200006c8        -       0x00000004   Zero   RW         1469    .bss.pxOverflowDelayedTaskList  tasks.o
    0x200006cc        -       0x00000004   Zero   RW         1562    .bss.pxOverflowTimerList  timers.o
    0x200006d0        -       0x00000460   Zero   RW         1472    .bss.pxReadyTasksLists  tasks.o
    0x20000b30        -       0x00000006   Zero   RW           11    .bss.rgb_led        main.o
    0x20000b36        -       0x00002000   Zero   RW         1214    .bss.ucHeap         heap_4.o
    0x20002b36        -       0x00000001   Zero   RW         1178    .bss.ucMaxSysCallPriority  port.o
    0x20002b37   0x08003b18   0x00000001   PAD
    0x20002b38        -       0x00000004   Zero   RW         1179    .bss.ulMaxPRIGROUPValue  port.o
    0x20002b3c        -       0x00000004   Zero   RW         1465    .bss.uxCurrentNumberOfTasks  tasks.o
    0x20002b40        -       0x00000004   Zero   RW         1464    .bss.uxDeletedTasksWaitingCleanUp  tasks.o
    0x20002b44        -       0x00000004   Zero   RW         1466    .bss.uxSchedulerSuspended  tasks.o
    0x20002b48        -       0x00000004   Zero   RW         1461    .bss.uxTaskNumber   tasks.o
    0x20002b4c        -       0x00000004   Zero   RW         1473    .bss.uxTopReadyPriority  tasks.o
    0x20002b50        -       0x00000200   Zero   RW         1480    .bss.vApplicationGetIdleTaskMemory.uxIdleTaskStack  tasks.o
    0x20002d50        -       0x0000005c   Zero   RW         1479    .bss.vApplicationGetIdleTaskMemory.xIdleTaskTCB  tasks.o
    0x20002dac        -       0x00000200   Zero   RW         1482    .bss.vApplicationGetTimerTaskMemory.uxTimerTaskStack  tasks.o
    0x20002fac        -       0x0000005c   Zero   RW         1481    .bss.vApplicationGetTimerTaskMemory.xTimerTaskTCB  tasks.o
    0x20003008        -       0x00000014   Zero   RW         1564    .bss.xActiveTimerList1  timers.o
    0x2000301c        -       0x00000014   Zero   RW         1565    .bss.xActiveTimerList2  timers.o
    0x20003030        -       0x00000014   Zero   RW         1483    .bss.xDelayedTaskList1  tasks.o
    0x20003044        -       0x00000014   Zero   RW         1484    .bss.xDelayedTaskList2  tasks.o
    0x20003058        -       0x00000004   Zero   RW         1212    .bss.xFreeBytesRemaining  heap_4.o
    0x2000305c        -       0x00000004   Zero   RW         1486    .bss.xIdleTaskHandles.0  tasks.o
    0x20003060        -       0x00000004   Zero   RW         1215    .bss.xMinimumEverFreeBytesRemaining  heap_4.o
    0x20003064        -       0x00000004   Zero   RW         1475    .bss.xNextTaskUnblockTime  tasks.o
    0x20003068        -       0x00000004   Zero   RW         1478    .bss.xNumOfOverflows  tasks.o
    0x2000306c        -       0x00000004   Zero   RW         1216    .bss.xNumberOfSuccessfulAllocations  heap_4.o
    0x20003070        -       0x00000004   Zero   RW         1217    .bss.xNumberOfSuccessfulFrees  heap_4.o
    0x20003074        -       0x00000004   Zero   RW         1477    .bss.xPendedTicks   tasks.o
    0x20003078        -       0x00000014   Zero   RW         1470    .bss.xPendingReadyList  tasks.o
    0x2000308c        -       0x00000004   Zero   RW         1462    .bss.xSchedulerRunning  tasks.o
    0x20003090        -       0x00000008   Zero   RW         1213    .bss.xStart         heap_4.o
    0x20003098        -       0x00000014   Zero   RW         1471    .bss.xSuspendedTaskList  tasks.o
    0x200030ac        -       0x00000014   Zero   RW         1463    .bss.xTasksWaitingTermination  tasks.o
    0x200030c0        -       0x00000004   Zero   RW         1467    .bss.xTickCount     tasks.o
    0x200030c4        -       0x00000004   Zero   RW         1559    .bss.xTimerQueue    timers.o
    0x200030c8        -       0x00000004   Zero   RW         1560    .bss.xTimerTaskHandle  timers.o
    0x200030cc        -       0x00000004   Zero   RW         1474    .bss.xYieldPendings  tasks.o
    0x200030d0        -       0x00000200   Zero   RW          824    HEAP                startup_stm32f10x_md.o
    0x200032d0        -       0x00000400   Zero   RW          823    STACK               startup_stm32f10x_md.o


==============================================================================

Image component sizes


      Code (inc. data)   RO Data    RW Data    ZI Data      Debug   Object Name

       234          0          0          0        420       3860   clib_os.o
        30          0          0          0          0      38116   cmsis_os2.o
       686          0          0          0       8220       5294   heap_4.o
       124          0          0          0          0       2214   list.o
       512         88         37          0          6       1986   main.o
       478          0          0          0          0       4569   nrf24l01.o
      1028          0          0          0       1028       6784   oled.o
         0          0       1269          0          0       1034   oled_fonts.o
       550          0          0          0          4       2936   oled_i2c.o
       638         12          0          4          5       3755   port.o
      1922          0          0          0          0      20310   queue.o
        10          0          0          0          0       1802   rgb_led.o
        58          0          0          0          0       3316   rgbled_pwm.o
       192          0          0          0          0       2544   spi.o
        64         26        236          0       1536        836   startup_stm32f10x_md.o
       176          0          0          0          0       5835   stm32f10x_gpio.o
       388          0          0          0          0       8383   stm32f10x_i2c.o
       232          0         20          0          0       7651   stm32f10x_rcc.o
       106          0          0          0          0       6991   stm32f10x_spi.o
       284          0          0          4          0       2892   system_stm32f10x.o
      3478          0          4          0       2488      36051   tasks.o
       958         18          0          0        220      14607   timers.o

    ----------------------------------------------------------------------
     12292        144       1600          8      13928     181766   Object Totals
         0          0         32          0          0          0   (incl. Generated)
       144          0          2          0          1          0   (incl. Padding)

    ----------------------------------------------------------------------

      Code (inc. data)   RO Data    RW Data    ZI Data      Debug   Library Member Name

         8          0          0          0          0         68   __main.o
       104          0          0          0          0         84   __printf.o
         0          0          0          0          0          0   __rtentry.o
        20          0          0          0          0          0   __rtentry2.o
         6          0          0          0          0          0   __rtentry4.o
        52          8          0          0          0          0   __scatter.o
        26          0          0          0          0          0   __scatter_copy.o
        28          0          0          0          0          0   __scatter_zi.o
        48          6          0          0          0         96   _printf_char_common.o
         6          0          0          0          0          0   _printf_d.o
       120         16          0          0          0         92   _printf_dec.o
       178          0          0          0          0         88   _printf_intcommon.o
         0          0          0          0          0          0   _printf_percent.o
         4          0          0          0          0          0   _printf_percent_end.o
        16          0          0          0          0         68   _snputc.o
        10          0          0          0          0         68   _sputc.o
        16          0          0          0          0         68   aeabi_memset4.o
        18          0          0          0          0         80   exit.o
         6          0          0          0          0        152   heapauxi.o
         0          0          0          0          0          0   indicate_semi.o
         2          0          0          0          0          0   libinit.o
         2          0          0          0          0          0   libinit2.o
         2          0          0          0          0          0   libshutdown.o
         2          0          0          0          0          0   libshutdown2.o
         8          4          0          0         96         68   libspace.o
        52          4          0          0          0         84   noretval__2snprintf.o
        68          0          0          0          0         68   rt_memclr.o
        78          0          0          0          0         80   rt_memclr_w.o
       138          0          0          0          0         68   rt_memcpy_v6.o
       100          0          0          0          0         80   rt_memcpy_w.o
         2          0          0          0          0          0   rtexit.o
        10          0          0          0          0          0   rtexit2.o
        12          4          0          0          0         68   sys_exit.o
        74          0          0          0          0         80   sys_stackheap_outer.o
         2          0          0          0          0         68   use_no_semi.o

    ----------------------------------------------------------------------
      1224         42          0          0         96       1528   Library Totals
         6          0          0          0          0          0   (incl. Padding)

    ----------------------------------------------------------------------

      Code (inc. data)   RO Data    RW Data    ZI Data      Debug   Library Name

      1218         42          0          0         96       1528   c_w.l

    ----------------------------------------------------------------------
      1224         42          0          0         96       1528   Library Totals

    ----------------------------------------------------------------------

==============================================================================


      Code (inc. data)   RO Data    RW Data    ZI Data      Debug   

     13516        186       1600          8      14024     182258   Grand Totals
     13516        186       1600          8      14024     182258   ELF Image Totals
     13516        186       1600          8          0          0   ROM Totals

==============================================================================

    Total RO  Size (Code + RO Data)                15116 (  14.76kB)
    Total RW  Size (RW Data + ZI Data)             14032 (  13.70kB)
    Total ROM Size (Code + RO Data + RW Data)      15124 (  14.77kB)

==============================================================================

