Component: ARM Compiler 6.14 Tool: armlink [5db06800]

==============================================================================

Section Cross References

    main.o(.text.main) refers to oled.o(.text.Oled_Init) for Oled_Init
    main.o(.text.main) refers to oled.o(.text.Oled_Fill) for Oled_Fill
    main.o(.text.main) refers to main.o(.rodata.str1.1) for .L.str
    main.o(.text.main) refers to oled_fonts.o(.rodata.Serif_plain_10) for Serif_plain_10
    main.o(.text.main) refers to oled.o(.text.Oled_GetStringSize) for Oled_GetStringSize
    main.o(.text.main) refers to oled.o(.text.Oled_SetCursor) for Oled_SetCursor
    main.o(.text.main) refers to oled.o(.text.Oled_WriteString) for Oled_WriteString
    main.o(.text.main) refers to oled.o(.text.Oled_UpdateScreen) for Oled_UpdateScreen
    main.o(.ARM.exidx.text.main) refers to main.o(.text.main) for [Anonymous Symbol]
    oled.o(.text.I2Cx_Init) refers to stm32f10x_rcc.o(.text.RCC_APB2PeriphClockCmd) for RCC_APB2PeriphClockCmd
    oled.o(.text.I2Cx_Init) refers to stm32f10x_rcc.o(.text.RCC_APB1PeriphClockCmd) for RCC_APB1PeriphClockCmd
    oled.o(.text.I2Cx_Init) refers to stm32f10x_gpio.o(.text.GPIO_Init) for GPIO_Init
    oled.o(.text.I2Cx_Init) refers to stm32f10x_i2c.o(.text.I2C_DeInit) for I2C_DeInit
    oled.o(.text.I2Cx_Init) refers to stm32f10x_i2c.o(.text.I2C_Init) for I2C_Init
    oled.o(.text.I2Cx_Init) refers to stm32f10x_i2c.o(.text.I2C_Cmd) for I2C_Cmd
    oled.o(.ARM.exidx.text.I2Cx_Init) refers to oled.o(.text.I2Cx_Init) for [Anonymous Symbol]
    oled.o(.text.Oled_WriteCommand) refers to stm32f10x_i2c.o(.text.I2C_GetFlagStatus) for I2C_GetFlagStatus
    oled.o(.text.Oled_WriteCommand) refers to stm32f10x_i2c.o(.text.I2C_GenerateSTART) for I2C_GenerateSTART
    oled.o(.text.Oled_WriteCommand) refers to oled.o(.bss.IIC_OLED_TIMEOUT) for IIC_OLED_TIMEOUT
    oled.o(.text.Oled_WriteCommand) refers to stm32f10x_i2c.o(.text.I2C_CheckEvent) for I2C_CheckEvent
    oled.o(.text.Oled_WriteCommand) refers to stm32f10x_i2c.o(.text.I2C_Send7bitAddress) for I2C_Send7bitAddress
    oled.o(.text.Oled_WriteCommand) refers to stm32f10x_i2c.o(.text.I2C_SendData) for I2C_SendData
    oled.o(.text.Oled_WriteCommand) refers to stm32f10x_i2c.o(.text.I2C_GenerateSTOP) for I2C_GenerateSTOP
    oled.o(.ARM.exidx.text.Oled_WriteCommand) refers to oled.o(.text.Oled_WriteCommand) for [Anonymous Symbol]
    oled.o(.text.Oled_WriteData) refers to stm32f10x_i2c.o(.text.I2C_GetFlagStatus) for I2C_GetFlagStatus
    oled.o(.text.Oled_WriteData) refers to stm32f10x_i2c.o(.text.I2C_GenerateSTART) for I2C_GenerateSTART
    oled.o(.text.Oled_WriteData) refers to oled.o(.bss.IIC_OLED_TIMEOUT) for IIC_OLED_TIMEOUT
    oled.o(.text.Oled_WriteData) refers to stm32f10x_i2c.o(.text.I2C_CheckEvent) for I2C_CheckEvent
    oled.o(.text.Oled_WriteData) refers to stm32f10x_i2c.o(.text.I2C_Send7bitAddress) for I2C_Send7bitAddress
    oled.o(.text.Oled_WriteData) refers to stm32f10x_i2c.o(.text.I2C_SendData) for I2C_SendData
    oled.o(.text.Oled_WriteData) refers to stm32f10x_i2c.o(.text.I2C_GenerateSTOP) for I2C_GenerateSTOP
    oled.o(.ARM.exidx.text.Oled_WriteData) refers to oled.o(.text.Oled_WriteData) for [Anonymous Symbol]
    oled.o(.text.Oled_Init) refers to oled.o(.text.I2Cx_Init) for I2Cx_Init
    oled.o(.text.Oled_Init) refers to oled.o(.text.Oled_WriteCommand) for Oled_WriteCommand
    oled.o(.text.Oled_Init) refers to oled.o(.text.Oled_Fill) for Oled_Fill
    oled.o(.text.Oled_Init) refers to oled.o(.text.Oled_UpdateScreen) for Oled_UpdateScreen
    oled.o(.text.Oled_Init) refers to oled.o(.bss.Oled.0) for Oled.0
    oled.o(.text.Oled_Init) refers to oled.o(.bss.Oled.1) for Oled.1
    oled.o(.ARM.exidx.text.Oled_Init) refers to oled.o(.text.Oled_Init) for [Anonymous Symbol]
    oled.o(.text.Oled_Fill) refers to oled.o(.bss.oled_buffer) for oled_buffer
    oled.o(.text.Oled_Fill) refers to aeabi_memset4.o(.text) for __aeabi_memset4
    oled.o(.ARM.exidx.text.Oled_Fill) refers to oled.o(.text.Oled_Fill) for [Anonymous Symbol]
    oled.o(.text.Oled_UpdateScreen) refers to oled.o(.bss.oled_buffer) for oled_buffer
    oled.o(.text.Oled_UpdateScreen) refers to oled.o(.text.Oled_WriteCommand) for Oled_WriteCommand
    oled.o(.text.Oled_UpdateScreen) refers to oled.o(.text.Oled_WriteData) for Oled_WriteData
    oled.o(.ARM.exidx.text.Oled_UpdateScreen) refers to oled.o(.text.Oled_UpdateScreen) for [Anonymous Symbol]
    oled.o(.text.Oled_DrawPixel) refers to oled.o(.bss.oled_buffer) for oled_buffer
    oled.o(.ARM.exidx.text.Oled_DrawPixel) refers to oled.o(.text.Oled_DrawPixel) for [Anonymous Symbol]
    oled.o(.ARM.exidx.text.Oled_GetStringSize) refers to oled.o(.text.Oled_GetStringSize) for [Anonymous Symbol]
    oled.o(.text.Oled_WriteChar) refers to oled.o(.bss.Oled.0) for Oled.0
    oled.o(.text.Oled_WriteChar) refers to oled.o(.bss.Oled.1) for Oled.1
    oled.o(.text.Oled_WriteChar) refers to oled.o(.bss.oled_buffer) for oled_buffer
[...]
    Removing tasks.o(.text.vTaskSetTimeOutState), (42 bytes).
    Removing tasks.o(.ARM.exidx.text.vTaskSetTimeOutState), (8 bytes).
    Removing tasks.o(.ARM.exidx.text.vTaskInternalSetTimeOutState), (8 bytes).
    Removing tasks.o(.ARM.exidx.text.xTaskCheckForTimeOut), (8 bytes).
    Removing tasks.o(.ARM.exidx.text.vTaskMissedYield), (8 bytes).
    Removing tasks.o(.text.uxTaskGetTaskNumber), (10 bytes).
    Removing tasks.o(.ARM.exidx.text.uxTaskGetTaskNumber), (8 bytes).
    Removing tasks.o(.text.vTaskSetTaskNumber), (8 bytes).
    Removing tasks.o(.ARM.exidx.text.vTaskSetTaskNumber), (8 bytes).
    Removing tasks.o(.text.vTaskGetInfo), (170 bytes).
    Removing tasks.o(.ARM.exidx.text.vTaskGetInfo), (8 bytes).
    Removing tasks.o(.text.prvTaskCheckFreeStackSpace), (30 bytes).
    Removing tasks.o(.ARM.exidx.text.prvTaskCheckFreeStackSpace), (8 bytes).
    Removing tasks.o(.text.uxTaskGetStackHighWaterMark), (32 bytes).
    Removing tasks.o(.ARM.exidx.text.uxTaskGetStackHighWaterMark), (8 bytes).
    Removing tasks.o(.text.xTaskGetCurrentTaskHandle), (12 bytes).
    Removing tasks.o(.ARM.exidx.text.xTaskGetCurrentTaskHandle), (8 bytes).
    Removing tasks.o(.text.xTaskGetCurrentTaskHandleForCore), (20 bytes).
    Removing tasks.o(.ARM.exidx.text.xTaskGetCurrentTaskHandleForCore), (8 bytes).
    Removing tasks.o(.ARM.exidx.text.xTaskGetSchedulerState), (8 bytes).
    Removing tasks.o(.ARM.exidx.text.xTaskPriorityInherit), (8 bytes).
    Removing tasks.o(.ARM.exidx.text.xTaskPriorityDisinherit), (8 bytes).
    Removing tasks.o(.ARM.exidx.text.vTaskPriorityDisinheritAfterTimeout), (8 bytes).
    Removing tasks.o(.text.uxTaskResetEventItemValue), (26 bytes).
    Removing tasks.o(.ARM.exidx.text.uxTaskResetEventItemValue), (8 bytes).
    Removing tasks.o(.ARM.exidx.text.pvTaskIncrementMutexHeldCount), (8 bytes).
    Removing tasks.o(.text.ulTaskGenericNotifyTake), (172 bytes).
    Removing tasks.o(.ARM.exidx.text.ulTaskGenericNotifyTake), (8 bytes).
    Removing tasks.o(.text.xTaskGenericNotifyWait), (218 bytes).
    Removing tasks.o(.ARM.exidx.text.xTaskGenericNotifyWait), (8 bytes).
    Removing tasks.o(.text.xTaskGenericNotify), (276 bytes).
    Removing tasks.o(.ARM.exidx.text.xTaskGenericNotify), (8 bytes).
    Removing tasks.o(.text.xTaskGenericNotifyFromISR), (334 bytes).
    Removing tasks.o(.ARM.exidx.text.xTaskGenericNotifyFromISR), (8 bytes).
    Removing tasks.o(.text.vTaskGenericNotifyGiveFromISR), (254 bytes).
    Removing tasks.o(.ARM.exidx.text.vTaskGenericNotifyGiveFromISR), (8 bytes).
    Removing tasks.o(.text.xTaskGenericNotifyStateClear), (60 bytes).
    Removing tasks.o(.ARM.exidx.text.xTaskGenericNotifyStateClear), (8 bytes).
    Removing tasks.o(.text.ulTaskGenericNotifyValueClear), (58 bytes).
    Removing tasks.o(.ARM.exidx.text.ulTaskGenericNotifyValueClear), (8 bytes).
    Removing tasks.o(.text.vApplicationGetIdleTaskMemory), (26 bytes).
    Removing tasks.o(.ARM.exidx.text.vApplicationGetIdleTaskMemory), (8 bytes).
    Removing tasks.o(.text.vApplicationGetTimerTaskMemory), (26 bytes).
    Removing tasks.o(.ARM.exidx.text.vApplicationGetTimerTaskMemory), (8 bytes).
    Removing tasks.o(.text.vTaskResetState), (124 bytes).
    Removing tasks.o(.ARM.exidx.text.vTaskResetState), (8 bytes).
    Removing tasks.o(.text.prvInitialiseNewTask), (140 bytes).
    Removing tasks.o(.ARM.exidx.text.prvInitialiseNewTask), (8 bytes).
    Removing tasks.o(.text.prvInitialiseTaskLists), (112 bytes).
    Removing tasks.o(.ARM.exidx.text.prvInitialiseTaskLists), (8 bytes).
    Removing tasks.o(.text.prvIdleTask), (42 bytes).
    Removing tasks.o(.ARM.exidx.text.prvIdleTask), (8 bytes).
    Removing tasks.o(.bss.uxTaskNumber), (4 bytes).
    Removing tasks.o(.bss.xTasksWaitingTermination), (20 bytes).
    Removing tasks.o(.bss.uxDeletedTasksWaitingCleanUp), (4 bytes).
    Removing tasks.o(.rodata.uxTopUsedPriority), (4 bytes).
    Removing tasks.o(.bss.vApplicationGetIdleTaskMemory.xIdleTaskTCB), (92 bytes).
    Removing tasks.o(.bss.vApplicationGetIdleTaskMemory.uxIdleTaskStack), (512 bytes).
    Removing tasks.o(.bss.vApplicationGetTimerTaskMemory.xTimerTaskTCB), (92 bytes).
    Removing tasks.o(.bss.vApplicationGetTimerTaskMemory.uxTimerTaskStack), (512 bytes).
    Removing tasks.o(.bss.xDelayedTaskList1), (20 bytes).
    Removing tasks.o(.bss.xDelayedTaskList2), (20 bytes).
    Removing tasks.o(.rodata.str1.1), (5 bytes).
    Removing tasks.o(.bss.xIdleTaskHandles.0), (4 bytes).
    Removing timers.o(.text), (0 bytes).
    Removing timers.o(.text.xTimerCreateTimerTask), (112 bytes).
    Removing timers.o(.ARM.exidx.text.xTimerCreateTimerTask), (8 bytes).
    Removing timers.o(.text.prvCheckForValidListAndQueue), (106 bytes).
    Removing timers.o(.ARM.exidx.text.prvCheckForValidListAndQueue), (8 bytes).
    Removing timers.o(.text.prvTimerTask), (22 bytes).
    Removing timers.o(.ARM.exidx.text.prvTimerTask), (8 bytes).
    Removing timers.o(.text.xTimerCreate), (56 bytes).
    Removing timers.o(.ARM.exidx.text.xTimerCreate), (8 bytes).
    Removing timers.o(.text.prvInitialiseNewTimer), (66 bytes).
    Removing timers.o(.ARM.exidx.text.prvInitialiseNewTimer), (8 bytes).
    Removing timers.o(.text.xTimerCreateStatic), (56 bytes).
    Removing timers.o(.ARM.exidx.text.xTimerCreateStatic), (8 bytes).
    Removing timers.o(.text.xTimerGenericCommandFromTask), (84 bytes).
    Removing timers.o(.ARM.exidx.text.xTimerGenericCommandFromTask), (8 bytes).
    Removing timers.o(.text.xTimerGenericCommandFromISR), (68 bytes).
    Removing timers.o(.ARM.exidx.text.xTimerGenericCommandFromISR), (8 bytes).
    Removing timers.o(.text.xTimerGetTimerDaemonTaskHandle), (22 bytes).
    Removing timers.o(.ARM.exidx.text.xTimerGetTimerDaemonTaskHandle), (8 bytes).
    Removing timers.o(.text.xTimerGetPeriod), (12 bytes).
    Removing timers.o(.ARM.exidx.text.xTimerGetPeriod), (8 bytes).
    Removing timers.o(.text.vTimerSetReloadMode), (40 bytes).
    Removing timers.o(.ARM.exidx.text.vTimerSetReloadMode), (8 bytes).
    Removing timers.o(.text.xTimerGetReloadMode), (28 bytes).
    Removing timers.o(.ARM.exidx.text.xTimerGetReloadMode), (8 bytes).
    Removing timers.o(.text.uxTimerGetReloadMode), (8 bytes).
    Removing timers.o(.ARM.exidx.text.uxTimerGetReloadMode), (8 bytes).
    Removing timers.o(.text.xTimerGetExpiryTime), (12 bytes).
    Removing timers.o(.ARM.exidx.text.xTimerGetExpiryTime), (8 bytes).
    Removing timers.o(.text.xTimerGetStaticBuffer), (20 bytes).
    Removing timers.o(.ARM.exidx.text.xTimerGetStaticBuffer), (8 bytes).
    Removing timers.o(.text.pcTimerGetName), (12 bytes).
    Removing timers.o(.ARM.exidx.text.pcTimerGetName), (8 bytes).
    Removing timers.o(.text.xTimerIsTimerActive), (28 bytes).
    Removing timers.o(.ARM.exidx.text.xTimerIsTimerActive), (8 bytes).
    Removing timers.o(.text.pvTimerGetTimerID), (22 bytes).
    Removing timers.o(.ARM.exidx.text.pvTimerGetTimerID), (8 bytes).
    Removing timers.o(.text.vTimerSetTimerID), (22 bytes).
    Removing timers.o(.ARM.exidx.text.vTimerSetTimerID), (8 bytes).
    Removing timers.o(.text.xTimerPendFunctionCallFromISR), (42 bytes).
    Removing timers.o(.ARM.exidx.text.xTimerPendFunctionCallFromISR), (8 bytes).
    Removing timers.o(.text.xTimerPendFunctionCall), (52 bytes).
    Removing timers.o(.ARM.exidx.text.xTimerPendFunctionCall), (8 bytes).
    Removing timers.o(.text.uxTimerGetTimerNumber), (4 bytes).
    Removing timers.o(.ARM.exidx.text.uxTimerGetTimerNumber), (8 bytes).
    Removing timers.o(.text.vTimerSetTimerNumber), (4 bytes).
    Removing timers.o(.ARM.exidx.text.vTimerSetTimerNumber), (8 bytes).
    Removing timers.o(.text.vTimerResetState), (24 bytes).
    Removing timers.o(.ARM.exidx.text.vTimerResetState), (8 bytes).
    Removing timers.o(.text.prvGetNextExpireTime), (32 bytes).
    Removing timers.o(.ARM.exidx.text.prvGetNextExpireTime), (8 bytes).
    Removing timers.o(.text.prvProcessTimerOrBlockTask), (128 bytes).
    Removing timers.o(.ARM.exidx.text.prvProcessTimerOrBlockTask), (8 bytes).
    Removing timers.o(.text.prvProcessReceivedCommands), (280 bytes).
    Removing timers.o(.ARM.exidx.text.prvProcessReceivedCommands), (8 bytes).
    Removing timers.o(.text.prvSampleTimeNow), (42 bytes).
    Removing timers.o(.ARM.exidx.text.prvSampleTimeNow), (8 bytes).
    Removing timers.o(.text.prvProcessExpiredTimer), (62 bytes).
    Removing timers.o(.ARM.exidx.text.prvProcessExpiredTimer), (8 bytes).
    Removing timers.o(.text.prvSwitchTimerLists), (52 bytes).
    Removing timers.o(.ARM.exidx.text.prvSwitchTimerLists), (8 bytes).
    Removing timers.o(.text.prvReloadTimer), (58 bytes).
    Removing timers.o(.ARM.exidx.text.prvReloadTimer), (8 bytes).
    Removing timers.o(.text.prvInsertTimerInActiveList), (64 bytes).
    Removing timers.o(.ARM.exidx.text.prvInsertTimerInActiveList), (8 bytes).
    Removing timers.o(.bss.xTimerQueue), (4 bytes).
    Removing timers.o(.bss.xTimerTaskHandle), (4 bytes).
    Removing timers.o(.bss.pxCurrentTimerList), (4 bytes).
    Removing timers.o(.bss.pxOverflowTimerList), (4 bytes).
    Removing timers.o(.bss.prvSampleTimeNow.xLastTime), (4 bytes).
    Removing timers.o(.bss.xActiveTimerList1), (20 bytes).
    Removing timers.o(.bss.xActiveTimerList2), (20 bytes).
    Removing timers.o(.bss.prvCheckForValidListAndQueue.xStaticTimerQueue), (80 bytes).
    Removing timers.o(.bss.prvCheckForValidListAndQueue.ucStaticTimerQueueStorage), (80 bytes).

959 unused section(s) (total 27904 bytes) removed from the image.

==============================================================================

Image Symbol Table

    Local Symbols

    Symbol Name                              Value     Ov Type        Size  Object(Section)

    ../clib/angel/boardlib.s                 0x00000000   Number         0  boardinit1.o ABSOLUTE
    ../clib/angel/boardlib.s                 0x00000000   Number         0  boardinit3.o ABSOLUTE
    ../clib/angel/boardlib.s                 0x00000000   Number         0  boardshut.o ABSOLUTE
    ../clib/angel/handlers.s                 0x00000000   Number         0  __scatter_copy.o ABSOLUTE
    ../clib/angel/handlers.s                 0x00000000   Number         0  __scatter_zi.o ABSOLUTE
    ../clib/angel/kernel.s                   0x00000000   Number         0  __rtentry.o ABSOLUTE
    ../clib/angel/kernel.s                   0x00000000   Number         0  __rtentry2.o ABSOLUTE
    ../clib/angel/kernel.s                   0x00000000   Number         0  __rtentry4.o ABSOLUTE
    ../clib/angel/kernel.s                   0x00000000   Number         0  rtexit.o ABSOLUTE
    ../clib/angel/kernel.s                   0x00000000   Number         0  rtexit2.o ABSOLUTE
    ../clib/angel/rt.s                       0x00000000   Number         0  rt_raise.o ABSOLUTE
    ../clib/angel/scatter.s                  0x00000000   Number         0  __scatter.o ABSOLUTE
    ../clib/angel/startup.s                  0x00000000   Number         0  __main.o ABSOLUTE
    ../clib/angel/sys.s                      0x00000000   Number         0  sys_stackheap_outer.o ABSOLUTE
    ../clib/angel/sys.s                      0x00000000   Number         0  libspace.o ABSOLUTE
    ../clib/angel/sys.s                      0x00000000   Number         0  use_no_semi.o ABSOLUTE
    ../clib/angel/sys.s                      0x00000000   Number         0  indicate_semi.o ABSOLUTE
    ../clib/angel/sysapp.c                   0x00000000   Number         0  sys_exit.o ABSOLUTE
    ../clib/angel/sysapp.c                   0x00000000   Number         0  sys_exit_hlt.o ABSOLUTE
    ../clib/angel/sysapp.c                   0x00000000   Number         0  sys_command.o ABSOLUTE
    ../clib/angel/sysapp.c                   0x00000000   Number         0  sys_command_hlt.o ABSOLUTE
    ../clib/angel/sysapp.c                   0x00000000   Number         0  sys_wrch.o ABSOLUTE
    ../clib/angel/sysapp.c                   0x00000000   Number         0  sys_wrch_hlt.o ABSOLUTE
    ../clib/armsys.c                         0x00000000   Number         0  argv_veneer.o ABSOLUTE
    ../clib/armsys.c                         0x00000000   Number         0  argv_veneer.o ABSOLUTE
    ../clib/armsys.c                         0x00000000   Number         0  _get_argv_nomalloc.o ABSOLUTE
    ../clib/armsys.c                         0x00000000   Number         0  no_argv.o ABSOLUTE
    ../clib/heapalloc.c                      0x00000000   Number         0  hrguard.o ABSOLUTE
    ../clib/heapaux.c                        0x00000000   Number         0  heapauxi.o ABSOLUTE
    ../clib/libinit.s                        0x00000000   Number         0  libinit.o ABSOLUTE
    ../clib/libinit.s                        0x00000000   Number         0  libinit2.o ABSOLUTE
    ../clib/libinit.s                        0x00000000   Number         0  libshutdown.o ABSOLUTE
    ../clib/libinit.s                        0x00000000   Number         0  libshutdown2.o ABSOLUTE
    ../clib/memcpset.s                       0x00000000   Number         0  rt_memcpy_v6.o ABSOLUTE
    ../clib/memcpset.s                       0x00000000   Number         0  aeabi_memset4.o ABSOLUTE
    ../clib/memcpset.s                       0x00000000   Number         0  rt_memclr.o ABSOLUTE
    ../clib/memcpset.s                       0x00000000   Number         0  rt_memcpy_w.o ABSOLUTE
    ../clib/memcpset.s                       0x00000000   Number         0  rt_memclr_w.o ABSOLUTE
    ../clib/signal.c                         0x00000000   Number         0  defsig_rtmem_outer.o ABSOLUTE
    ../clib/signal.c                         0x00000000   Number         0  defsig_rtmem_formal.o ABSOLUTE
    ../clib/signal.c                         0x00000000   Number         0  defsig_exit.o ABSOLUTE
    ../clib/signal.c                         0x00000000   Number         0  defsig_rtmem_inner.o ABSOLUTE
    ../clib/signal.c                         0x00000000   Number         0  __raise.o ABSOLUTE
    ../clib/signal.c                         0x00000000   Number         0  defsig_general.o ABSOLUTE
    ../clib/signal.c                         0x00000000   Number         0  defsig_abrt_inner.o ABSOLUTE
    ../clib/signal.c                         0x00000000   Number         0  defsig_fpe_inner.o ABSOLUTE
    ../clib/signal.c                         0x00000000   Number         0  defsig_rtred_inner.o ABSOLUTE
    ../clib/signal.c                         0x00000000   Number         0  defsig_stak_inner.o ABSOLUTE
    ../clib/signal.c                         0x00000000   Number         0  defsig_pvfn_inner.o ABSOLUTE
    ../clib/signal.c                         0x00000000   Number         0  defsig_cppl_inner.o ABSOLUTE
    ../clib/signal.c                         0x00000000   Number         0  defsig_segv_inner.o ABSOLUTE
    ../clib/signal.c                         0x00000000   Number         0  defsig_other.o ABSOLUTE
    ../clib/signal.s                         0x00000000   Number         0  defsig.o ABSOLUTE
    ../clib/stdlib.c                         0x00000000   Number         0  exit.o ABSOLUTE
    ../fplib/fpinit.s                        0x00000000   Number         0  fpinit.o ABSOLUTE
    ../fplib/fpinit_empty.s                  0x00000000   Number         0  fpinit_empty.o ABSOLUTE
    RTE/Device/STM32F103C8/startup_stm32f10x_md.s 0x00000000   Number         0  startup_stm32f10x_md.o ABSOLUTE
    clib_os.c                                0x00000000   Number         0  clib_os.o ABSOLUTE
    cmsis_os2.c                              0x00000000   Number         0  cmsis_os2.o ABSOLUTE
    dc.s                                     0x00000000   Number         0  dc.o ABSOLUTE
    event_groups.c                           0x00000000   Number         0  event_groups.o ABSOLUTE
    freertos_evr.c                           0x00000000   Number         0  freertos_evr.o ABSOLUTE
    heap_4.c                                 0x00000000   Number         0  heap_4.o ABSOLUTE
    list.c                                   0x00000000   Number         0  list.o ABSOLUTE
    main.c                                   0x00000000   Number         0  main.o ABSOLUTE
    misc.c                                   0x00000000   Number         0  misc.o ABSOLUTE
    oled.c                                   0x00000000   Number         0  oled.o ABSOLUTE
    oled_fonts.c                             0x00000000   Number         0  oled_fonts.o ABSOLUTE
    os_systick.c                             0x00000000   Number         0  os_systick.o ABSOLUTE
    port.c                                   0x00000000   Number         0  port.o ABSOLUTE
    queue.c                                  0x00000000   Number         0  queue.o ABSOLUTE
    stm32f10x_adc.c                          0x00000000   Number         0  stm32f10x_adc.o ABSOLUTE
    stm32f10x_exti.c                         0x00000000   Number         0  stm32f10x_exti.o ABSOLUTE
    stm32f10x_flash.c                        0x00000000   Number         0  stm32f10x_flash.o ABSOLUTE
    stm32f10x_gpio.c                         0x00000000   Number         0  stm32f10x_gpio.o ABSOLUTE
    stm32f10x_i2c.c                          0x00000000   Number         0  stm32f10x_i2c.o ABSOLUTE
    stm32f10x_rcc.c                          0x00000000   Number         0  stm32f10x_rcc.o ABSOLUTE
    stm32f10x_usart.c                        0x00000000   Number         0  stm32f10x_usart.o ABSOLUTE
    system_stm32f10x.c                       0x00000000   Number         0  system_stm32f10x.o ABSOLUTE
    tasks.c                                  0x00000000   Number         0  tasks.o ABSOLUTE
    timers.c                                 0x00000000   Number         0  timers.o ABSOLUTE
    RESET                                    0x08000000   Section      236  startup_stm32f10x_md.o(RESET)
    !!!main                                  0x080000ec   Section        8  __main.o(!!!main)
    !!!scatter                               0x080000f4   Section       52  __scatter.o(!!!scatter)
    !!handler_copy                           0x08000128   Section       26  __scatter_copy.o(!!handler_copy)
    !!handler_zi                             0x08000144   Section       28  __scatter_zi.o(!!handler_zi)
    .ARM.Collect$$libinit$$00000000          0x08000160   Section        2  libinit.o(.ARM.Collect$$libinit$$00000000)
    .ARM.Collect$$libinit$$00000002          0x08000162   Section        0  libinit2.o(.ARM.Collect$$libinit$$00000002)
    .ARM.Collect$$libinit$$00000004          0x08000162   Section        0  libinit2.o(.ARM.Collect$$libinit$$00000004)
    .ARM.Collect$$libinit$$0000000A          0x08000162   Section        0  libinit2.o(.ARM.Collect$$libinit$$0000000A)
    .ARM.Collect$$libinit$$0000000C          0x08000162   Section        0  libinit2.o(.ARM.Collect$$libinit$$0000000C)
    .ARM.Collect$$libinit$$0000000E          0x08000162   Section        0  libinit2.o(.ARM.Collect$$libinit$$0000000E)
    .ARM.Collect$$libinit$$00000011          0x08000162   Section        0  libinit2.o(.ARM.Collect$$libinit$$00000011)
    .ARM.Collect$$libinit$$00000013          0x08000162   Section        0  libinit2.o(.ARM.Collect$$libinit$$00000013)
    .ARM.Collect$$libinit$$00000015          0x08000162   Section        0  libinit2.o(.ARM.Collect$$libinit$$00000015)
    .ARM.Collect$$libinit$$00000017          0x08000162   Section        0  libinit2.o(.ARM.Collect$$libinit$$00000017)
    .ARM.Collect$$libinit$$00000019          0x08000162   Section        0  libinit2.o(.ARM.Collect$$libinit$$00000019)
    .ARM.Collect$$libinit$$0000001B          0x08000162   Section        0  libinit2.o(.ARM.Collect$$libinit$$0000001B)
    .ARM.Collect$$libinit$$0000001D          0x08000162   Section        0  libinit2.o(.ARM.Collect$$libinit$$0000001D)
    .ARM.Collect$$libinit$$0000001F          0x08000162   Section        0  libinit2.o(.ARM.Collect$$libinit$$0000001F)
    .ARM.Collect$$libinit$$00000021          0x08000162   Section        0  libinit2.o(.ARM.Collect$$libinit$$00000021)
    .ARM.Collect$$libinit$$00000023          0x08000162   Section        0  libinit2.o(.ARM.Collect$$libinit$$00000023)
    .ARM.Collect$$libinit$$00000025          0x08000162   Section        0  libinit2.o(.ARM.Collect$$libinit$$00000025)
    .ARM.Collect$$libinit$$0000002C          0x08000162   Section        0  libinit2.o(.ARM.Collect$$libinit$$0000002C)
    .ARM.Collect$$libinit$$0000002E          0x08000162   Section        0  libinit2.o(.ARM.Collect$$libinit$$0000002E)
    .ARM.Collect$$libinit$$00000030          0x08000162   Section        0  libinit2.o(.ARM.Collect$$libinit$$00000030)
    .ARM.Collect$$libinit$$00000032          0x08000162   Section        0  libinit2.o(.ARM.Collect$$libinit$$00000032)
    .ARM.Collect$$libinit$$00000033          0x08000162   Section        2  libinit2.o(.ARM.Collect$$libinit$$00000033)
    .ARM.Collect$$libshutdown$$00000000      0x08000164   Section        2  libshutdown.o(.ARM.Collect$$libshutdown$$00000000)
    .ARM.Collect$$libshutdown$$00000002      0x08000166   Section        0  libshutdown2.o(.ARM.Collect$$libshutdown$$00000002)
    .ARM.Collect$$libshutdown$$00000004      0x08000166   Section        0  libshutdown2.o(.ARM.Collect$$libshutdown$$00000004)
    .ARM.Collect$$libshutdown$$00000007      0x08000166   Section        0  libshutdown2.o(.ARM.Collect$$libshutdown$$00000007)
    .ARM.Collect$$libshutdown$$0000000A      0x08000166   Section        0  libshutdown2.o(.ARM.Collect$$libshutdown$$0000000A)
    .ARM.Collect$$libshutdown$$0000000C      0x08000166   Section        0  libshutdown2.o(.ARM.Collect$$libshutdown$$0000000C)
    .ARM.Collect$$libshutdown$$0000000F      0x08000166   Section        0  libshutdown2.o(.ARM.Collect$$libshutdown$$0000000F)
    .ARM.Collect$$libshutdown$$00000010      0x08000166   Section        2  libshutdown2.o(.ARM.Collect$$libshutdown$$00000010)
    .ARM.Collect$$rtentry$$00000000          0x08000168   Section        0  __rtentry.o(.ARM.Collect$$rtentry$$00000000)
    .ARM.Collect$$rtentry$$00000002          0x08000168   Section        0  __rtentry2.o(.ARM.Collect$$rtentry$$00000002)
    .ARM.Collect$$rtentry$$00000004          0x08000168   Section        6  __rtentry4.o(.ARM.Collect$$rtentry$$00000004)
    .ARM.Collect$$rtentry$$00000008          0x0800016e   Section        8  __rtentry2.o(.ARM.Collect$$rtentry$$00000008)
    .ARM.Collect$$rtentry$$0000000A          0x08000176   Section        4  __rtentry2.o(.ARM.Collect$$rtentry$$0000000A)
    .ARM.Collect$$rtentry$$0000000C          0x0800017a   Section        0  __rtentry2.o(.ARM.Collect$$rtentry$$0000000C)
    .ARM.Collect$$rtentry$$0000000D          0x0800017a   Section        8  __rtentry2.o(.ARM.Collect$$rtentry$$0000000D)
    .ARM.Collect$$rtexit$$00000000           0x08000182   Section        2  rtexit.o(.ARM.Collect$$rtexit$$00000000)
    .ARM.Collect$$rtexit$$00000002           0x08000184   Section        0  rtexit2.o(.ARM.Collect$$rtexit$$00000002)
    .ARM.Collect$$rtexit$$00000003           0x08000184   Section        4  rtexit2.o(.ARM.Collect$$rtexit$$00000003)
    .ARM.Collect$$rtexit$$00000004           0x08000188   Section        6  rtexit2.o(.ARM.Collect$$rtexit$$00000004)
    .text                                    0x08000190   Section       64  startup_stm32f10x_md.o(.text)
    .text                                    0x080001d0   Section      138  rt_memcpy_v6.o(.text)
    .text                                    0x0800025a   Section       16  aeabi_memset4.o(.text)
    .text                                    0x0800026a   Section        0  heapauxi.o(.text)
    .text                                    0x08000270   Section      100  rt_memcpy_w.o(.text)
    .text                                    0x080002d4   Section       78  rt_memclr_w.o(.text)
    .text                                    0x08000322   Section       74  sys_stackheap_outer.o(.text)
    .text                                    0x0800036c   Section        0  exit.o(.text)
    .text                                    0x08000380   Section        8  libspace.o(.text)
    .text                                    0x08000388   Section        0  sys_exit.o(.text)
    .text                                    0x08000394   Section        2  use_no_semi.o(.text)
    .text                                    0x08000396   Section        0  indicate_semi.o(.text)
    [Anonymous Symbol]                       0x08000398   Section        0  stm32f10x_gpio.o(.text.GPIO_Init)
    [Anonymous Symbol]                       0x08000448   Section        0  stm32f10x_i2c.o(.text.I2C_CheckEvent)
    [Anonymous Symbol]                       0x08000460   Section        0  stm32f10x_i2c.o(.text.I2C_Cmd)
    [Anonymous Symbol]                       0x08000474   Section        0  stm32f10x_i2c.o(.text.I2C_DeInit)
    [Anonymous Symbol]                       0x0800049c   Section        0  stm32f10x_i2c.o(.text.I2C_GenerateSTART)
    [Anonymous Symbol]                       0x080004b0   Section        0  stm32f10x_i2c.o(.text.I2C_GenerateSTOP)
    [Anonymous Symbol]                       0x080004c4   Section        0  stm32f10x_i2c.o(.text.I2C_GetFlagStatus)
    [Anonymous Symbol]                       0x080004f4   Section        0  stm32f10x_i2c.o(.text.I2C_Init)
    [Anonymous Symbol]                       0x080005c0   Section        0  stm32f10x_i2c.o(.text.I2C_Send7bitAddress)
    [Anonymous Symbol]                       0x080005d0   Section        0  stm32f10x_i2c.o(.text.I2C_SendData)
    [Anonymous Symbol]                       0x080005d4   Section        0  oled.o(.text.I2Cx_Init)
    [Anonymous Symbol]                       0x08000644   Section        0  oled.o(.text.Oled_DrawPixel)
    [Anonymous Symbol]                       0x08000680   Section        0  oled.o(.text.Oled_Fill)
    [Anonymous Symbol]                       0x0800069c   Section        0  oled.o(.text.Oled_GetStringSize)
    [Anonymous Symbol]                       0x08000728   Section        0  oled.o(.text.Oled_Init)
    [Anonymous Symbol]                       0x0800081c   Section        0  oled.o(.text.Oled_SetCursor)
    [Anonymous Symbol]                       0x08000834   Section        0  oled.o(.text.Oled_UpdateScreen)
    [Anonymous Symbol]                       0x0800086c   Section        0  oled.o(.text.Oled_WriteChar)
    [Anonymous Symbol]                       0x08000998   Section        0  oled.o(.text.Oled_WriteCommand)
    [Anonymous Symbol]                       0x08000a68   Section        0  oled.o(.text.Oled_WriteData)
    [Anonymous Symbol]                       0x08000b50   Section        0  oled.o(.text.Oled_WriteString)
    [Anonymous Symbol]                       0x08000ba8   Section        0  port.o(.text.PendSV_Handler)
    [Anonymous Symbol]                       0x08000bec   Section        0  stm32f10x_rcc.o(.text.RCC_APB1PeriphClockCmd)
    [Anonymous Symbol]                       0x08000c04   Section        0  stm32f10x_rcc.o(.text.RCC_APB1PeriphResetCmd)
    [Anonymous Symbol]                       0x08000c1c   Section        0  stm32f10x_rcc.o(.text.RCC_APB2PeriphClockCmd)
    [Anonymous Symbol]                       0x08000c34   Section        0  stm32f10x_rcc.o(.text.RCC_GetClocksFreq)
    [Anonymous Symbol]                       0x08000cd4   Section        0  port.o(.text.SVC_Handler)
    SetSysClock                              0x08000cf9   Thumb Code     8  system_stm32f10x.o(.text.SetSysClock)
    [Anonymous Symbol]                       0x08000cf8   Section        0  system_stm32f10x.o(.text.SetSysClock)
    SetSysClockTo72                          0x08000d01   Thumb Code   190  system_stm32f10x.o(.text.SetSysClockTo72)
    [Anonymous Symbol]                       0x08000d00   Section        0  system_stm32f10x.o(.text.SetSysClockTo72)
    [Anonymous Symbol]                       0x08000dc0   Section        0  cmsis_os2.o(.text.SysTick_Handler)
    [Anonymous Symbol]                       0x08000ddc   Section        0  system_stm32f10x.o(.text.SystemInit)
    __tagsym$$used.1                         0x08000e34   Number         0  clib_os.o(.text._mutex_acquire)
    [Anonymous Symbol]                       0x08000e34   Section        0  clib_os.o(.text._mutex_acquire)
    __tagsym$$used.3                         0x08000e54   Number         0  clib_os.o(.text._mutex_free)
    [Anonymous Symbol]                       0x08000e54   Section        0  clib_os.o(.text._mutex_free)
    __tagsym$$used.0                         0x08000e88   Number         0  clib_os.o(.text._mutex_initialize)
    [Anonymous Symbol]                       0x08000e88   Section        0  clib_os.o(.text._mutex_initialize)
    __tagsym$$used.2                         0x08000ee0   Number         0  clib_os.o(.text._mutex_release)
    [Anonymous Symbol]                       0x08000ee0   Section        0  clib_os.o(.text._mutex_release)
    [Anonymous Symbol]                       0x08000f04   Section        0  clib_os.o(.text._platform_post_stackheap_init)
    is_thread_mode                           0x08000f09   Thumb Code    12  clib_os.o(.text.is_thread_mode)
    [Anonymous Symbol]                       0x08000f08   Section        0  clib_os.o(.text.is_thread_mode)
    [Anonymous Symbol]                       0x08000f14   Section        0  main.o(.text.main)
    os_kernel_is_active                      0x08000f6d   Thumb Code    16  clib_os.o(.text.os_kernel_is_active)
    [Anonymous Symbol]                       0x08000f6c   Section        0  clib_os.o(.text.os_kernel_is_active)
    prvAddCurrentTaskToDelayedList           0x08000f7d   Thumb Code   178  tasks.o(.text.prvAddCurrentTaskToDelayedList)
    [Anonymous Symbol]                       0x08000f7c   Section        0  tasks.o(.text.prvAddCurrentTaskToDelayedList)
    prvCopyDataToQueue                       0x08001031   Thumb Code   122  queue.o(.text.prvCopyDataToQueue)
    [Anonymous Symbol]                       0x08001030   Section        0  queue.o(.text.prvCopyDataToQueue)
    prvGetHighestPriorityOfWaitToReceiveList 0x080010ad   Thumb Code    18  queue.o(.text.prvGetHighestPriorityOfWaitToReceiveList)
    [Anonymous Symbol]                       0x080010ac   Section        0  queue.o(.text.prvGetHighestPriorityOfWaitToReceiveList)
    prvHeapInit                              0x080010c1   Thumb Code   106  heap_4.o(.text.prvHeapInit)
    [Anonymous Symbol]                       0x080010c0   Section        0  heap_4.o(.text.prvHeapInit)
    prvInitialiseMutex                       0x0800112d   Thumb Code    32  queue.o(.text.prvInitialiseMutex)
    [Anonymous Symbol]                       0x0800112c   Section        0  queue.o(.text.prvInitialiseMutex)
    prvInitialiseNewQueue                    0x0800114d   Thumb Code    32  queue.o(.text.prvInitialiseNewQueue)
    [Anonymous Symbol]                       0x0800114c   Section        0  queue.o(.text.prvInitialiseNewQueue)
    prvInsertBlockIntoFreeList               0x0800116d   Thumb Code   120  heap_4.o(.text.prvInsertBlockIntoFreeList)
    [Anonymous Symbol]                       0x0800116c   Section        0  heap_4.o(.text.prvInsertBlockIntoFreeList)
    prvIsQueueEmpty                          0x080011e5   Thumb Code    24  queue.o(.text.prvIsQueueEmpty)
    [Anonymous Symbol]                       0x080011e4   Section        0  queue.o(.text.prvIsQueueEmpty)
    prvIsQueueFull                           0x080011fd   Thumb Code    28  queue.o(.text.prvIsQueueFull)
    [Anonymous Symbol]                       0x080011fc   Section        0  queue.o(.text.prvIsQueueFull)
    prvResetNextTaskUnblockTime              0x08001219   Thumb Code    38  tasks.o(.text.prvResetNextTaskUnblockTime)
    [Anonymous Symbol]                       0x08001218   Section        0  tasks.o(.text.prvResetNextTaskUnblockTime)
    prvUnlockQueue                           0x08001241   Thumb Code   114  queue.o(.text.prvUnlockQueue)
    [Anonymous Symbol]                       0x08001240   Section        0  queue.o(.text.prvUnlockQueue)
    [Anonymous Symbol]                       0x080012b4   Section        0  heap_4.o(.text.pvPortMalloc)
    [Anonymous Symbol]                       0x08001404   Section        0  tasks.o(.text.pvTaskIncrementMutexHeldCount)
    [Anonymous Symbol]                       0x0800141c   Section        0  list.o(.text.uxListRemove)
    [Anonymous Symbol]                       0x08001444   Section        0  cmsis_os2.o(.text.vApplicationStackOverflowHook)
    [Anonymous Symbol]                       0x08001448   Section        0  list.o(.text.vListInitialise)
    [Anonymous Symbol]                       0x08001460   Section        0  list.o(.text.vListInsert)
    [Anonymous Symbol]                       0x0800149c   Section        0  port.o(.text.vPortEnterCritical)
    [Anonymous Symbol]                       0x080014d4   Section        0  port.o(.text.vPortExitCritical)
    [Anonymous Symbol]                       0x080014f4   Section        0  heap_4.o(.text.vPortFree)
    [Anonymous Symbol]                       0x08001574   Section        0  queue.o(.text.vQueueDelete)
    [Anonymous Symbol]                       0x08001588   Section        0  tasks.o(.text.vTaskInternalSetTimeOutState)
    [Anonymous Symbol]                       0x080015a4   Section        0  tasks.o(.text.vTaskMissedYield)
    [Anonymous Symbol]                       0x080015b4   Section        0  tasks.o(.text.vTaskPlaceOnEventList)
    [Anonymous Symbol]                       0x080015d8   Section        0  tasks.o(.text.vTaskPriorityDisinheritAfterTimeout)
    [Anonymous Symbol]                       0x08001670   Section        0  tasks.o(.text.vTaskSuspendAll)
    __tagsym$$used.0                         0x08001680   Number         0  tasks.o(.text.vTaskSwitchContext)
    [Anonymous Symbol]                       0x08001680   Section        0  tasks.o(.text.vTaskSwitchContext)
    [Anonymous Symbol]                       0x08001750   Section        0  port.o(.text.xPortSysTickHandler)
    [Anonymous Symbol]                       0x08001780   Section        0  queue.o(.text.xQueueCreateMutex)
    [Anonymous Symbol]                       0x08001798   Section        0  queue.o(.text.xQueueCreateMutexStatic)
    [Anonymous Symbol]                       0x080017bc   Section        0  queue.o(.text.xQueueGenericCreate)
    [Anonymous Symbol]                       0x0800180c   Section        0  queue.o(.text.xQueueGenericCreateStatic)
    [Anonymous Symbol]                       0x08001858   Section        0  queue.o(.text.xQueueGenericReset)
    [Anonymous Symbol]                       0x080018f4   Section        0  queue.o(.text.xQueueGenericSend)
    [Anonymous Symbol]                       0x08001a5c   Section        0  queue.o(.text.xQueueSemaphoreTake)
    [Anonymous Symbol]                       0x08001bd8   Section        0  tasks.o(.text.xTaskCheckForTimeOut)
    [Anonymous Symbol]                       0x08001c64   Section        0  tasks.o(.text.xTaskGetSchedulerState)
    [Anonymous Symbol]                       0x08001c8c   Section        0  tasks.o(.text.xTaskIncrementTick)
    [Anonymous Symbol]                       0x08001e28   Section        0  tasks.o(.text.xTaskPriorityDisinherit)
    [Anonymous Symbol]                       0x08001eb0   Section        0  tasks.o(.text.xTaskPriorityInherit)
    [Anonymous Symbol]                       0x08001f58   Section        0  tasks.o(.text.xTaskRemoveFromEventList)
    [Anonymous Symbol]                       0x0800203c   Section        0  tasks.o(.text.xTaskResumeAll)
    ADCPrescTable                            0x080021a0   Data           4  stm32f10x_rcc.o(.rodata.ADCPrescTable)
    [Anonymous Symbol]                       0x080021a0   Section        0  stm32f10x_rcc.o(.rodata.ADCPrescTable)
    APBAHBPrescTable                         0x080021a4   Data          16  stm32f10x_rcc.o(.rodata.APBAHBPrescTable)
    [Anonymous Symbol]                       0x080021a4   Section        0  stm32f10x_rcc.o(.rodata.APBAHBPrescTable)
    .L.str                                   0x080026aa   Data          14  main.o(.rodata.str1.1)
    [Anonymous Symbol]                       0x080026aa   Section        0  main.o(.rodata.str1.1)
    uxCriticalNesting                        0x20000000   Data           4  port.o(.data.uxCriticalNesting)
    [Anonymous Symbol]                       0x20000000   Section        0  port.o(.data.uxCriticalNesting)
    .bss                                     0x20000008   Section       96  libspace.o(.bss)
    Oled.0                                   0x2000006c   Data           2  oled.o(.bss.Oled.0)
    [Anonymous Symbol]                       0x2000006c   Section        0  oled.o(.bss.Oled.0)
    Oled.1                                   0x2000006e   Data           2  oled.o(.bss.Oled.1)
    [Anonymous Symbol]                       0x2000006e   Section        0  oled.o(.bss.Oled.1)
    clib_mutex_cb                            0x20000070   Data         400  clib_os.o(.bss.clib_mutex_cb)
    [Anonymous Symbol]                       0x20000070   Section        0  clib_os.o(.bss.clib_mutex_cb)
    clib_mutex_id                            0x20000200   Data          20  clib_os.o(.bss.clib_mutex_id)
    [Anonymous Symbol]                       0x20000200   Section        0  clib_os.o(.bss.clib_mutex_id)
    oled_buffer                              0x20000214   Data         512  oled.o(.bss.oled_buffer)
    [Anonymous Symbol]                       0x20000214   Section        0  oled.o(.bss.oled_buffer)
    __tagsym$$used.1                         0x20000414   Number         0  tasks.o(.bss.pxCurrentTCB)
    pxDelayedTaskList                        0x20000418   Data           4  tasks.o(.bss.pxDelayedTaskList)
    [Anonymous Symbol]                       0x20000418   Section        0  tasks.o(.bss.pxDelayedTaskList)
    pxEnd                                    0x2000041c   Data           4  heap_4.o(.bss.pxEnd)
    [Anonymous Symbol]                       0x2000041c   Section        0  heap_4.o(.bss.pxEnd)
    pxOverflowDelayedTaskList                0x20000420   Data           4  tasks.o(.bss.pxOverflowDelayedTaskList)
    [Anonymous Symbol]                       0x20000420   Section        0  tasks.o(.bss.pxOverflowDelayedTaskList)
    pxReadyTasksLists                        0x20000424   Data        1120  tasks.o(.bss.pxReadyTasksLists)
    [Anonymous Symbol]                       0x20000424   Section        0  tasks.o(.bss.pxReadyTasksLists)
    ucHeap                                   0x20000884   Data        8192  heap_4.o(.bss.ucHeap)
    [Anonymous Symbol]                       0x20000884   Section        0  heap_4.o(.bss.ucHeap)
    uxCurrentNumberOfTasks                   0x20002884   Data           4  tasks.o(.bss.uxCurrentNumberOfTasks)
    [Anonymous Symbol]                       0x20002884   Section        0  tasks.o(.bss.uxCurrentNumberOfTasks)
    uxSchedulerSuspended                     0x20002888   Data           4  tasks.o(.bss.uxSchedulerSuspended)
    [Anonymous Symbol]                       0x20002888   Section        0  tasks.o(.bss.uxSchedulerSuspended)
    uxTopReadyPriority                       0x2000288c   Data           4  tasks.o(.bss.uxTopReadyPriority)
    [Anonymous Symbol]                       0x2000288c   Section        0  tasks.o(.bss.uxTopReadyPriority)
    xFreeBytesRemaining                      0x20002890   Data           4  heap_4.o(.bss.xFreeBytesRemaining)
    [Anonymous Symbol]                       0x20002890   Section        0  heap_4.o(.bss.xFreeBytesRemaining)
    xMinimumEverFreeBytesRemaining           0x20002894   Data           4  heap_4.o(.bss.xMinimumEverFreeBytesRemaining)
    [Anonymous Symbol]                       0x20002894   Section        0  heap_4.o(.bss.xMinimumEverFreeBytesRemaining)
    xNextTaskUnblockTime                     0x20002898   Data           4  tasks.o(.bss.xNextTaskUnblockTime)
    [Anonymous Symbol]                       0x20002898   Section        0  tasks.o(.bss.xNextTaskUnblockTime)
    xNumOfOverflows                          0x2000289c   Data           4  tasks.o(.bss.xNumOfOverflows)
    [Anonymous Symbol]                       0x2000289c   Section        0  tasks.o(.bss.xNumOfOverflows)
    xNumberOfSuccessfulAllocations           0x200028a0   Data           4  heap_4.o(.bss.xNumberOfSuccessfulAllocations)
    [Anonymous Symbol]                       0x200028a0   Section        0  heap_4.o(.bss.xNumberOfSuccessfulAllocations)
    xNumberOfSuccessfulFrees                 0x200028a4   Data           4  heap_4.o(.bss.xNumberOfSuccessfulFrees)
    [Anonymous Symbol]                       0x200028a4   Section        0  heap_4.o(.bss.xNumberOfSuccessfulFrees)
    xPendedTicks                             0x200028a8   Data           4  tasks.o(.bss.xPendedTicks)
    [Anonymous Symbol]                       0x200028a8   Section        0  tasks.o(.bss.xPendedTicks)
    xPendingReadyList                        0x200028ac   Data          20  tasks.o(.bss.xPendingReadyList)
    [Anonymous Symbol]                       0x200028ac   Section        0  tasks.o(.bss.xPendingReadyList)
    xSchedulerRunning                        0x200028c0   Data           4  tasks.o(.bss.xSchedulerRunning)
    [Anonymous Symbol]                       0x200028c0   Section        0  tasks.o(.bss.xSchedulerRunning)
    xStart                                   0x200028c4   Data           8  heap_4.o(.bss.xStart)
    [Anonymous Symbol]                       0x200028c4   Section        0  heap_4.o(.bss.xStart)
    xSuspendedTaskList                       0x200028cc   Data          20  tasks.o(.bss.xSuspendedTaskList)
    [Anonymous Symbol]                       0x200028cc   Section        0  tasks.o(.bss.xSuspendedTaskList)
    xTickCount                               0x200028e0   Data           4  tasks.o(.bss.xTickCount)
    [Anonymous Symbol]                       0x200028e0   Section        0  tasks.o(.bss.xTickCount)
    xYieldPendings                           0x200028e4   Data           4  tasks.o(.bss.xYieldPendings)
    [Anonymous Symbol]                       0x200028e4   Section        0  tasks.o(.bss.xYieldPendings)
    Heap_Mem                                 0x200028e8   Data         512  startup_stm32f10x_md.o(HEAP)
    HEAP                                     0x200028e8   Section      512  startup_stm32f10x_md.o(HEAP)
    Stack_Mem                                0x20002ae8   Data        1024  startup_stm32f10x_md.o(STACK)
    STACK                                    0x20002ae8   Section     1024  startup_stm32f10x_md.o(STACK)
    __initial_sp                             0x20002ee8   Data           0  startup_stm32f10x_md.o(STACK)

    Global Symbols

    Symbol Name                              Value     Ov Type        Size  Object(Section)

    BuildAttributes$$THM_ISAv4$P$D$K$B$S$PE$A:L22UL41UL21$X:L11$S22US41US21$IEEE1$IW$~IW$USESV6$~STKCKD$USESV7$~SHL$OTIME$ROPI$EBA8$UX$STANDARDLIB$REQ8$PRES8$EABIv2 0x00000000   Number         0  anon$$obj.o ABSOLUTE
    __fp_init_empty                          0x00000000   Number         0  fpinit_empty.o ABSOLUTE
    __ARM_exceptions_init                     - Undefined Weak Reference
    __alloca_initialize                       - Undefined Weak Reference
    __arm_preinit_                            - Undefined Weak Reference
    __cpp_initialize__aeabi_                  - Undefined Weak Reference
    __cxa_finalize                            - Undefined Weak Reference
    __rt_locale                               - Undefined Weak Reference
    __sigvec_lookup                           - Undefined Weak Reference
    _atexit_init                              - Undefined Weak Reference
    _call_atexit_fns                          - Undefined Weak Reference
    _clock_init                               - Undefined Weak Reference
    _fp_trap_init                             - Undefined Weak Reference
    _fp_trap_shutdown                         - Undefined Weak Reference
    _get_lc_collate                           - Undefined Weak Reference
    _get_lc_ctype                             - Undefined Weak Reference
    _get_lc_monetary                          - Undefined Weak Reference
    _get_lc_numeric                           - Undefined Weak Reference
    _get_lc_time                              - Undefined Weak Reference
    _getenv_init                              - Undefined Weak Reference
    _handle_redirection                       - Undefined Weak Reference
    _init_alloc                               - Undefined Weak Reference
    _init_user_alloc                          - Undefined Weak Reference
    _initio                                   - Undefined Weak Reference
    _rand_init                                - Undefined Weak Reference
    _signal_finish                            - Undefined Weak Reference
    _signal_init                              - Undefined Weak Reference
    _terminate_alloc                          - Undefined Weak Reference
    _terminate_user_alloc                     - Undefined Weak Reference
    _terminateio                              - Undefined Weak Reference
    __Vectors_Size                           0x000000ec   Number         0  startup_stm32f10x_md.o ABSOLUTE
    __Vectors                                0x08000000   Data           4  startup_stm32f10x_md.o(RESET)
    __Vectors_End                            0x080000ec   Data           0  startup_stm32f10x_md.o(RESET)
    __main                                   0x080000ed   Thumb Code     8  __main.o(!!!main)
    __scatterload                            0x080000f5   Thumb Code     0  __scatter.o(!!!scatter)
    __scatterload_rt2                        0x080000f5   Thumb Code    44  __scatter.o(!!!scatter)
    __scatterload_rt2_thumb_only             0x080000f5   Thumb Code     0  __scatter.o(!!!scatter)
    __scatterload_null                       0x08000103   Thumb Code     0  __scatter.o(!!!scatter)
    __scatterload_copy                       0x08000129   Thumb Code    26  __scatter_copy.o(!!handler_copy)
    __scatterload_zeroinit                   0x08000145   Thumb Code    28  __scatter_zi.o(!!handler_zi)
    __rt_lib_init                            0x08000161   Thumb Code     0  libinit.o(.ARM.Collect$$libinit$$00000000)
    __rt_lib_init_alloca_1                   0x08000163   Thumb Code     0  libinit2.o(.ARM.Collect$$libinit$$0000002E)
    __rt_lib_init_argv_1                     0x08000163   Thumb Code     0  libinit2.o(.ARM.Collect$$libinit$$0000002C)
    __rt_lib_init_atexit_1                   0x08000163   Thumb Code     0  libinit2.o(.ARM.Collect$$libinit$$0000001B)
    __rt_lib_init_clock_1                    0x08000163   Thumb Code     0  libinit2.o(.ARM.Collect$$libinit$$00000021)
    __rt_lib_init_cpp_1                      0x08000163   Thumb Code     0  libinit2.o(.ARM.Collect$$libinit$$00000032)
    __rt_lib_init_exceptions_1               0x08000163   Thumb Code     0  libinit2.o(.ARM.Collect$$libinit$$00000030)
    __rt_lib_init_fp_1                       0x08000163   Thumb Code     0  libinit2.o(.ARM.Collect$$libinit$$00000002)
    __rt_lib_init_fp_trap_1                  0x08000163   Thumb Code     0  libinit2.o(.ARM.Collect$$libinit$$0000001F)
    __rt_lib_init_getenv_1                   0x08000163   Thumb Code     0  libinit2.o(.ARM.Collect$$libinit$$00000023)
    __rt_lib_init_heap_1                     0x08000163   Thumb Code     0  libinit2.o(.ARM.Collect$$libinit$$0000000A)
    __rt_lib_init_lc_collate_1               0x08000163   Thumb Code     0  libinit2.o(.ARM.Collect$$libinit$$00000011)
    __rt_lib_init_lc_ctype_1                 0x08000163   Thumb Code     0  libinit2.o(.ARM.Collect$$libinit$$00000013)
    __rt_lib_init_lc_monetary_1              0x08000163   Thumb Code     0  libinit2.o(.ARM.Collect$$libinit$$00000015)
    __rt_lib_init_lc_numeric_1               0x08000163   Thumb Code     0  libinit2.o(.ARM.Collect$$libinit$$00000017)
    __rt_lib_init_lc_time_1                  0x08000163   Thumb Code     0  libinit2.o(.ARM.Collect$$libinit$$00000019)
    __rt_lib_init_preinit_1                  0x08000163   Thumb Code     0  libinit2.o(.ARM.Collect$$libinit$$00000004)
    __rt_lib_init_rand_1                     0x08000163   Thumb Code     0  libinit2.o(.ARM.Collect$$libinit$$0000000E)
    __rt_lib_init_return                     0x08000163   Thumb Code     0  libinit2.o(.ARM.Collect$$libinit$$00000033)
    __rt_lib_init_signal_1                   0x08000163   Thumb Code     0  libinit2.o(.ARM.Collect$$libinit$$0000001D)
    __rt_lib_init_stdio_1                    0x08000163   Thumb Code     0  libinit2.o(.ARM.Collect$$libinit$$00000025)
    __rt_lib_init_user_alloc_1               0x08000163   Thumb Code     0  libinit2.o(.ARM.Collect$$libinit$$0000000C)
    __rt_lib_shutdown                        0x08000165   Thumb Code     0  libshutdown.o(.ARM.Collect$$libshutdown$$00000000)
    __rt_lib_shutdown_cpp_1                  0x08000167   Thumb Code     0  libshutdown2.o(.ARM.Collect$$libshutdown$$00000002)
    __rt_lib_shutdown_fp_trap_1              0x08000167   Thumb Code     0  libshutdown2.o(.ARM.Collect$$libshutdown$$00000007)
    __rt_lib_shutdown_heap_1                 0x08000167   Thumb Code     0  libshutdown2.o(.ARM.Collect$$libshutdown$$0000000F)
    __rt_lib_shutdown_return                 0x08000167   Thumb Code     0  libshutdown2.o(.ARM.Collect$$libshutdown$$00000010)
    __rt_lib_shutdown_signal_1               0x08000167   Thumb Code     0  libshutdown2.o(.ARM.Collect$$libshutdown$$0000000A)
    __rt_lib_shutdown_stdio_1                0x08000167   Thumb Code     0  libshutdown2.o(.ARM.Collect$$libshutdown$$00000004)
    __rt_lib_shutdown_user_alloc_1           0x08000167   Thumb Code     0  libshutdown2.o(.ARM.Collect$$libshutdown$$0000000C)
    __rt_entry                               0x08000169   Thumb Code     0  __rtentry.o(.ARM.Collect$$rtentry$$00000000)
    __rt_entry_presh_1                       0x08000169   Thumb Code     0  __rtentry2.o(.ARM.Collect$$rtentry$$00000002)
    __rt_entry_sh                            0x08000169   Thumb Code     0  __rtentry4.o(.ARM.Collect$$rtentry$$00000004)
    __rt_entry_postsh_1                      0x0800016f   Thumb Code     0  __rtentry2.o(.ARM.Collect$$rtentry$$00000008)
    __rt_entry_li                            0x08000177   Thumb Code     0  __rtentry2.o(.ARM.Collect$$rtentry$$0000000A)
    __rt_entry_main                          0x0800017b   Thumb Code     0  __rtentry2.o(.ARM.Collect$$rtentry$$0000000D)
    __rt_entry_postli_1                      0x0800017b   Thumb Code     0  __rtentry2.o(.ARM.Collect$$rtentry$$0000000C)
    __rt_exit                                0x08000183   Thumb Code     0  rtexit.o(.ARM.Collect$$rtexit$$00000000)
    __rt_exit_ls                             0x08000185   Thumb Code     0  rtexit2.o(.ARM.Collect$$rtexit$$00000003)
    __rt_exit_prels_1                        0x08000185   Thumb Code     0  rtexit2.o(.ARM.Collect$$rtexit$$00000002)
    __rt_exit_exit                           0x08000189   Thumb Code     0  rtexit2.o(.ARM.Collect$$rtexit$$00000004)
    Reset_Handler                            0x08000191   Thumb Code     8  startup_stm32f10x_md.o(.text)
    NMI_Handler                              0x08000199   Thumb Code     2  startup_stm32f10x_md.o(.text)
    HardFault_Handler                        0x0800019b   Thumb Code     2  startup_stm32f10x_md.o(.text)
    MemManage_Handler                        0x0800019d   Thumb Code     2  startup_stm32f10x_md.o(.text)
    BusFault_Handler                         0x0800019f   Thumb Code     2  startup_stm32f10x_md.o(.text)
    UsageFault_Handler                       0x080001a1   Thumb Code     2  startup_stm32f10x_md.o(.text)
    DebugMon_Handler                         0x080001a5   Thumb Code     2  startup_stm32f10x_md.o(.text)
    ADC1_2_IRQHandler                        0x080001ab   Thumb Code     0  startup_stm32f10x_md.o(.text)
    CAN1_RX1_IRQHandler                      0x080001ab   Thumb Code     0  startup_stm32f10x_md.o(.text)
    CAN1_SCE_IRQHandler                      0x080001ab   Thumb Code     0  startup_stm32f10x_md.o(.text)
    DMA1_Channel1_IRQHandler                 0x080001ab   Thumb Code     0  startup_stm32f10x_md.o(.text)
    DMA1_Channel2_IRQHandler                 0x080001ab   Thumb Code     0  startup_stm32f10x_md.o(.text)
    DMA1_Channel3_IRQHandler                 0x080001ab   Thumb Code     0  startup_stm32f10x_md.o(.text)
    DMA1_Channel4_IRQHandler                 0x080001ab   Thumb Code     0  startup_stm32f10x_md.o(.text)
    DMA1_Channel5_IRQHandler                 0x080001ab   Thumb Code     0  startup_stm32f10x_md.o(.text)
    DMA1_Channel6_IRQHandler                 0x080001ab   Thumb Code     0  startup_stm32f10x_md.o(.text)
    DMA1_Channel7_IRQHandler                 0x080001ab   Thumb Code     0  startup_stm32f10x_md.o(.text)
    EXTI0_IRQHandler                         0x080001ab   Thumb Code     0  startup_stm32f10x_md.o(.text)
    EXTI15_10_IRQHandler                     0x080001ab   Thumb Code     0  startup_stm32f10x_md.o(.text)
    EXTI1_IRQHandler                         0x080001ab   Thumb Code     0  startup_stm32f10x_md.o(.text)
    EXTI2_IRQHandler                         0x080001ab   Thumb Code     0  startup_stm32f10x_md.o(.text)
    EXTI3_IRQHandler                         0x080001ab   Thumb Code     0  startup_stm32f10x_md.o(.text)
    EXTI4_IRQHandler                         0x080001ab   Thumb Code     0  startup_stm32f10x_md.o(.text)
    EXTI9_5_IRQHandler                       0x080001ab   Thumb Code     0  startup_stm32f10x_md.o(.text)
    FLASH_IRQHandler                         0x080001ab   Thumb Code     0  startup_stm32f10x_md.o(.text)
    I2C1_ER_IRQHandler                       0x080001ab   Thumb Code     0  startup_stm32f10x_md.o(.text)
    I2C1_EV_IRQHandler                       0x080001ab   Thumb Code     0  startup_stm32f10x_md.o(.text)
    I2C2_ER_IRQHandler                       0x080001ab   Thumb Code     0  startup_stm32f10x_md.o(.text)
    I2C2_EV_IRQHandler                       0x080001ab   Thumb Code     0  startup_stm32f10x_md.o(.text)
    PVD_IRQHandler                           0x080001ab   Thumb Code     0  startup_stm32f10x_md.o(.text)
    RCC_IRQHandler                           0x080001ab   Thumb Code     0  startup_stm32f10x_md.o(.text)
    RTCAlarm_IRQHandler                      0x080001ab   Thumb Code     0  startup_stm32f10x_md.o(.text)
    RTC_IRQHandler                           0x080001ab   Thumb Code     0  startup_stm32f10x_md.o(.text)
    SPI1_IRQHandler                          0x080001ab   Thumb Code     0  startup_stm32f10x_md.o(.text)
    SPI2_IRQHandler                          0x080001ab   Thumb Code     0  startup_stm32f10x_md.o(.text)
    TAMPER_IRQHandler                        0x080001ab   Thumb Code     0  startup_stm32f10x_md.o(.text)
    TIM1_BRK_IRQHandler                      0x080001ab   Thumb Code     0  startup_stm32f10x_md.o(.text)
    TIM1_CC_IRQHandler                       0x080001ab   Thumb Code     0  startup_stm32f10x_md.o(.text)
    TIM1_TRG_COM_IRQHandler                  0x080001ab   Thumb Code     0  startup_stm32f10x_md.o(.text)
    TIM1_UP_IRQHandler                       0x080001ab   Thumb Code     0  startup_stm32f10x_md.o(.text)
    TIM2_IRQHandler                          0x080001ab   Thumb Code     0  startup_stm32f10x_md.o(.text)
    TIM3_IRQHandler                          0x080001ab   Thumb Code     0  startup_stm32f10x_md.o(.text)
    TIM4_IRQHandler                          0x080001ab   Thumb Code     0  startup_stm32f10x_md.o(.text)
    USART1_IRQHandler                        0x080001ab   Thumb Code     0  startup_stm32f10x_md.o(.text)
    USART2_IRQHandler                        0x080001ab   Thumb Code     0  startup_stm32f10x_md.o(.text)
    USART3_IRQHandler                        0x080001ab   Thumb Code     0  startup_stm32f10x_md.o(.text)
    USBWakeUp_IRQHandler                     0x080001ab   Thumb Code     0  startup_stm32f10x_md.o(.text)
    USB_HP_CAN1_TX_IRQHandler                0x080001ab   Thumb Code     0  startup_stm32f10x_md.o(.text)
    USB_LP_CAN1_RX0_IRQHandler               0x080001ab   Thumb Code     0  startup_stm32f10x_md.o(.text)
    WWDG_IRQHandler                          0x080001ab   Thumb Code     0  startup_stm32f10x_md.o(.text)
    __user_initial_stackheap                 0x080001ad   Thumb Code     0  startup_stm32f10x_md.o(.text)
    __aeabi_memcpy                           0x080001d1   Thumb Code     0  rt_memcpy_v6.o(.text)
    __rt_memcpy                              0x080001d1   Thumb Code   138  rt_memcpy_v6.o(.text)
    _memcpy_lastbytes                        0x08000237   Thumb Code     0  rt_memcpy_v6.o(.text)
    __aeabi_memset4                          0x0800025b   Thumb Code    16  aeabi_memset4.o(.text)
    __aeabi_memset8                          0x0800025b   Thumb Code     0  aeabi_memset4.o(.text)
    __use_two_region_memory                  0x0800026b   Thumb Code     2  heapauxi.o(.text)
    __rt_heap_escrow$2region                 0x0800026d   Thumb Code     2  heapauxi.o(.text)
    __rt_heap_expand$2region                 0x0800026f   Thumb Code     2  heapauxi.o(.text)
    __aeabi_memcpy4                          0x08000271   Thumb Code     0  rt_memcpy_w.o(.text)
    __aeabi_memcpy8                          0x08000271   Thumb Code     0  rt_memcpy_w.o(.text)
    __rt_memcpy_w                            0x08000271   Thumb Code   100  rt_memcpy_w.o(.text)
    _memcpy_lastbytes_aligned                0x080002b9   Thumb Code     0  rt_memcpy_w.o(.text)
    __aeabi_memclr4                          0x080002d5   Thumb Code     0  rt_memclr_w.o(.text)
    __aeabi_memclr8                          0x080002d5   Thumb Code     0  rt_memclr_w.o(.text)
    __rt_memclr_w                            0x080002d5   Thumb Code    78  rt_memclr_w.o(.text)
    _memset_w                                0x080002d9   Thumb Code     0  rt_memclr_w.o(.text)
    __user_setup_stackheap                   0x08000323   Thumb Code    74  sys_stackheap_outer.o(.text)
    exit                                     0x0800036d   Thumb Code    18  exit.o(.text)
    __user_libspace                          0x08000381   Thumb Code     8  libspace.o(.text)
    __user_perproc_libspace                  0x08000381   Thumb Code     0  libspace.o(.text)
    _sys_exit                                0x08000389   Thumb Code     8  sys_exit.o(.text)
    __I$use$semihosting                      0x08000395   Thumb Code     0  use_no_semi.o(.text)
    __use_no_semihosting_swi                 0x08000395   Thumb Code     2  use_no_semi.o(.text)
    __semihosting_library_function           0x08000397   Thumb Code     0  indicate_semi.o(.text)
    GPIO_Init                                0x08000399   Thumb Code   176  stm32f10x_gpio.o(.text.GPIO_Init)
    I2C_CheckEvent                           0x08000449   Thumb Code    22  stm32f10x_i2c.o(.text.I2C_CheckEvent)
    I2C_Cmd                                  0x08000461   Thumb Code    18  stm32f10x_i2c.o(.text.I2C_Cmd)
    I2C_DeInit                               0x08000475   Thumb Code    40  stm32f10x_i2c.o(.text.I2C_DeInit)
    I2C_GenerateSTART                        0x0800049d   Thumb Code    18  stm32f10x_i2c.o(.text.I2C_GenerateSTART)
    I2C_GenerateSTOP                         0x080004b1   Thumb Code    18  stm32f10x_i2c.o(.text.I2C_GenerateSTOP)
    I2C_GetFlagStatus                        0x080004c5   Thumb Code    48  stm32f10x_i2c.o(.text.I2C_GetFlagStatus)
    I2C_Init                                 0x080004f5   Thumb Code   204  stm32f10x_i2c.o(.text.I2C_Init)
    I2C_Send7bitAddress                      0x080005c1   Thumb Code    16  stm32f10x_i2c.o(.text.I2C_Send7bitAddress)
    I2C_SendData                             0x080005d1   Thumb Code     4  stm32f10x_i2c.o(.text.I2C_SendData)
    I2Cx_Init                                0x080005d5   Thumb Code   110  oled.o(.text.I2Cx_Init)
    Oled_DrawPixel                           0x08000645   Thumb Code    58  oled.o(.text.Oled_DrawPixel)
    Oled_Fill                                0x08000681   Thumb Code    28  oled.o(.text.Oled_Fill)
    Oled_GetStringSize                       0x0800069d   Thumb Code   140  oled.o(.text.Oled_GetStringSize)
    Oled_Init                                0x08000729   Thumb Code   242  oled.o(.text.Oled_Init)
    Oled_SetCursor                           0x0800081d   Thumb Code    22  oled.o(.text.Oled_SetCursor)
    Oled_UpdateScreen                        0x08000835   Thumb Code    54  oled.o(.text.Oled_UpdateScreen)
    Oled_WriteChar                           0x0800086d   Thumb Code   300  oled.o(.text.Oled_WriteChar)
    Oled_WriteCommand                        0x08000999   Thumb Code   208  oled.o(.text.Oled_WriteCommand)
    Oled_WriteData                           0x08000a69   Thumb Code   232  oled.o(.text.Oled_WriteData)
    Oled_WriteString                         0x08000b51   Thumb Code    86  oled.o(.text.Oled_WriteString)
    PendSV_Handler                           0x08000ba9   Thumb Code    68  port.o(.text.PendSV_Handler)
    RCC_APB1PeriphClockCmd                   0x08000bed   Thumb Code    24  stm32f10x_rcc.o(.text.RCC_APB1PeriphClockCmd)
    RCC_APB1PeriphResetCmd                   0x08000c05   Thumb Code    24  stm32f10x_rcc.o(.text.RCC_APB1PeriphResetCmd)
    RCC_APB2PeriphClockCmd                   0x08000c1d   Thumb Code    24  stm32f10x_rcc.o(.text.RCC_APB2PeriphClockCmd)
    RCC_GetClocksFreq                        0x08000c35   Thumb Code   160  stm32f10x_rcc.o(.text.RCC_GetClocksFreq)
    SVC_Handler                              0x08000cd5   Thumb Code    36  port.o(.text.SVC_Handler)
    SysTick_Handler                          0x08000dc1   Thumb Code    26  cmsis_os2.o(.text.SysTick_Handler)
    SystemInit                               0x08000ddd   Thumb Code    86  system_stm32f10x.o(.text.SystemInit)
    _mutex_acquire                           0x08000e35   Thumb Code    32  clib_os.o(.text._mutex_acquire)
    _mutex_free                              0x08000e55   Thumb Code    50  clib_os.o(.text._mutex_free)
    _mutex_initialize                        0x08000e89   Thumb Code    88  clib_os.o(.text._mutex_initialize)
    _mutex_release                           0x08000ee1   Thumb Code    34  clib_os.o(.text._mutex_release)
    _platform_post_stackheap_init            0x08000f05   Thumb Code     2  clib_os.o(.text._platform_post_stackheap_init)
    main                                     0x08000f15   Thumb Code    86  main.o(.text.main)
    pvPortMalloc                             0x080012b5   Thumb Code   334  heap_4.o(.text.pvPortMalloc)
    pvTaskIncrementMutexHeldCount            0x08001405   Thumb Code    24  tasks.o(.text.pvTaskIncrementMutexHeldCount)
    uxListRemove                             0x0800141d   Thumb Code    38  list.o(.text.uxListRemove)
    vApplicationStackOverflowHook            0x08001445   Thumb Code     4  cmsis_os2.o(.text.vApplicationStackOverflowHook)
    vListInitialise                          0x08001449   Thumb Code    22  list.o(.text.vListInitialise)
    vListInsert                              0x08001461   Thumb Code    58  list.o(.text.vListInsert)
    vPortEnterCritical                       0x0800149d   Thumb Code    54  port.o(.text.vPortEnterCritical)
    vPortExitCritical                        0x080014d5   Thumb Code    32  port.o(.text.vPortExitCritical)
    vPortFree                                0x080014f5   Thumb Code   126  heap_4.o(.text.vPortFree)
    vQueueDelete                             0x08001575   Thumb Code    20  queue.o(.text.vQueueDelete)
    vTaskInternalSetTimeOutState             0x08001589   Thumb Code    26  tasks.o(.text.vTaskInternalSetTimeOutState)
    vTaskMissedYield                         0x080015a5   Thumb Code    14  tasks.o(.text.vTaskMissedYield)
    vTaskPlaceOnEventList                    0x080015b5   Thumb Code    34  tasks.o(.text.vTaskPlaceOnEventList)
    vTaskPriorityDisinheritAfterTimeout      0x080015d9   Thumb Code   152  tasks.o(.text.vTaskPriorityDisinheritAfterTimeout)
    vTaskSuspendAll                          0x08001671   Thumb Code    16  tasks.o(.text.vTaskSuspendAll)
    vTaskSwitchContext                       0x08001681   Thumb Code   206  tasks.o(.text.vTaskSwitchContext)
    xPortSysTickHandler                      0x08001751   Thumb Code    46  port.o(.text.xPortSysTickHandler)
    xQueueCreateMutex                        0x08001781   Thumb Code    22  queue.o(.text.xQueueCreateMutex)
    xQueueCreateMutexStatic                  0x08001799   Thumb Code    34  queue.o(.text.xQueueCreateMutexStatic)
    xQueueGenericCreate                      0x080017bd   Thumb Code    78  queue.o(.text.xQueueGenericCreate)
    xQueueGenericCreateStatic                0x0800180d   Thumb Code    74  queue.o(.text.xQueueGenericCreateStatic)
    xQueueGenericReset                       0x08001859   Thumb Code   154  queue.o(.text.xQueueGenericReset)
    xQueueGenericSend                        0x080018f5   Thumb Code   358  queue.o(.text.xQueueGenericSend)
    xQueueSemaphoreTake                      0x08001a5d   Thumb Code   378  queue.o(.text.xQueueSemaphoreTake)
    xTaskCheckForTimeOut                     0x08001bd9   Thumb Code   138  tasks.o(.text.xTaskCheckForTimeOut)
    xTaskGetSchedulerState                   0x08001c65   Thumb Code    38  tasks.o(.text.xTaskGetSchedulerState)
    xTaskIncrementTick                       0x08001c8d   Thumb Code   412  tasks.o(.text.xTaskIncrementTick)
    xTaskPriorityDisinherit                  0x08001e29   Thumb Code   136  tasks.o(.text.xTaskPriorityDisinherit)
    xTaskPriorityInherit                     0x08001eb1   Thumb Code   166  tasks.o(.text.xTaskPriorityInherit)
    xTaskRemoveFromEventList                 0x08001f59   Thumb Code   228  tasks.o(.text.xTaskRemoveFromEventList)
    xTaskResumeAll                           0x0800203d   Thumb Code   356  tasks.o(.text.xTaskResumeAll)
    Serif_plain_10                           0x080021b4   Data          12  oled_fonts.o(.rodata.Serif_plain_10)
    Serif_plain_10Bitmaps                    0x080021c0   Data         505  oled_fonts.o(.rodata.Serif_plain_10Bitmaps)
    Serif_plain_10Glyphs                     0x080023ba   Data         752  oled_fonts.o(.rodata.Serif_plain_10Glyphs)
    Region$$Table$$Base                      0x080026b8   Number         0  anon$$obj.o(Region$$Table)
    Region$$Table$$Limit                     0x080026d8   Number         0  anon$$obj.o(Region$$Table)
    __libspace_start                         0x20000008   Data          96  libspace.o(.bss)
    IIC_OLED_TIMEOUT                         0x20000068   Data           4  oled.o(.bss.IIC_OLED_TIMEOUT)
    __temporary_stack_top$libspace           0x20000068   Data           0  libspace.o(.bss)
    pxCurrentTCB                             0x20000414   Data           4  tasks.o(.bss.pxCurrentTCB)



==============================================================================

Memory Map of the image

  Image Entry point : 0x080000ed

  Load Region LR_IROM1 (Base: 0x08000000, Size: 0x000026e0, Max: 0x00010000, ABSOLUTE)

    Execution Region ER_IROM1 (Exec base: 0x08000000, Load base: 0x08000000, Size: 0x000026d8, Max: 0x00010000, ABSOLUTE)

    Exec Addr    Load Addr    Size         Type   Attr      Idx    E Section Name        Object

    0x08000000   0x08000000   0x000000ec   Data   RO          729    RESET               startup_stm32f10x_md.o
    0x080000ec   0x080000ec   0x00000008   Code   RO         1245  * !!!main             c_w.l(__main.o)
    0x080000f4   0x080000f4   0x00000034   Code   RO         1410    !!!scatter          c_w.l(__scatter.o)
    0x08000128   0x08000128   0x0000001a   Code   RO         1412    !!handler_copy      c_w.l(__scatter_copy.o)
    0x08000142   0x08000142   0x00000002   PAD
    0x08000144   0x08000144   0x0000001c   Code   RO         1414    !!handler_zi        c_w.l(__scatter_zi.o)
    0x08000160   0x08000160   0x00000002   Code   RO         1274    .ARM.Collect$$libinit$$00000000  c_w.l(libinit.o)
    0x08000162   0x08000162   0x00000000   Code   RO         1281    .ARM.Collect$$libinit$$00000002  c_w.l(libinit2.o)
    0x08000162   0x08000162   0x00000000   Code   RO         1283    .ARM.Collect$$libinit$$00000004  c_w.l(libinit2.o)
    0x08000162   0x08000162   0x00000000   Code   RO         1286    .ARM.Collect$$libinit$$0000000A  c_w.l(libinit2.o)
    0x08000162   0x08000162   0x00000000   Code   RO         1288    .ARM.Collect$$libinit$$0000000C  c_w.l(libinit2.o)
    0x08000162   0x08000162   0x00000000   Code   RO         1290    .ARM.Collect$$libinit$$0000000E  c_w.l(libinit2.o)
    0x08000162   0x08000162   0x00000000   Code   RO         1293    .ARM.Collect$$libinit$$00000011  c_w.l(libinit2.o)
    0x08000162   0x08000162   0x00000000   Code   RO         1295    .ARM.Collect$$libinit$$00000013  c_w.l(libinit2.o)
    0x08000162   0x08000162   0x00000000   Code   RO         1297    .ARM.Collect$$libinit$$00000015  c_w.l(libinit2.o)
    0x08000162   0x08000162   0x00000000   Code   RO         1299    .ARM.Collect$$libinit$$00000017  c_w.l(libinit2.o)
    0x08000162   0x08000162   0x00000000   Code   RO         1301    .ARM.Collect$$libinit$$00000019  c_w.l(libinit2.o)
    0x08000162   0x08000162   0x00000000   Code   RO         1303    .ARM.Collect$$libinit$$0000001B  c_w.l(libinit2.o)
    0x08000162   0x08000162   0x00000000   Code   RO         1305    .ARM.Collect$$libinit$$0000001D  c_w.l(libinit2.o)
    0x08000162   0x08000162   0x00000000   Code   RO         1307    .ARM.Collect$$libinit$$0000001F  c_w.l(libinit2.o)
    0x08000162   0x08000162   0x00000000   Code   RO         1309    .ARM.Collect$$libinit$$00000021  c_w.l(libinit2.o)
    0x08000162   0x08000162   0x00000000   Code   RO         1311    .ARM.Collect$$libinit$$00000023  c_w.l(libinit2.o)
    0x08000162   0x08000162   0x00000000   Code   RO         1313    .ARM.Collect$$libinit$$00000025  c_w.l(libinit2.o)
    0x08000162   0x08000162   0x00000000   Code   RO         1317    .ARM.Collect$$libinit$$0000002C  c_w.l(libinit2.o)
    0x08000162   0x08000162   0x00000000   Code   RO         1319    .ARM.Collect$$libinit$$0000002E  c_w.l(libinit2.o)
    0x08000162   0x08000162   0x00000000   Code   RO         1321    .ARM.Collect$$libinit$$00000030  c_w.l(libinit2.o)
    0x08000162   0x08000162   0x00000000   Code   RO         1323    .ARM.Collect$$libinit$$00000032  c_w.l(libinit2.o)
    0x08000162   0x08000162   0x00000002   Code   RO         1324    .ARM.Collect$$libinit$$00000033  c_w.l(libinit2.o)
    0x08000164   0x08000164   0x00000002   Code   RO         1346    .ARM.Collect$$libshutdown$$00000000  c_w.l(libshutdown.o)
    0x08000166   0x08000166   0x00000000   Code   RO         1361    .ARM.Collect$$libshutdown$$00000002  c_w.l(libshutdown2.o)
    0x08000166   0x08000166   0x00000000   Code   RO         1363    .ARM.Collect$$libshutdown$$00000004  c_w.l(libshutdown2.o)
    0x08000166   0x08000166   0x00000000   Code   RO         1366    .ARM.Collect$$libshutdown$$00000007  c_w.l(libshutdown2.o)
    0x08000166   0x08000166   0x00000000   Code   RO         1369    .ARM.Collect$$libshutdown$$0000000A  c_w.l(libshutdown2.o)
    0x08000166   0x08000166   0x00000000   Code   RO         1371    .ARM.Collect$$libshutdown$$0000000C  c_w.l(libshutdown2.o)
    0x08000166   0x08000166   0x00000000   Code   RO         1374    .ARM.Collect$$libshutdown$$0000000F  c_w.l(libshutdown2.o)
    0x08000166   0x08000166   0x00000002   Code   RO         1375    .ARM.Collect$$libshutdown$$00000010  c_w.l(libshutdown2.o)
    0x08000168   0x08000168   0x00000000   Code   RO         1247    .ARM.Collect$$rtentry$$00000000  c_w.l(__rtentry.o)
    0x08000168   0x08000168   0x00000000   Code   RO         1253    .ARM.Collect$$rtentry$$00000002  c_w.l(__rtentry2.o)
    0x08000168   0x08000168   0x00000006   Code   RO         1265    .ARM.Collect$$rtentry$$00000004  c_w.l(__rtentry4.o)
    0x0800016e   0x0800016e   0x00000008   Code   RO         1254    .ARM.Collect$$rtentry$$00000008  c_w.l(__rtentry2.o)
    0x08000176   0x08000176   0x00000004   Code   RO         1256    .ARM.Collect$$rtentry$$0000000A  c_w.l(__rtentry2.o)
    0x0800017a   0x0800017a   0x00000000   Code   RO         1258    .ARM.Collect$$rtentry$$0000000C  c_w.l(__rtentry2.o)
    0x0800017a   0x0800017a   0x00000008   Code   RO         1259    .ARM.Collect$$rtentry$$0000000D  c_w.l(__rtentry2.o)
    0x08000182   0x08000182   0x00000002   Code   RO         1278    .ARM.Collect$$rtexit$$00000000  c_w.l(rtexit.o)
    0x08000184   0x08000184   0x00000000   Code   RO         1326    .ARM.Collect$$rtexit$$00000002  c_w.l(rtexit2.o)
    0x08000184   0x08000184   0x00000004   Code   RO         1327    .ARM.Collect$$rtexit$$00000003  c_w.l(rtexit2.o)
    0x08000188   0x08000188   0x00000006   Code   RO         1328    .ARM.Collect$$rtexit$$00000004  c_w.l(rtexit2.o)
    0x0800018e   0x0800018e   0x00000002   PAD
    0x08000190   0x08000190   0x00000040   Code   RO          730    .text               startup_stm32f10x_md.o
    0x080001d0   0x080001d0   0x0000008a   Code   RO         1237    .text               c_w.l(rt_memcpy_v6.o)
    0x0800025a   0x0800025a   0x00000010   Code   RO         1239    .text               c_w.l(aeabi_memset4.o)
    0x0800026a   0x0800026a   0x00000006   Code   RO         1243    .text               c_w.l(heapauxi.o)
    0x08000270   0x08000270   0x00000064   Code   RO         1248    .text               c_w.l(rt_memcpy_w.o)
    0x080002d4   0x080002d4   0x0000004e   Code   RO         1250    .text               c_w.l(rt_memclr_w.o)
    0x08000322   0x08000322   0x0000004a   Code   RO         1267    .text               c_w.l(sys_stackheap_outer.o)
    0x0800036c   0x0800036c   0x00000012   Code   RO         1269    .text               c_w.l(exit.o)
    0x0800037e   0x0800037e   0x00000002   PAD
    0x08000380   0x08000380   0x00000008   Code   RO         1275    .text               c_w.l(libspace.o)
    0x08000388   0x08000388   0x0000000c   Code   RO         1336    .text               c_w.l(sys_exit.o)
    0x08000394   0x08000394   0x00000002   Code   RO         1351    .text               c_w.l(use_no_semi.o)
    0x08000396   0x08000396   0x00000000   Code   RO         1353    .text               c_w.l(indicate_semi.o)
    0x08000396   0x08000396   0x00000002   PAD
    0x08000398   0x08000398   0x000000b0   Code   RO          474    .text.GPIO_Init     stm32f10x_gpio.o
    0x08000448   0x08000448   0x00000016   Code   RO          568    .text.I2C_CheckEvent  stm32f10x_i2c.o
    0x0800045e   0x0800045e   0x00000002   PAD
    0x08000460   0x08000460   0x00000012   Code   RO          520    .text.I2C_Cmd       stm32f10x_i2c.o
    0x08000472   0x08000472   0x00000002   PAD
    0x08000474   0x08000474   0x00000028   Code   RO          514    .text.I2C_DeInit    stm32f10x_i2c.o
    0x0800049c   0x0800049c   0x00000012   Code   RO          526    .text.I2C_GenerateSTART  stm32f10x_i2c.o
    0x080004ae   0x080004ae   0x00000002   PAD
    0x080004b0   0x080004b0   0x00000012   Code   RO          528    .text.I2C_GenerateSTOP  stm32f10x_i2c.o
    0x080004c2   0x080004c2   0x00000002   PAD
    0x080004c4   0x080004c4   0x00000030   Code   RO          572    .text.I2C_GetFlagStatus  stm32f10x_i2c.o
    0x080004f4   0x080004f4   0x000000cc   Code   RO          516    .text.I2C_Init      stm32f10x_i2c.o
    0x080005c0   0x080005c0   0x00000010   Code   RO          544    .text.I2C_Send7bitAddress  stm32f10x_i2c.o
    0x080005d0   0x080005d0   0x00000004   Code   RO          540    .text.I2C_SendData  stm32f10x_i2c.o
    0x080005d4   0x080005d4   0x0000006e   Code   RO           13    .text.I2Cx_Init     oled.o
    0x08000642   0x08000642   0x00000002   PAD
    0x08000644   0x08000644   0x0000003a   Code   RO           25    .text.Oled_DrawPixel  oled.o
    0x0800067e   0x0800067e   0x00000002   PAD
    0x08000680   0x08000680   0x0000001c   Code   RO           21    .text.Oled_Fill     oled.o
    0x0800069c   0x0800069c   0x0000008c   Code   RO           27    .text.Oled_GetStringSize  oled.o
    0x08000728   0x08000728   0x000000f2   Code   RO           19    .text.Oled_Init     oled.o
    0x0800081a   0x0800081a   0x00000002   PAD
    0x0800081c   0x0800081c   0x00000016   Code   RO           35    .text.Oled_SetCursor  oled.o
    0x08000832   0x08000832   0x00000002   PAD
    0x08000834   0x08000834   0x00000036   Code   RO           23    .text.Oled_UpdateScreen  oled.o
    0x0800086a   0x0800086a   0x00000002   PAD
    0x0800086c   0x0800086c   0x0000012c   Code   RO           29    .text.Oled_WriteChar  oled.o
    0x08000998   0x08000998   0x000000d0   Code   RO           15    .text.Oled_WriteCommand  oled.o
    0x08000a68   0x08000a68   0x000000e8   Code   RO           17    .text.Oled_WriteData  oled.o
    0x08000b50   0x08000b50   0x00000056   Code   RO           31    .text.Oled_WriteString  oled.o
    0x08000ba6   0x08000ba6   0x00000002   PAD
    0x08000ba8   0x08000ba8   0x00000044   Code   RO          822    .text.PendSV_Handler  port.o
    0x08000bec   0x08000bec   0x00000018   Code   RO          634    .text.RCC_APB1PeriphClockCmd  stm32f10x_rcc.o
    0x08000c04   0x08000c04   0x00000018   Code   RO          638    .text.RCC_APB1PeriphResetCmd  stm32f10x_rcc.o
    0x08000c1c   0x08000c1c   0x00000018   Code   RO          632    .text.RCC_APB2PeriphClockCmd  stm32f10x_rcc.o
    0x08000c34   0x08000c34   0x000000a0   Code   RO          628    .text.RCC_GetClocksFreq  stm32f10x_rcc.o
    0x08000cd4   0x08000cd4   0x00000024   Code   RO          818    .text.SVC_Handler   port.o
    0x08000cf8   0x08000cf8   0x00000008   Code   RO          739    .text.SetSysClock   system_stm32f10x.o
    0x08000d00   0x08000d00   0x000000be   Code   RO          743    .text.SetSysClockTo72  system_stm32f10x.o
    0x08000dbe   0x08000dbe   0x00000002   PAD
    0x08000dc0   0x08000dc0   0x0000001a   Code   RO           91    .text.SysTick_Handler  cmsis_os2.o
    0x08000dda   0x08000dda   0x00000002   PAD
    0x08000ddc   0x08000ddc   0x00000056   Code   RO          737    .text.SystemInit    system_stm32f10x.o
    0x08000e32   0x08000e32   0x00000002   PAD
    0x08000e34   0x08000e34   0x00000020   Code   RO           71    .text._mutex_acquire  clib_os.o
    0x08000e54   0x08000e54   0x00000032   Code   RO           77    .text._mutex_free   clib_os.o
    0x08000e86   0x08000e86   0x00000002   PAD
    0x08000e88   0x08000e88   0x00000058   Code   RO           69    .text._mutex_initialize  clib_os.o
    0x08000ee0   0x08000ee0   0x00000022   Code   RO           75    .text._mutex_release  clib_os.o
    0x08000f02   0x08000f02   0x00000002   PAD
    0x08000f04   0x08000f04   0x00000002   Code   RO           63    .text._platform_post_stackheap_init  clib_os.o
    0x08000f06   0x08000f06   0x00000002   PAD
    0x08000f08   0x08000f08   0x0000000c   Code   RO           73    .text.is_thread_mode  clib_os.o
    0x08000f14   0x08000f14   0x00000056   Code   RO            2    .text.main          main.o
    0x08000f6a   0x08000f6a   0x00000002   PAD
    0x08000f6c   0x08000f6c   0x00000010   Code   RO           67    .text.os_kernel_is_active  clib_os.o
    0x08000f7c   0x08000f7c   0x000000b2   Code   RO          994    .text.prvAddCurrentTaskToDelayedList  tasks.o
    0x0800102e   0x0800102e   0x00000002   PAD
    0x08001030   0x08001030   0x0000007a   Code   RO          918    .text.prvCopyDataToQueue  queue.o
    0x080010aa   0x080010aa   0x00000002   PAD
    0x080010ac   0x080010ac   0x00000012   Code   RO          934    .text.prvGetHighestPriorityOfWaitToReceiveList  queue.o
    0x080010be   0x080010be   0x00000002   PAD
    0x080010c0   0x080010c0   0x0000006a   Code   RO          851    .text.prvHeapInit   heap_4.o
    0x0800112a   0x0800112a   0x00000002   PAD
    0x0800112c   0x0800112c   0x00000020   Code   RO          898    .text.prvInitialiseMutex  queue.o
    0x0800114c   0x0800114c   0x00000020   Code   RO          890    .text.prvInitialiseNewQueue  queue.o
    0x0800116c   0x0800116c   0x00000078   Code   RO          855    .text.prvInsertBlockIntoFreeList  heap_4.o
    0x080011e4   0x080011e4   0x00000018   Code   RO          932    .text.prvIsQueueEmpty  queue.o
    0x080011fc   0x080011fc   0x0000001c   Code   RO          920    .text.prvIsQueueFull  queue.o
    0x08001218   0x08001218   0x00000026   Code   RO          986    .text.prvResetNextTaskUnblockTime  tasks.o
    0x0800123e   0x0800123e   0x00000002   PAD
    0x08001240   0x08001240   0x00000072   Code   RO          922    .text.prvUnlockQueue  queue.o
    0x080012b2   0x080012b2   0x00000002   PAD
    0x080012b4   0x080012b4   0x0000014e   Code   RO          849    .text.pvPortMalloc  heap_4.o
    0x08001402   0x08001402   0x00000002   PAD
    0x08001404   0x08001404   0x00000018   Code   RO         1092    .text.pvTaskIncrementMutexHeldCount  tasks.o
    0x0800141c   0x0800141c   0x00000026   Code   RO          804    .text.uxListRemove  list.o
    0x08001442   0x08001442   0x00000002   PAD
    0x08001444   0x08001444   0x00000004   Code   RO          245    .text.vApplicationStackOverflowHook  cmsis_os2.o
    0x08001448   0x08001448   0x00000016   Code   RO          796    .text.vListInitialise  list.o
    0x0800145e   0x0800145e   0x00000002   PAD
    0x08001460   0x08001460   0x0000003a   Code   RO          802    .text.vListInsert   list.o
    0x0800149a   0x0800149a   0x00000002   PAD
    0x0800149c   0x0800149c   0x00000036   Code   RO          830    .text.vPortEnterCritical  port.o
    0x080014d2   0x080014d2   0x00000002   PAD
    0x080014d4   0x080014d4   0x00000020   Code   RO          832    .text.vPortExitCritical  port.o
    0x080014f4   0x080014f4   0x0000007e   Code   RO          853    .text.vPortFree     heap_4.o
    0x08001572   0x08001572   0x00000002   PAD
    0x08001574   0x08001574   0x00000014   Code   RO          948    .text.vQueueDelete  queue.o
    0x08001588   0x08001588   0x0000001a   Code   RO         1062    .text.vTaskInternalSetTimeOutState  tasks.o
    0x080015a2   0x080015a2   0x00000002   PAD
    0x080015a4   0x080015a4   0x0000000e   Code   RO         1066    .text.vTaskMissedYield  tasks.o
    0x080015b2   0x080015b2   0x00000002   PAD
    0x080015b4   0x080015b4   0x00000022   Code   RO         1050    .text.vTaskPlaceOnEventList  tasks.o
    0x080015d6   0x080015d6   0x00000002   PAD
    0x080015d8   0x080015d8   0x00000098   Code   RO         1088    .text.vTaskPriorityDisinheritAfterTimeout  tasks.o
    0x08001670   0x08001670   0x00000010   Code   RO          992    .text.vTaskSuspendAll  tasks.o
    0x08001680   0x08001680   0x000000ce   Code   RO         1014    .text.vTaskSwitchContext  tasks.o
    0x0800174e   0x0800174e   0x00000002   PAD
    0x08001750   0x08001750   0x0000002e   Code   RO          834    .text.xPortSysTickHandler  port.o
    0x0800177e   0x0800177e   0x00000002   PAD
    0x08001780   0x08001780   0x00000016   Code   RO          896    .text.xQueueCreateMutex  queue.o
    0x08001796   0x08001796   0x00000002   PAD
    0x08001798   0x08001798   0x00000022   Code   RO          900    .text.xQueueCreateMutexStatic  queue.o
    0x080017ba   0x080017ba   0x00000002   PAD
    0x080017bc   0x080017bc   0x0000004e   Code   RO          894    .text.xQueueGenericCreate  queue.o
    0x0800180a   0x0800180a   0x00000002   PAD
    0x0800180c   0x0800180c   0x0000004a   Code   RO          888    .text.xQueueGenericCreateStatic  queue.o
    0x08001856   0x08001856   0x00000002   PAD
    0x08001858   0x08001858   0x0000009a   Code   RO          886    .text.xQueueGenericReset  queue.o
    0x080018f2   0x080018f2   0x00000002   PAD
    0x080018f4   0x080018f4   0x00000166   Code   RO          908    .text.xQueueGenericSend  queue.o
    0x08001a5a   0x08001a5a   0x00000002   PAD
    0x08001a5c   0x08001a5c   0x0000017a   Code   RO          912    .text.xQueueSemaphoreTake  queue.o
    0x08001bd6   0x08001bd6   0x00000002   PAD
    0x08001bd8   0x08001bd8   0x0000008a   Code   RO         1064    .text.xTaskCheckForTimeOut  tasks.o
    0x08001c62   0x08001c62   0x00000002   PAD
    0x08001c64   0x08001c64   0x00000026   Code   RO         1082    .text.xTaskGetSchedulerState  tasks.o
    0x08001c8a   0x08001c8a   0x00000002   PAD
    0x08001c8c   0x08001c8c   0x0000019c   Code   RO         1030    .text.xTaskIncrementTick  tasks.o
    0x08001e28   0x08001e28   0x00000088   Code   RO         1086    .text.xTaskPriorityDisinherit  tasks.o
    0x08001eb0   0x08001eb0   0x000000a6   Code   RO         1084    .text.xTaskPriorityInherit  tasks.o
    0x08001f56   0x08001f56   0x00000002   PAD
    0x08001f58   0x08001f58   0x000000e4   Code   RO         1056    .text.xTaskRemoveFromEventList  tasks.o
    0x0800203c   0x0800203c   0x00000164   Code   RO          996    .text.xTaskResumeAll  tasks.o
    0x080021a0   0x080021a0   0x00000004   Data   RO          653    .rodata.ADCPrescTable  stm32f10x_rcc.o
    0x080021a4   0x080021a4   0x00000010   Data   RO          652    .rodata.APBAHBPrescTable  stm32f10x_rcc.o
    0x080021b4   0x080021b4   0x0000000c   Data   RO           57    .rodata.Serif_plain_10  oled_fonts.o
    0x080021c0   0x080021c0   0x000001f9   Data   RO           55    .rodata.Serif_plain_10Bitmaps  oled_fonts.o
    0x080023b9   0x080023b9   0x00000001   PAD
    0x080023ba   0x080023ba   0x000002f0   Data   RO           56    .rodata.Serif_plain_10Glyphs  oled_fonts.o
    0x080026aa   0x080026aa   0x0000000e   Data   RO            4    .rodata.str1.1      main.o
    0x080026b8   0x080026b8   0x00000020   Data   RO         1409    Region$$Table       anon$$obj.o


    Execution Region RW_IRAM1 (Exec base: 0x20000000, Load base: 0x080026d8, Size: 0x00002ee8, Max: 0x00005000, ABSOLUTE)

    Exec Addr    Load Addr    Size         Type   Attr      Idx    E Section Name        Object

    0x20000000   0x080026d8   0x00000004   Data   RW          840    .data.uxCriticalNesting  port.o
    0x20000004   0x080026dc   0x00000004   PAD
    0x20000008        -       0x00000060   Zero   RW         1276    .bss                c_w.l(libspace.o)
    0x20000068        -       0x00000004   Zero   RW           43    .bss.IIC_OLED_TIMEOUT  oled.o
    0x2000006c        -       0x00000002   Zero   RW           45    .bss.Oled.0         oled.o
    0x2000006e        -       0x00000002   Zero   RW           46    .bss.Oled.1         oled.o
    0x20000070        -       0x00000190   Zero   RW           82    .bss.clib_mutex_cb  clib_os.o
    0x20000200        -       0x00000014   Zero   RW           81    .bss.clib_mutex_id  clib_os.o
    0x20000214        -       0x00000200   Zero   RW           44    .bss.oled_buffer    oled.o
    0x20000414        -       0x00000004   Zero   RW         1120    .bss.pxCurrentTCB   tasks.o
    0x20000418        -       0x00000004   Zero   RW         1128    .bss.pxDelayedTaskList  tasks.o
    0x2000041c        -       0x00000004   Zero   RW          871    .bss.pxEnd          heap_4.o
    0x20000420        -       0x00000004   Zero   RW         1129    .bss.pxOverflowDelayedTaskList  tasks.o
    0x20000424        -       0x00000460   Zero   RW         1132    .bss.pxReadyTasksLists  tasks.o
    0x20000884        -       0x00002000   Zero   RW          874    .bss.ucHeap         heap_4.o
    0x20002884        -       0x00000004   Zero   RW         1125    .bss.uxCurrentNumberOfTasks  tasks.o
    0x20002888        -       0x00000004   Zero   RW         1126    .bss.uxSchedulerSuspended  tasks.o
    0x2000288c        -       0x00000004   Zero   RW         1133    .bss.uxTopReadyPriority  tasks.o
    0x20002890        -       0x00000004   Zero   RW          872    .bss.xFreeBytesRemaining  heap_4.o
    0x20002894        -       0x00000004   Zero   RW          875    .bss.xMinimumEverFreeBytesRemaining  heap_4.o
    0x20002898        -       0x00000004   Zero   RW         1135    .bss.xNextTaskUnblockTime  tasks.o
    0x2000289c        -       0x00000004   Zero   RW         1138    .bss.xNumOfOverflows  tasks.o
    0x200028a0        -       0x00000004   Zero   RW          876    .bss.xNumberOfSuccessfulAllocations  heap_4.o
    0x200028a4        -       0x00000004   Zero   RW          877    .bss.xNumberOfSuccessfulFrees  heap_4.o
    0x200028a8        -       0x00000004   Zero   RW         1137    .bss.xPendedTicks   tasks.o
    0x200028ac        -       0x00000014   Zero   RW         1130    .bss.xPendingReadyList  tasks.o
    0x200028c0        -       0x00000004   Zero   RW         1122    .bss.xSchedulerRunning  tasks.o
    0x200028c4        -       0x00000008   Zero   RW          873    .bss.xStart         heap_4.o
    0x200028cc        -       0x00000014   Zero   RW         1131    .bss.xSuspendedTaskList  tasks.o
    0x200028e0        -       0x00000004   Zero   RW         1127    .bss.xTickCount     tasks.o
    0x200028e4        -       0x00000004   Zero   RW         1134    .bss.xYieldPendings  tasks.o
    0x200028e8        -       0x00000200   Zero   RW          728    HEAP                startup_stm32f10x_md.o
    0x20002ae8        -       0x00000400   Zero   RW          727    STACK               startup_stm32f10x_md.o


==============================================================================

Image component sizes


      Code (inc. data)   RO Data    RW Data    ZI Data      Debug   Object Name

       234          0          0          0        420       3860   clib_os.o
        30          0          0          0          0      38116   cmsis_os2.o
       686          0          0          0       8220       5294   heap_4.o
       118          0          0          0          0       2214   list.o
        86          0         14          0          0        799   main.o
      1480          0          0          0        520       9046   oled.o
         0          0       1269          0          0       1017   oled_fonts.o
       236          8          0          4          0       3755   port.o
      1488          0          0          0          0      20310   queue.o
        64         26        236          0       1536        836   startup_stm32f10x_md.o
       176          0          0          0          0       5835   stm32f10x_gpio.o
       388          0          0          0          0       8383   stm32f10x_i2c.o
       232          0         20          0          0       7651   stm32f10x_rcc.o
       284          0          0          0          0       2892   system_stm32f10x.o
      2162          0          0          0       1208      36051   tasks.o

    ----------------------------------------------------------------------
      7752         34       1572          4      11908     146059   Object Totals
         0          0         32          0          0          0   (incl. Generated)
        88          0          1          0          4          0   (incl. Padding)

    ----------------------------------------------------------------------

      Code (inc. data)   RO Data    RW Data    ZI Data      Debug   Library Member Name

         8          0          0          0          0         68   __main.o
         0          0          0          0          0          0   __rtentry.o
        20          0          0          0          0          0   __rtentry2.o
         6          0          0          0          0          0   __rtentry4.o
        52          8          0          0          0          0   __scatter.o
        26          0          0          0          0          0   __scatter_copy.o
        28          0          0          0          0          0   __scatter_zi.o
        16          0          0          0          0         68   aeabi_memset4.o
        18          0          0          0          0         80   exit.o
         6          0          0          0          0        152   heapauxi.o
         0          0          0          0          0          0   indicate_semi.o
         2          0          0          0          0          0   libinit.o
         2          0          0          0          0          0   libinit2.o
         2          0          0          0          0          0   libshutdown.o
         2          0          0          0          0          0   libshutdown2.o
         8          4          0          0         96         68   libspace.o
        78          0          0          0          0         80   rt_memclr_w.o
       138          0          0          0          0         68   rt_memcpy_v6.o
       100          0          0          0          0         80   rt_memcpy_w.o
         2          0          0          0          0          0   rtexit.o
        10          0          0          0          0          0   rtexit2.o
        12          4          0          0          0         68   sys_exit.o
        74          0          0          0          0         80   sys_stackheap_outer.o
         2          0          0          0          0         68   use_no_semi.o

    ----------------------------------------------------------------------
       620         16          0          0         96        880   Library Totals
         8          0          0          0          0          0   (incl. Padding)

    ----------------------------------------------------------------------

      Code (inc. data)   RO Data    RW Data    ZI Data      Debug   Library Name

       612         16          0          0         96        880   c_w.l

    ----------------------------------------------------------------------
       620         16          0          0         96        880   Library Totals

    ----------------------------------------------------------------------

==============================================================================


      Code (inc. data)   RO Data    RW Data    ZI Data      Debug   

      8372         50       1572          4      12004     146431   Grand Totals
      8372         50       1572          4      12004     146431   ELF Image Totals
      8372         50       1572          4          0          0   ROM Totals

==============================================================================

    Total RO  Size (Code + RO Data)                 9944 (   9.71kB)
    Total RW  Size (RW Data + ZI Data)             12008 (  11.73kB)
    Total ROM Size (Code + RO Data + RW Data)       9948 (   9.71kB)

==============================================================================

